{
  "status": "completed_matched_state_language_diagnostic",
  "observed_utc": "2026-09-06T16:58:37.874242+00:00",
  "collection_spec_sha256": "2d6f2e89cc5aef32d7f3b12931ce7f699aaf35fae6980fad74dee59411249399",
  "analysis_plan_sha256": "c2fd97c308f03fa05a545cf7fb4433d0217ce93579b2886b9ba30cc5988d1eff",
  "analyzer_sha256": "5c856a4ffb84333706417d3efd6b3578d429bdfa5677fbb76df8937b95310e7a",
  "head_sha256": "0f2303ae1f9c12b4a25e6e6531b1fe39fa79578938aa9bc8c517e10bec06b629",
  "receipt_sha256": {
    "original": "d22742eef94c30c02d340218c97c67d2fd659bb4b62222b4878472ba826ac1d0",
    "category": "57b14707c6ca67ed6773274a5eed9a605bcec047f1c7a50df2002d6145372655"
  },
  "summaries": {
    "original": {
      "unadapted_same_state": {
        "events": 654,
        "valid_GT_events": 572,
        "mean_event_iou": 0.7121833628610833,
        "correct_events": 457,
        "low_events": 107,
        "peak_changes": 48,
        "write_eligible": 301,
        "write_eligibility_flips": 125,
        "same_peak_write_flips": 125,
        "fixed_reference_peak_write_flips": 125,
        "current_correct_to_severe_low": 0,
        "current_severe_low_to_correct": 0,
        "mean_fixed_peak_iou": 0.7119241961226594
      },
      "original": {
        "events": 654,
        "valid_GT_events": 572,
        "mean_event_iou": 0.7115990943878969,
        "correct_events": 457,
        "low_events": 107,
        "peak_changes": 0,
        "write_eligible": 178,
        "write_eligibility_flips": 0,
        "same_peak_write_flips": 0,
        "fixed_reference_peak_write_flips": 0,
        "current_correct_to_severe_low": 0,
        "current_severe_low_to_correct": 0,
        "mean_fixed_peak_iou": 0.7115990943878969
      },
      "empty": {
        "events": 654,
        "valid_GT_events": 572,
        "mean_event_iou": 0.7131382613609181,
        "correct_events": 457,
        "low_events": 107,
        "peak_changes": 15,
        "write_eligible": 259,
        "write_eligibility_flips": 81,
        "same_peak_write_flips": 81,
        "fixed_reference_peak_write_flips": 81,
        "current_correct_to_severe_low": 0,
        "current_severe_low_to_correct": 0,
        "mean_fixed_peak_iou": 0.7129729466722031
      },
      "category": {
        "events": 654,
        "valid_GT_events": 572,
        "mean_event_iou": 0.7123609165270741,
        "correct_events": 457,
        "low_events": 107,
        "peak_changes": 10,
        "write_eligible": 189,
        "write_eligibility_flips": 11,
        "same_peak_write_flips": 11,
        "fixed_reference_peak_write_flips": 11,
        "current_correct_to_severe_low": 0,
        "current_severe_low_to_correct": 0,
        "mean_fixed_peak_iou": 0.7121848459053339
      },
      "swapped_category": {
        "events": 654,
        "valid_GT_events": 572,
        "mean_event_iou": 0.7113955403374029,
        "correct_events": 457,
        "low_events": 107,
        "peak_changes": 21,
        "write_eligible": 230,
        "write_eligibility_flips": 88,
        "same_peak_write_flips": 88,
        "fixed_reference_peak_write_flips": 88,
        "current_correct_to_severe_low": 0,
        "current_severe_low_to_correct": 0,
        "mean_fixed_peak_iou": 0.7115773850491894
      }
    },
    "category": {
      "unadapted_same_state": {
        "events": 654,
        "valid_GT_events": 572,
        "mean_event_iou": 0.7555926220627118,
        "correct_events": 486,
        "low_events": 78,
        "peak_changes": 51,
        "write_eligible": 297,
        "write_eligibility_flips": 108,
        "same_peak_write_flips": 108,
        "fixed_reference_peak_write_flips": 108,
        "current_correct_to_severe_low": 0,
        "current_severe_low_to_correct": 0,
        "mean_fixed_peak_iou": 0.7547745893628083
      },
      "original": {
        "events": 654,
        "valid_GT_events": 572,
        "mean_event_iou": 0.754332155507765,
        "correct_events": 484,
        "low_events": 79,
        "peak_changes": 14,
        "write_eligible": 185,
        "write_eligibility_flips": 12,
        "same_peak_write_flips": 12,
        "fixed_reference_peak_write_flips": 12,
        "current_correct_to_severe_low": 0,
        "current_severe_low_to_correct": 0,
        "mean_fixed_peak_iou": 0.7549149476701624
      },
      "empty": {
        "events": 654,
        "valid_GT_events": 572,
        "mean_event_iou": 0.7566851058414769,
        "correct_events": 484,
        "low_events": 79,
        "peak_changes": 5,
        "write_eligible": 255,
        "write_eligibility_flips": 58,
        "same_peak_write_flips": 58,
        "fixed_reference_peak_write_flips": 58,
        "current_correct_to_severe_low": 0,
        "current_severe_low_to_correct": 0,
        "mean_fixed_peak_iou": 0.7566680884536577
      },
      "category": {
        "events": 654,
        "valid_GT_events": 572,
        "mean_event_iou": 0.7554092606116855,
        "correct_events": 484,
        "low_events": 79,
        "peak_changes": 0,
        "write_eligible": 197,
        "write_eligibility_flips": 0,
        "same_peak_write_flips": 0,
        "fixed_reference_peak_write_flips": 0,
        "current_correct_to_severe_low": 0,
        "current_severe_low_to_correct": 0,
        "mean_fixed_peak_iou": 0.7554092606116855
      },
      "swapped_category": {
        "events": 654,
        "valid_GT_events": 572,
        "mean_event_iou": 0.7543692298592746,
        "correct_events": 484,
        "low_events": 79,
        "peak_changes": 16,
        "write_eligible": 229,
        "write_eligibility_flips": 80,
        "same_peak_write_flips": 80,
        "fixed_reference_peak_write_flips": 80,
        "current_correct_to_severe_low": 0,
        "current_severe_low_to_correct": 0,
        "mean_fixed_peak_iou": 0.7548432512301249
      }
    }
  },
  "score_only_monotonic_transforms": {
    "original": {
      "0.5": {
        "original_writes": 178,
        "transformed_write_eligible": 390,
        "eligibility_flips": 212,
        "boxes_and_RoI_features_changed": false,
        "actual_updates_changed": false
      },
      "2.0": {
        "original_writes": 178,
        "transformed_write_eligible": 75,
        "eligibility_flips": 103,
        "boxes_and_RoI_features_changed": false,
        "actual_updates_changed": false
      }
    },
    "category": {
      "0.5": {
        "original_writes": 197,
        "transformed_write_eligible": 387,
        "eligibility_flips": 190,
        "boxes_and_RoI_features_changed": false,
        "actual_updates_changed": false
      },
      "2.0": {
        "original_writes": 197,
        "transformed_write_eligible": 91,
        "eligibility_flips": 106,
        "boxes_and_RoI_features_changed": false,
        "actual_updates_changed": false
      }
    }
  },
  "events_per_reference": 654,
  "references": [
    "original",
    "category"
  ],
  "public_evaluation_allowed": false,
  "independent_review_pass": false,
  "scope": "Current-event continuous IoU under a fixed replayed reference state. All diagnostic outputs remain uncommitted. Update eligibility is not future template utility or a new deployed controller. No full public metrics."
}
