WARNING: You are using tensorboardX instead sis you have a too old pytorch version.
{"sequence": "bag05_indoor", "frames": 889, "events": 17, "max_bbox_error": 0.0, "max_score_error": 0.0, "actual_template_writes": 4, "event_sha256": "3286abfe1d1b4406e4d7db7ec8805bd06025a84cb6fd0aca46d2378bb520047f", "maps_sha256": "ccd45d17301436eab105d7928d415d40967bfe5e8008505117abc0f1464e6230"}
{"sequence": "ball07_indoor", "frames": 2519, "events": 50, "max_bbox_error": 0.0, "max_score_error": 0.0, "actual_template_writes": 29, "event_sha256": "a83c8f5d35d41d9958a5ca375d2cb1b2c76e7658dcc3c693264cf8f14a44d222", "maps_sha256": "6df5b04e8934ed1eb1f29b3719adaca7eed0c12f6eda533a50f0732181ee5fe1"}
{"sequence": "ball19_indoor", "frames": 1381, "events": 27, "max_bbox_error": 0.0, "max_score_error": 0.0, "actual_template_writes": 9, "event_sha256": "fe55f0f3c5be5920605cc9e18f13c6290f8401c176353584eab92b578fb5793f", "maps_sha256": "a7379ab1fc20ac213fd3570c2136d7eadb927f86f4a556d3cd80e7c2a6cbdad8"}
{"sequence": "beautifullight01_indoor", "frames": 1270, "events": 25, "max_bbox_error": 0.0, "max_score_error": 0.0, "actual_template_writes": 3, "event_sha256": "8ac3642c0bf435cb825ecfe1d3c6e2f404ef89a554bc898acb53b81c519042f7", "maps_sha256": "39182f439fb7d99d5b004339277f51da9bd8f92e592aff3e64637a40c1d3e898"}
{"sequence": "book06_indoor", "frames": 1991, "events": 39, "max_bbox_error": 0.0, "max_score_error": 0.0, "actual_template_writes": 0, "event_sha256": "e301bebf94c1a400a93a1cb5396015b0b7c1027f55d15888a12029bbbe5dbe1a", "maps_sha256": "8499f5c88cb5d2abd2ae40136321b622036bfe7162f6136db4bf45cddf6c6c75"}
{"sequence": "car01_indoor", "frames": 1542, "events": 30, "max_bbox_error": 0.0, "max_score_error": 0.0, "actual_template_writes": 18, "event_sha256": "7c81b2560d70250229f526d87ee45c00178d071c649a1cabd428dd4e50362e68", "maps_sha256": "28d5b9dac53a78895c4a74effb326dabaca77c546e608ae6393a67c66f907786"}
{"sequence": "car02_indoor", "frames": 753, "events": 15, "max_bbox_error": 0.0, "max_score_error": 0.0, "actual_template_writes": 8, "event_sha256": "c022416ed97a3772eda3f128e90c5e56f608ed96520e39f78b30c0072a1cecf1", "maps_sha256": "165512be42305e55232e9986e424a4e4604aff390617cb3d3357d383fbd75f11"}
{"sequence": "colacan01_indoor", "frames": 3056, "events": 61, "max_bbox_error": 0.0, "max_score_error": 0.0, "actual_template_writes": 1, "event_sha256": "a2c1e54598a59caeff802a25ec5c6c43914bc3b6dbeb9c91c58b1e0ed78d2aa8", "maps_sha256": "f6e7353028599f1d62f4d6cc4fdc4af1e570883a6fa499dab3145fcd465eadda"}
{"sequence": "colacan04_indoor", "frames": 1001, "events": 20, "max_bbox_error": 0.0, "max_score_error": 0.0, "actual_template_writes": 1, "event_sha256": "1f03883eb1ce4d19d690e2a8a81e5d2bf37d2f06ab17ed9e84fa4fbf8f969811", "maps_sha256": "d4f7232e0c188bfc5dbdca5d70e0d7cc72672af5f992a5a3e269ce1d89c97852"}
{"sequence": "container01_indoor", "frames": 761, "events": 15, "max_bbox_error": 0.0, "max_score_error": 0.0, "actual_template_writes": 12, "event_sha256": "581df1beb22f07cd0c93b4beae4cdf3a0a08d5a0d2bd05d50c0f13ed30b6325f", "maps_sha256": "9ed012b808230c7f2e40dc5fcfe9309292456c211831ddda2b7b2f184983d163"}
{"sequence": "cup08_indoor", "frames": 1451, "events": 29, "max_bbox_error": 0.0, "max_score_error": 0.0, "actual_template_writes": 0, "event_sha256": "bc32821046b1ca1e88c843c7f023bef3ebd7a008aef284406c6c54bddc3a7a31", "maps_sha256": "918b6eb6e72a0d6481dd82e0233e7a0c3e113b1d5323bb0c6cc8b0cb9717627d"}
{"sequence": "cup10_indoor", "frames": 2196, "events": 43, "max_bbox_error": 0.0, "max_score_error": 0.0, "actual_template_writes": 17, "event_sha256": "b4fef0b6d709fe9b7056bf4113e66c2a3e1315fa0ead89ba2fd81375f1d9ce6b", "maps_sha256": "49a632589d236acb7b4e6398640dab8b8810c312d9cf3e5f7ddc48de66929a22"}
{"sequence": "cup13_indoor", "frames": 1762, "events": 35, "max_bbox_error": 0.0, "max_score_error": 0.0, "actual_template_writes": 3, "event_sha256": "fa29cc1a53f79715e05b32158a70ee7d230b2c5f18962a66da155010e3373d03", "maps_sha256": "de10f7bfa4ba53ce78c548a69686c204eae444f7c1aabd0f0b702c09838ba826"}
{"sequence": "egg_indoor", "frames": 3552, "events": 71, "max_bbox_error": 0.0, "max_score_error": 0.0, "actual_template_writes": 15, "event_sha256": "38368edf2e4410a6884307a50dbf8515b5f365cc89b916b9c5643f2cf872b25c", "maps_sha256": "d5682de257d5f3e6791f7140860e957d8f3c8e87d67a7cfb54c5d911a18577f7"}
{"sequence": "flower02_wild", "frames": 656, "events": 13, "max_bbox_error": 0.0, "max_score_error": 0.0, "actual_template_writes": 0, "event_sha256": "13d4fceac28f5b584988657581039a553ef7d146f62a13e695004ee9ca4ccd42", "maps_sha256": "4da39e8d31bbb7aec422bdd6da66d4e66ccbfc6b8b2d6c2303eb54f0216112ee"}
{"sequence": "flower03_indoor", "frames": 744, "events": 14, "max_bbox_error": 0.0, "max_score_error": 0.0, "actual_template_writes": 0, "event_sha256": "e137031674ac4b35cca6542f2a8e514a1afb756b367d4c7f9d667052a0092fc2", "maps_sha256": "88dacb189e19b8608c3b773818df345bcc70a412ee946db56be308afebd8b1b9"}
{"sequence": "flowerbasket_indoor", "frames": 1001, "events": 20, "max_bbox_error": 0.0, "max_score_error": 0.0, "actual_template_writes": 7, "event_sha256": "69c4a79c551e54c6d0a5b3702a97a627f719f85e193063e3efb6920b46b306a0", "maps_sha256": "ce39de3fecfaa28e4190d3e8bf5da107fcd820d6ec62dc7d489f773c4db606d9"}
{"sequence": "ghostmask_indoor", "frames": 1165, "events": 23, "max_bbox_error": 0.0, "max_score_error": 0.0, "actual_template_writes": 11, "event_sha256": "d01eb65ec9c0dd666651e7f0552e91910cfdff4f925a9a0357117aea7ae5571d", "maps_sha256": "ea2085aebf27241b57ff5d3527e2b18b7ee8b441da98fe96619dc0f533763711"}
{"sequence": "glass03_indoor", "frames": 675, "events": 13, "max_bbox_error": 0.0, "max_score_error": 0.0, "actual_template_writes": 6, "event_sha256": "a00cf47eb83562e2649a7d1e5a96f6fac287dec41a6c026e5fc93e963ea5ca80", "maps_sha256": "ab1dbe3cfb75466b1c7846c633c9c326b6d519c18f6ea59504f253cfc6bb0ddc"}
{"sequence": "mobilephone01_indoor", "frames": 1418, "events": 28, "max_bbox_error": 0.0, "max_score_error": 0.0, "actual_template_writes": 7, "event_sha256": "631f8743eac507940bf8cf9141d6656f13fb8afa4f4f411daf9409dc2b31c5dd", "maps_sha256": "c6e035045cdb90018d8297fbc246860b776995c6b38deb511a99d7151a8ff157"}
{"sequence": "mobilephone02_indoor", "frames": 701, "events": 14, "max_bbox_error": 0.0, "max_score_error": 0.0, "actual_template_writes": 5, "event_sha256": "e180b17b41e6cffc3f2bc30ad35e3991125ee19a746e05b06db84b247efb0081", "maps_sha256": "a956587798e6897149b9f1c7616a9ede65bc39939575fff7b6641a67c23776ac"}
{"sequence": "notebook02_indoor", "frames": 2646, "events": 52, "max_bbox_error": 0.0, "max_score_error": 0.0, "actual_template_writes": 22, "event_sha256": "351d2d9a54d9926aecab7546a9d27b1995df857b316e464debd385b139171c34", "maps_sha256": "b35b038f8752bab50c9cbcb0be0afd5d86f655a9c97738386bc56e26c05596a6"}
