WARNING: You are using tensorboardX instead sis you have a too old pytorch version.
{"variant": "attributes", "sequence": "bag05_indoor", "frames": 889, "sha256": "0310abe4a7c85d1ec5c7e4fbfb11f96a9f4b8e2f4241400a9fcd69793fe293fc", "nondefault": 13, "none": 243, "elapsed_seconds": 55.53708600997925}
{"variant": "attributes", "sequence": "ball07_indoor", "frames": 2519, "sha256": "3a61b71fd7bb30303fed9f5bd34f8473f756df9229facdb8f6d029c60df93ada", "nondefault": 25, "none": 530, "elapsed_seconds": 149.54445672035217}
{"variant": "attributes", "sequence": "ball19_indoor", "frames": 1381, "sha256": "ba7b6a26fd0aed36b7dbcb238263531396ceee2ed70681e325103122c9fa244c", "nondefault": 4, "none": 74, "elapsed_seconds": 82.4158821105957}
{"variant": "attributes", "sequence": "beautifullight01_indoor", "frames": 1270, "sha256": "f650c02fcb9013615edbfcfc331a1eeef0fb189951fc86a51e0bede79ef8196a", "nondefault": 4, "none": 518, "elapsed_seconds": 75.3397707939148}
{"variant": "attributes", "sequence": "book06_indoor", "frames": 1991, "sha256": "9813fb5891fffeda251bc79e96dd21769bec7ec9845ed07efae5892220778d54", "nondefault": 125, "none": 358, "elapsed_seconds": 118.87049221992493}
{"variant": "attributes", "sequence": "car01_indoor", "frames": 1542, "sha256": "d02bb2f61e025c4938f3521575d136fbfa9233bc536e7a31c1342cc446e0b5e7", "nondefault": 2, "none": 967, "elapsed_seconds": 92.35805654525757}
{"variant": "attributes", "sequence": "car02_indoor", "frames": 753, "sha256": "51e4dcfb03e03aba4d9e853673450a3e7808fa950dff99873367919edd7a15c9", "nondefault": 0, "none": 332, "elapsed_seconds": 44.76075839996338}
{"variant": "attributes", "sequence": "colacan01_indoor", "frames": 3056, "sha256": "9a8c94c42ba93aa92c34896a90b58dacde360397b9f53135001d05b8cc3a8f86", "nondefault": 42, "none": 2269, "elapsed_seconds": 182.68550515174866}
{"variant": "attributes", "sequence": "colacan04_indoor", "frames": 1001, "sha256": "bdfddd08206f75f7ee183a094b386e9bdd3351e86470b75608f07e13c6b5f64d", "nondefault": 4, "none": 312, "elapsed_seconds": 59.5106565952301}
{"variant": "attributes", "sequence": "container01_indoor", "frames": 761, "sha256": "347a4e1ac9e96624a621d636c91339665a22de3f6df37c5b26be08f0713439a4", "nondefault": 0, "none": 103, "elapsed_seconds": 46.74590063095093}
{"variant": "attributes", "sequence": "cup08_indoor", "frames": 1451, "sha256": "12332ba33c4d89595847f6e3376b302ace5b36c1d682247e9e0b3523acc77236", "nondefault": 13, "none": 218, "elapsed_seconds": 86.26374506950378}
{"variant": "attributes", "sequence": "cup10_indoor", "frames": 2196, "sha256": "8b1f310ac16b5e1e157505ddd69cbb09964a8c7be699bc15080a7ae13aca9eb0", "nondefault": 61, "none": 206, "elapsed_seconds": 130.43664360046387}
{"variant": "attributes", "sequence": "cup13_indoor", "frames": 1762, "sha256": "a258143873fe58afdbdcb5cd99150400685fb48455c046c0fb28ce063c2e9407", "nondefault": 39, "none": 149, "elapsed_seconds": 104.50476264953613}
{"variant": "attributes", "sequence": "egg_indoor", "frames": 3552, "sha256": "cad39d9e241d07adf334ea652a49c90de0140d8e63ea0785f6afe5d37211855f", "nondefault": 519, "none": 162, "elapsed_seconds": 210.99977803230286}
{"variant": "attributes", "sequence": "flower02_wild", "frames": 656, "sha256": "47d3da0a79c3cdd38fe00f529e511682c37164e9fb9c7aa9c3b2c7c49028afca", "nondefault": 11, "none": 174, "elapsed_seconds": 38.99994349479675}
{"variant": "attributes", "sequence": "flower03_indoor", "frames": 744, "sha256": "542d1e8763b73f9a60649a74a3d4009373d2e9259c7a9e5e47ad29c0c72015cf", "nondefault": 2, "none": 202, "elapsed_seconds": 43.71096587181091}
{"variant": "attributes", "sequence": "flowerbasket_indoor", "frames": 1001, "sha256": "b28984c4171c7e65ac16f51fbd4481090a94b53e2e6bd56424ce4f83a78989b5", "nondefault": 7, "none": 171, "elapsed_seconds": 59.98819136619568}
{"variant": "attributes", "sequence": "ghostmask_indoor", "frames": 1165, "sha256": "eb382b4df0896bfbebd7278beda331828eeac1f0e0cb374599098e6f0eb53699", "nondefault": 41, "none": 207, "elapsed_seconds": 69.53594994544983}
{"variant": "attributes", "sequence": "glass03_indoor", "frames": 675, "sha256": "72b75397289ae6cac76634bafa58842668697c9b6e2e4350734d25f7f1dc4831", "nondefault": 3, "none": 163, "elapsed_seconds": 39.90174221992493}
{"variant": "attributes", "sequence": "mobilephone01_indoor", "frames": 1418, "sha256": "fcfbfaee0840785695ccde90d27762ffe94c5780d95f9414ea55172dcdaf1215", "nondefault": 32, "none": 425, "elapsed_seconds": 84.66178011894226}
{"variant": "attributes", "sequence": "mobilephone02_indoor", "frames": 701, "sha256": "78614b09f6b6e7489c0f66bdbed38956201ba7e90af3808bf6c2993d801b90a2", "nondefault": 10, "none": 105, "elapsed_seconds": 41.25567674636841}
{"variant": "attributes", "sequence": "notebook02_indoor", "frames": 2646, "sha256": "8fb7b0b52c160bbad2a1add1026bc7f6b819921a61430ff060069ef27f1850f5", "nondefault": 23, "none": 251, "elapsed_seconds": 157.90905165672302}
