{
  "path": "/root/autodl-tmp/sttrack_m56_recursive_completed_20260906/divergence_diagnostic.json",
  "sha256": "082aab2b7c4440d5f7dfff62b6d3366659c28029151a11476b26becf49c4e25b",
  "first_differences": {
    "bag05_indoor": {
      "attributes": {
        "first_nondefault_frame": 93,
        "first_bbox_difference_frame": 93,
        "nondefault_frames": 13,
        "none_frames": 243,
        "first_difference": {
          "chosen": 6,
          "none": false,
          "score": 0.018830645829439163,
          "gt_valid": false,
          "native_iou": null,
          "arm_iou": null
        }
      },
      "pooled": {
        "first_nondefault_frame": 46,
        "first_bbox_difference_frame": 46,
        "nondefault_frames": 22,
        "none_frames": 317,
        "first_difference": {
          "chosen": 3,
          "none": false,
          "score": 0.008891573175787926,
          "gt_valid": true,
          "native_iou": 0.7099052670836645,
          "arm_iou": 0.7262624612028453
        }
      },
      "empty": {
        "first_nondefault_frame": 46,
        "first_bbox_difference_frame": 46,
        "nondefault_frames": 10,
        "none_frames": 307,
        "first_difference": {
          "chosen": 1,
          "none": false,
          "score": 0.028698094189167023,
          "gt_valid": true,
          "native_iou": 0.7099052670836645,
          "arm_iou": 0.5027300309421406
        }
      }
    },
    "ball07_indoor": {
      "attributes": {
        "first_nondefault_frame": 471,
        "first_bbox_difference_frame": 471,
        "nondefault_frames": 25,
        "none_frames": 530,
        "first_difference": {
          "chosen": 1,
          "none": false,
          "score": 0.05933886393904686,
          "gt_valid": true,
          "native_iou": 0.3282937114951946,
          "arm_iou": 0.3447841982849771
        }
      },
      "pooled": {
        "first_nondefault_frame": 814,
        "first_bbox_difference_frame": 814,
        "nondefault_frames": 47,
        "none_frames": 1279,
        "first_difference": {
          "chosen": 1,
          "none": false,
          "score": 0.02358059771358967,
          "gt_valid": false,
          "native_iou": null,
          "arm_iou": null
        }
      },
      "empty": {
        "first_nondefault_frame": 471,
        "first_bbox_difference_frame": 471,
        "nondefault_frames": 54,
        "none_frames": 1281,
        "first_difference": {
          "chosen": 2,
          "none": false,
          "score": 0.040565453469753265,
          "gt_valid": true,
          "native_iou": 0.3282937114951946,
          "arm_iou": 0.27640393771542565
        }
      }
    },
    "ball19_indoor": {
      "attributes": {
        "first_nondefault_frame": 682,
        "first_bbox_difference_frame": 682,
        "nondefault_frames": 4,
        "none_frames": 74,
        "first_difference": {
          "chosen": 1,
          "none": false,
          "score": 0.04076864570379257,
          "gt_valid": true,
          "native_iou": 0.8688448703439255,
          "arm_iou": 0.5818322906873469
        }
      },
      "pooled": {
        "first_nondefault_frame": null,
        "first_bbox_difference_frame": null,
        "nondefault_frames": 0,
        "none_frames": 114
      },
      "empty": {
        "first_nondefault_frame": 132,
        "first_bbox_difference_frame": 132,
        "nondefault_frames": 6,
        "none_frames": 97,
        "first_difference": {
          "chosen": 1,
          "none": false,
          "score": 0.008298944681882858,
          "gt_valid": true,
          "native_iou": 0.9051765403798684,
          "arm_iou": 0.7109713464954701
        }
      }
    },
    "beautifullight01_indoor": {
      "attributes": {
        "first_nondefault_frame": 243,
        "first_bbox_difference_frame": 243,
        "nondefault_frames": 4,
        "none_frames": 518,
        "first_difference": {
          "chosen": 1,
          "none": false,
          "score": 0.015831563621759415,
          "gt_valid": true,
          "native_iou": 0.8947465230312137,
          "arm_iou": 0.6215367850756714
        }
      },
      "pooled": {
        "first_nondefault_frame": 247,
        "first_bbox_difference_frame": 247,
        "nondefault_frames": 1,
        "none_frames": 830,
        "first_difference": {
          "chosen": 1,
          "none": false,
          "score": 0.020538389682769775,
          "gt_valid": true,
          "native_iou": 0.7743280299234021,
          "arm_iou": 0.6997413162828097
        }
      },
      "empty": {
        "first_nondefault_frame": 420,
        "first_bbox_difference_frame": 420,
        "nondefault_frames": 34,
        "none_frames": 474,
        "first_difference": {
          "chosen": 5,
          "none": false,
          "score": 0.02460971102118492,
          "gt_valid": true,
          "native_iou": 0.931443490972841,
          "arm_iou": 0.7725693113950771
        }
      }
    },
    "book06_indoor": {
      "attributes": {
        "first_nondefault_frame": 19,
        "first_bbox_difference_frame": 19,
        "nondefault_frames": 125,
        "none_frames": 358,
        "first_difference": {
          "chosen": 1,
          "none": false,
          "score": 0.06735663115978241,
          "gt_valid": true,
          "native_iou": 0.9199531860815973,
          "arm_iou": 0.7323815943639624
        }
      },
      "pooled": {
        "first_nondefault_frame": 14,
        "first_bbox_difference_frame": 14,
        "nondefault_frames": 87,
        "none_frames": 486,
        "first_difference": {
          "chosen": 1,
          "none": false,
          "score": 0.18675850331783295,
          "gt_valid": true,
          "native_iou": 0.583278162418698,
          "arm_iou": 0.7215619617458355
        }
      },
      "empty": {
        "first_nondefault_frame": 14,
        "first_bbox_difference_frame": 14,
        "nondefault_frames": 148,
        "none_frames": 656,
        "first_difference": {
          "chosen": 1,
          "none": false,
          "score": 0.18675850331783295,
          "gt_valid": true,
          "native_iou": 0.583278162418698,
          "arm_iou": 0.7215619617458355
        }
      }
    },
    "car01_indoor": {
      "attributes": {
        "first_nondefault_frame": 284,
        "first_bbox_difference_frame": 284,
        "nondefault_frames": 2,
        "none_frames": 967,
        "first_difference": {
          "chosen": 1,
          "none": false,
          "score": 0.3437804877758026,
          "gt_valid": true,
          "native_iou": 0.6242529559066411,
          "arm_iou": 0.5912424844061644
        }
      },
      "pooled": {
        "first_nondefault_frame": 284,
        "first_bbox_difference_frame": 284,
        "nondefault_frames": 2,
        "none_frames": 977,
        "first_difference": {
          "chosen": 1,
          "none": false,
          "score": 0.3437804877758026,
          "gt_valid": true,
          "native_iou": 0.6242529559066411,
          "arm_iou": 0.5912424844061644
        }
      },
      "empty": {
        "first_nondefault_frame": 284,
        "first_bbox_difference_frame": 284,
        "nondefault_frames": 5,
        "none_frames": 1000,
        "first_difference": {
          "chosen": 1,
          "none": false,
          "score": 0.3437804877758026,
          "gt_valid": true,
          "native_iou": 0.6242529559066411,
          "arm_iou": 0.5912424844061644
        }
      }
    },
    "car02_indoor": {
      "attributes": {
        "first_nondefault_frame": null,
        "first_bbox_difference_frame": null,
        "nondefault_frames": 0,
        "none_frames": 332
      },
      "pooled": {
        "first_nondefault_frame": null,
        "first_bbox_difference_frame": null,
        "nondefault_frames": 0,
        "none_frames": 336
      },
      "empty": {
        "first_nondefault_frame": null,
        "first_bbox_difference_frame": null,
        "nondefault_frames": 0,
        "none_frames": 353
      }
    },
    "colacan01_indoor": {
      "attributes": {
        "first_nondefault_frame": 91,
        "first_bbox_difference_frame": 91,
        "nondefault_frames": 42,
        "none_frames": 2269,
        "first_difference": {
          "chosen": 5,
          "none": false,
          "score": 0.010073059238493443,
          "gt_valid": true,
          "native_iou": 0.8874425104903125,
          "arm_iou": 0.7814884807413329
        }
      },
      "pooled": {
        "first_nondefault_frame": 458,
        "first_bbox_difference_frame": 458,
        "nondefault_frames": 10,
        "none_frames": 1766,
        "first_difference": {
          "chosen": 1,
          "none": false,
          "score": 0.04984169825911522,
          "gt_valid": true,
          "native_iou": 0.0,
          "arm_iou": 0.0
        }
      },
      "empty": {
        "first_nondefault_frame": 24,
        "first_bbox_difference_frame": 24,
        "nondefault_frames": 63,
        "none_frames": 2017,
        "first_difference": {
          "chosen": 5,
          "none": false,
          "score": 0.014520127326250076,
          "gt_valid": true,
          "native_iou": 0.8614497677005801,
          "arm_iou": 0.7790288588763171
        }
      }
    },
    "colacan04_indoor": {
      "attributes": {
        "first_nondefault_frame": 131,
        "first_bbox_difference_frame": 131,
        "nondefault_frames": 4,
        "none_frames": 312,
        "first_difference": {
          "chosen": 2,
          "none": false,
          "score": 0.011611824855208397,
          "gt_valid": true,
          "native_iou": 0.3686634520039073,
          "arm_iou": 0.8731832914541318
        }
      },
      "pooled": {
        "first_nondefault_frame": 131,
        "first_bbox_difference_frame": 131,
        "nondefault_frames": 2,
        "none_frames": 366,
        "first_difference": {
          "chosen": 2,
          "none": false,
          "score": 0.011611824855208397,
          "gt_valid": true,
          "native_iou": 0.3686634520039073,
          "arm_iou": 0.8731832914541318
        }
      },
      "empty": {
        "first_nondefault_frame": 103,
        "first_bbox_difference_frame": 103,
        "nondefault_frames": 11,
        "none_frames": 579,
        "first_difference": {
          "chosen": 2,
          "none": false,
          "score": 0.07778602093458176,
          "gt_valid": false,
          "native_iou": null,
          "arm_iou": null
        }
      }
    },
    "container01_indoor": {
      "attributes": {
        "first_nondefault_frame": null,
        "first_bbox_difference_frame": null,
        "nondefault_frames": 0,
        "none_frames": 103
      },
      "pooled": {
        "first_nondefault_frame": 525,
        "first_bbox_difference_frame": 525,
        "nondefault_frames": 1,
        "none_frames": 142,
        "first_difference": {
          "chosen": 2,
          "none": false,
          "score": 0.03873968869447708,
          "gt_valid": true,
          "native_iou": 0.9665620852178738,
          "arm_iou": 0.7845078816987006
        }
      },
      "empty": {
        "first_nondefault_frame": 602,
        "first_bbox_difference_frame": 602,
        "nondefault_frames": 2,
        "none_frames": 149,
        "first_difference": {
          "chosen": 3,
          "none": false,
          "score": 0.01063028909265995,
          "gt_valid": true,
          "native_iou": 0.7961763942297202,
          "arm_iou": 0.8049201921438582
        }
      }
    },
    "cup08_indoor": {
      "attributes": {
        "first_nondefault_frame": 152,
        "first_bbox_difference_frame": 152,
        "nondefault_frames": 13,
        "none_frames": 218,
        "first_difference": {
          "chosen": 1,
          "none": false,
          "score": 0.014529881067574024,
          "gt_valid": true,
          "native_iou": 0.9134895892804594,
          "arm_iou": 0.7551754148992819
        }
      },
      "pooled": {
        "first_nondefault_frame": 158,
        "first_bbox_difference_frame": 158,
        "nondefault_frames": 7,
        "none_frames": 312,
        "first_difference": {
          "chosen": 1,
          "none": false,
          "score": 0.027805425226688385,
          "gt_valid": true,
          "native_iou": 0.6465444403558607,
          "arm_iou": 0.8365551367396843
        }
      },
      "empty": {
        "first_nondefault_frame": 38,
        "first_bbox_difference_frame": 38,
        "nondefault_frames": 21,
        "none_frames": 668,
        "first_difference": {
          "chosen": 1,
          "none": false,
          "score": 0.024033963680267334,
          "gt_valid": true,
          "native_iou": 0.7803486782806347,
          "arm_iou": 0.8356089035360378
        }
      }
    },
    "cup10_indoor": {
      "attributes": {
        "first_nondefault_frame": 36,
        "first_bbox_difference_frame": 36,
        "nondefault_frames": 61,
        "none_frames": 206,
        "first_difference": {
          "chosen": 1,
          "none": false,
          "score": 0.013175641186535358,
          "gt_valid": true,
          "native_iou": 0.7415087637283022,
          "arm_iou": 0.5144582688813997
        }
      },
      "pooled": {
        "first_nondefault_frame": 229,
        "first_bbox_difference_frame": 229,
        "nondefault_frames": 28,
        "none_frames": 331,
        "first_difference": {
          "chosen": 3,
          "none": false,
          "score": 0.025541992858052254,
          "gt_valid": true,
          "native_iou": 0.5228407237056711,
          "arm_iou": 0.6920783080909942
        }
      },
      "empty": {
        "first_nondefault_frame": 187,
        "first_bbox_difference_frame": 187,
        "nondefault_frames": 74,
        "none_frames": 403,
        "first_difference": {
          "chosen": 2,
          "none": false,
          "score": 0.012639475055038929,
          "gt_valid": true,
          "native_iou": 0.9413885900067666,
          "arm_iou": 0.6165032821358692
        }
      }
    },
    "cup13_indoor": {
      "attributes": {
        "first_nondefault_frame": 257,
        "first_bbox_difference_frame": 257,
        "nondefault_frames": 39,
        "none_frames": 149,
        "first_difference": {
          "chosen": 1,
          "none": false,
          "score": 0.0422973558306694,
          "gt_valid": true,
          "native_iou": 0.8132121100637901,
          "arm_iou": 0.6803766274700498
        }
      },
      "pooled": {
        "first_nondefault_frame": 180,
        "first_bbox_difference_frame": 180,
        "nondefault_frames": 47,
        "none_frames": 338,
        "first_difference": {
          "chosen": 2,
          "none": false,
          "score": 0.015212222002446651,
          "gt_valid": true,
          "native_iou": 0.9029982326743377,
          "arm_iou": 0.6901259595725486
        }
      },
      "empty": {
        "first_nondefault_frame": 166,
        "first_bbox_difference_frame": 166,
        "nondefault_frames": 73,
        "none_frames": 194,
        "first_difference": {
          "chosen": 2,
          "none": false,
          "score": 0.02691761404275894,
          "gt_valid": true,
          "native_iou": 0.7787093465834013,
          "arm_iou": 0.6025618335315718
        }
      }
    },
    "egg_indoor": {
      "attributes": {
        "first_nondefault_frame": 6,
        "first_bbox_difference_frame": 6,
        "nondefault_frames": 519,
        "none_frames": 162,
        "first_difference": {
          "chosen": 2,
          "none": false,
          "score": 0.03568049520254135,
          "gt_valid": true,
          "native_iou": 0.9058805986733415,
          "arm_iou": 0.0
        }
      },
      "pooled": {
        "first_nondefault_frame": 65,
        "first_bbox_difference_frame": 65,
        "nondefault_frames": 225,
        "none_frames": 1026,
        "first_difference": {
          "chosen": 1,
          "none": false,
          "score": 0.14625458419322968,
          "gt_valid": true,
          "native_iou": 0.0,
          "arm_iou": 0.8848729129584065
        }
      },
      "empty": {
        "first_nondefault_frame": 2,
        "first_bbox_difference_frame": 2,
        "nondefault_frames": 484,
        "none_frames": 908,
        "first_difference": {
          "chosen": 2,
          "none": false,
          "score": 0.020923394709825516,
          "gt_valid": true,
          "native_iou": 0.874292048317981,
          "arm_iou": 0.03328873345655032
        }
      }
    },
    "flower02_wild": {
      "attributes": {
        "first_nondefault_frame": 110,
        "first_bbox_difference_frame": 110,
        "nondefault_frames": 11,
        "none_frames": 174,
        "first_difference": {
          "chosen": 2,
          "none": false,
          "score": 0.037411730736494064,
          "gt_valid": true,
          "native_iou": 0.6972215863740171,
          "arm_iou": 0.73689637815379
        }
      },
      "pooled": {
        "first_nondefault_frame": 113,
        "first_bbox_difference_frame": 113,
        "nondefault_frames": 6,
        "none_frames": 236,
        "first_difference": {
          "chosen": 9,
          "none": false,
          "score": 0.01786090061068535,
          "gt_valid": false,
          "native_iou": null,
          "arm_iou": null
        }
      },
      "empty": {
        "first_nondefault_frame": 30,
        "first_bbox_difference_frame": 30,
        "nondefault_frames": 33,
        "none_frames": 183,
        "first_difference": {
          "chosen": 5,
          "none": false,
          "score": 0.004004691261798143,
          "gt_valid": true,
          "native_iou": 0.8303799142333701,
          "arm_iou": 0.7270437376199851
        }
      }
    },
    "flower03_indoor": {
      "attributes": {
        "first_nondefault_frame": 243,
        "first_bbox_difference_frame": 243,
        "nondefault_frames": 2,
        "none_frames": 202,
        "first_difference": {
          "chosen": 2,
          "none": false,
          "score": 0.10846810042858124,
          "gt_valid": true,
          "native_iou": 0.8128662382184102,
          "arm_iou": 0.6576023878752365
        }
      },
      "pooled": {
        "first_nondefault_frame": 243,
        "first_bbox_difference_frame": 243,
        "nondefault_frames": 1,
        "none_frames": 236,
        "first_difference": {
          "chosen": 2,
          "none": false,
          "score": 0.10846810042858124,
          "gt_valid": true,
          "native_iou": 0.8128662382184102,
          "arm_iou": 0.6576023878752365
        }
      },
      "empty": {
        "first_nondefault_frame": 243,
        "first_bbox_difference_frame": 243,
        "nondefault_frames": 2,
        "none_frames": 230,
        "first_difference": {
          "chosen": 2,
          "none": false,
          "score": 0.10846810042858124,
          "gt_valid": true,
          "native_iou": 0.8128662382184102,
          "arm_iou": 0.6576023878752365
        }
      }
    },
    "flowerbasket_indoor": {
      "attributes": {
        "first_nondefault_frame": 68,
        "first_bbox_difference_frame": 68,
        "nondefault_frames": 7,
        "none_frames": 171,
        "first_difference": {
          "chosen": 2,
          "none": false,
          "score": 0.0693492516875267,
          "gt_valid": true,
          "native_iou": 0.4328214821067052,
          "arm_iou": 0.4588460484221127
        }
      },
      "pooled": {
        "first_nondefault_frame": 275,
        "first_bbox_difference_frame": 275,
        "nondefault_frames": 8,
        "none_frames": 185,
        "first_difference": {
          "chosen": 1,
          "none": false,
          "score": 0.01948990859091282,
          "gt_valid": true,
          "native_iou": 0.8876822944144657,
          "arm_iou": 0.9129842912386865
        }
      },
      "empty": {
        "first_nondefault_frame": 328,
        "first_bbox_difference_frame": 328,
        "nondefault_frames": 10,
        "none_frames": 197,
        "first_difference": {
          "chosen": 1,
          "none": false,
          "score": 0.020843645557761192,
          "gt_valid": true,
          "native_iou": 0.9285771883196718,
          "arm_iou": 0.8531801016440754
        }
      }
    },
    "ghostmask_indoor": {
      "attributes": {
        "first_nondefault_frame": 286,
        "first_bbox_difference_frame": 286,
        "nondefault_frames": 41,
        "none_frames": 207,
        "first_difference": {
          "chosen": 1,
          "none": false,
          "score": 0.09523818641901016,
          "gt_valid": true,
          "native_iou": 0.3649949435483632,
          "arm_iou": 0.34647254890399093
        }
      },
      "pooled": {
        "first_nondefault_frame": 525,
        "first_bbox_difference_frame": 525,
        "nondefault_frames": 11,
        "none_frames": 208,
        "first_difference": {
          "chosen": 3,
          "none": false,
          "score": 0.01789231225848198,
          "gt_valid": true,
          "native_iou": 0.7276153299395252,
          "arm_iou": 0.49928252036540494
        }
      },
      "empty": {
        "first_nondefault_frame": 372,
        "first_bbox_difference_frame": 372,
        "nondefault_frames": 19,
        "none_frames": 286,
        "first_difference": {
          "chosen": 1,
          "none": false,
          "score": 0.025548448786139488,
          "gt_valid": true,
          "native_iou": 0.8448556797885777,
          "arm_iou": 0.7230021640169177
        }
      }
    },
    "glass03_indoor": {
      "attributes": {
        "first_nondefault_frame": 102,
        "first_bbox_difference_frame": 102,
        "nondefault_frames": 3,
        "none_frames": 163,
        "first_difference": {
          "chosen": 1,
          "none": false,
          "score": 0.17689873278141022,
          "gt_valid": true,
          "native_iou": 0.12557113407931136,
          "arm_iou": 0.13655006185871058
        }
      },
      "pooled": {
        "first_nondefault_frame": null,
        "first_bbox_difference_frame": null,
        "nondefault_frames": 0,
        "none_frames": 222
      },
      "empty": {
        "first_nondefault_frame": null,
        "first_bbox_difference_frame": null,
        "nondefault_frames": 0,
        "none_frames": 230
      }
    },
    "mobilephone01_indoor": {
      "attributes": {
        "first_nondefault_frame": 374,
        "first_bbox_difference_frame": 374,
        "nondefault_frames": 32,
        "none_frames": 425,
        "first_difference": {
          "chosen": 3,
          "none": false,
          "score": 0.018232932314276695,
          "gt_valid": true,
          "native_iou": 0.8988579075547506,
          "arm_iou": 0.6696359102166077
        }
      },
      "pooled": {
        "first_nondefault_frame": 103,
        "first_bbox_difference_frame": 103,
        "nondefault_frames": 29,
        "none_frames": 561,
        "first_difference": {
          "chosen": 2,
          "none": false,
          "score": 0.04125378280878067,
          "gt_valid": true,
          "native_iou": 0.8014924244267913,
          "arm_iou": 0.7154355843997302
        }
      },
      "empty": {
        "first_nondefault_frame": 103,
        "first_bbox_difference_frame": 103,
        "nondefault_frames": 49,
        "none_frames": 595,
        "first_difference": {
          "chosen": 2,
          "none": false,
          "score": 0.04125378280878067,
          "gt_valid": true,
          "native_iou": 0.8014924244267913,
          "arm_iou": 0.7154355843997302
        }
      }
    },
    "mobilephone02_indoor": {
      "attributes": {
        "first_nondefault_frame": 266,
        "first_bbox_difference_frame": 266,
        "nondefault_frames": 10,
        "none_frames": 105,
        "first_difference": {
          "chosen": 1,
          "none": false,
          "score": 0.13874836266040802,
          "gt_valid": true,
          "native_iou": 0.8822254991886999,
          "arm_iou": 0.7029837781280752
        }
      },
      "pooled": {
        "first_nondefault_frame": 7,
        "first_bbox_difference_frame": 7,
        "nondefault_frames": 16,
        "none_frames": 146,
        "first_difference": {
          "chosen": 3,
          "none": false,
          "score": 0.0054586841724812984,
          "gt_valid": true,
          "native_iou": 0.7745634012000124,
          "arm_iou": 0.5661839749383007
        }
      },
      "empty": {
        "first_nondefault_frame": 8,
        "first_bbox_difference_frame": 8,
        "nondefault_frames": 27,
        "none_frames": 178,
        "first_difference": {
          "chosen": 2,
          "none": false,
          "score": 0.0172764603048563,
          "gt_valid": true,
          "native_iou": 0.757455856333467,
          "arm_iou": 0.8383738491682119
        }
      }
    },
    "notebook02_indoor": {
      "attributes": {
        "first_nondefault_frame": 21,
        "first_bbox_difference_frame": 21,
        "nondefault_frames": 23,
        "none_frames": 251,
        "first_difference": {
          "chosen": 2,
          "none": false,
          "score": 0.033516108989715576,
          "gt_valid": true,
          "native_iou": 0.4909491082646366,
          "arm_iou": 0.5640376573700013
        }
      },
      "pooled": {
        "first_nondefault_frame": 21,
        "first_bbox_difference_frame": 21,
        "nondefault_frames": 29,
        "none_frames": 214,
        "first_difference": {
          "chosen": 2,
          "none": false,
          "score": 0.033516108989715576,
          "gt_valid": true,
          "native_iou": 0.4909491082646366,
          "arm_iou": 0.5640376573700013
        }
      },
      "empty": {
        "first_nondefault_frame": 19,
        "first_bbox_difference_frame": 19,
        "nondefault_frames": 47,
        "none_frames": 261,
        "first_difference": {
          "chosen": 1,
          "none": false,
          "score": 0.02949659153819084,
          "gt_valid": true,
          "native_iou": 0.8242709816447216,
          "arm_iou": 0.66851372028378
        }
      }
    }
  }
}
