WARNING: You are using tensorboardX instead sis you have a too old pytorch version.
{"variant": "empty", "sequence": "bag05_indoor", "frames": 889, "sha256": "f2a3f4cd08547c88adc28343d0c128efe46f2caccf8264139d36fc66590ca636", "nondefault": 10, "none": 307, "elapsed_seconds": 55.44856262207031}
{"variant": "empty", "sequence": "ball07_indoor", "frames": 2519, "sha256": "c09a89cdd71742e1ba98ac39ea874ef29da4fed4024dee648ff266ccca1046fc", "nondefault": 54, "none": 1281, "elapsed_seconds": 149.6140308380127}
{"variant": "empty", "sequence": "ball19_indoor", "frames": 1381, "sha256": "0d5a416fe9659e3fda56c2e060696ebe56c997a18964459b35acc9f6365d0e56", "nondefault": 6, "none": 97, "elapsed_seconds": 82.70018672943115}
{"variant": "empty", "sequence": "beautifullight01_indoor", "frames": 1270, "sha256": "bb52eff6d9ff1d0e23ae429c91d6774e49c740baa196b838a36ab8dcf0401254", "nondefault": 34, "none": 474, "elapsed_seconds": 75.71756672859192}
{"variant": "empty", "sequence": "book06_indoor", "frames": 1991, "sha256": "e25b7d75b2309d4ab532196056863284987170666a45cfb266533c33478fd794", "nondefault": 148, "none": 656, "elapsed_seconds": 119.27067971229553}
{"variant": "empty", "sequence": "car01_indoor", "frames": 1542, "sha256": "9a4a58de49fdbeb07d2ad71462fd8fd1c91dc07a1c19861f05441b8f3a80577a", "nondefault": 5, "none": 1000, "elapsed_seconds": 92.15609288215637}
{"variant": "empty", "sequence": "car02_indoor", "frames": 753, "sha256": "8d471c932baf67744d5306fb60fce30464ca4b2ba9618aad1d37b0a31657e645", "nondefault": 0, "none": 353, "elapsed_seconds": 44.928457260131836}
{"variant": "empty", "sequence": "colacan01_indoor", "frames": 3056, "sha256": "5b81b8148fdcb0c4c58e8d694124011935189e8ac74590316396a339cbca7c48", "nondefault": 63, "none": 2017, "elapsed_seconds": 182.96272444725037}
{"variant": "empty", "sequence": "colacan04_indoor", "frames": 1001, "sha256": "3d9f2491e3d29c8d6568005ca6ee1f10784ab318877182a42f31f26be14caaf8", "nondefault": 11, "none": 579, "elapsed_seconds": 59.740734338760376}
{"variant": "empty", "sequence": "container01_indoor", "frames": 761, "sha256": "26ba73da0a1e659199de2c2623da516006e41a55031458c32f7b8b45b0dce493", "nondefault": 2, "none": 149, "elapsed_seconds": 46.416061878204346}
{"variant": "empty", "sequence": "cup08_indoor", "frames": 1451, "sha256": "36957bbf02da88220a8ab4e16d4004df653486059a5e813b3913da7cebc31275", "nondefault": 21, "none": 668, "elapsed_seconds": 86.34311079978943}
{"variant": "empty", "sequence": "cup10_indoor", "frames": 2196, "sha256": "18858ec14d8ed044b00c88d774b8f6f063fc4c60d7c9bfc9d0a202e93c0a40bb", "nondefault": 74, "none": 403, "elapsed_seconds": 131.01529812812805}
{"variant": "empty", "sequence": "cup13_indoor", "frames": 1762, "sha256": "5504320cb3d6ea43c1cd59f6583a8858a60e75a1b23da79837e44669a75fad39", "nondefault": 73, "none": 194, "elapsed_seconds": 104.85227847099304}
{"variant": "empty", "sequence": "egg_indoor", "frames": 3552, "sha256": "d19f506b8febeb58240754cb2d350b898d16960b6b6971b0f8d1006de89c5a38", "nondefault": 484, "none": 908, "elapsed_seconds": 210.83698987960815}
{"variant": "empty", "sequence": "flower02_wild", "frames": 656, "sha256": "f75025c5402bcb4ffa0c15438a8cb496aa61fbc2ad773430f436991b643e68ae", "nondefault": 33, "none": 183, "elapsed_seconds": 39.04574108123779}
{"variant": "empty", "sequence": "flower03_indoor", "frames": 744, "sha256": "54c124fb7b1dfe7b7777566682a17870612b0c6722e1b46c09aaeab5404ba904", "nondefault": 2, "none": 230, "elapsed_seconds": 43.75084447860718}
{"variant": "empty", "sequence": "flowerbasket_indoor", "frames": 1001, "sha256": "74dac67ace037d06aa2ec49b3939d1902050a77bf8cf63721ab15563e0e13993", "nondefault": 10, "none": 197, "elapsed_seconds": 59.95211863517761}
{"variant": "empty", "sequence": "ghostmask_indoor", "frames": 1165, "sha256": "6840fbb45352abe5e85c8a1090f7bb5614afa7913a9ddb1dc5433cd8126f04fd", "nondefault": 19, "none": 286, "elapsed_seconds": 69.76636147499084}
{"variant": "empty", "sequence": "glass03_indoor", "frames": 675, "sha256": "fd3fb18de538a7b5a317f3d9cb6759c80ebcc82c5fa3ed48bfa29d3c3725194a", "nondefault": 0, "none": 230, "elapsed_seconds": 40.19868874549866}
{"variant": "empty", "sequence": "mobilephone01_indoor", "frames": 1418, "sha256": "7bd80863213febf8c6ee4754b0123e9636158447a6bd72d28b48f01dd1bf4b23", "nondefault": 49, "none": 595, "elapsed_seconds": 84.87739133834839}
{"variant": "empty", "sequence": "mobilephone02_indoor", "frames": 701, "sha256": "c8dfa0d668782bfe3615bd3505f325d12e402acb0ef8c7b3d05f8681f01ef756", "nondefault": 27, "none": 178, "elapsed_seconds": 41.54021716117859}
{"variant": "empty", "sequence": "notebook02_indoor", "frames": 2646, "sha256": "60b63233e32e4a5c50e9ab6831c759d8b1a6303a3eb3190fc269a797618413dc", "nondefault": 47, "none": 261, "elapsed_seconds": 157.87523365020752}
