WARNING: You are using tensorboardX instead sis you have a too old pytorch version.
{"variant": "pooled", "sequence": "bag05_indoor", "frames": 889, "sha256": "a06c54c6721470795fc0f5e584501cb8d10e291e1f240b7bc525a50ce26d939f", "nondefault": 22, "none": 317, "elapsed_seconds": 55.306764125823975}
{"variant": "pooled", "sequence": "ball07_indoor", "frames": 2519, "sha256": "b28f3115f62cd2fabe07cca1b41670aaf76ea4af3f87a6fdc478efbe4ea233b8", "nondefault": 47, "none": 1279, "elapsed_seconds": 148.82962441444397}
{"variant": "pooled", "sequence": "ball19_indoor", "frames": 1381, "sha256": "b4e1fcfb5e7cccafecec05a93f032dd617464d13c108af2595b1330a625589e5", "nondefault": 0, "none": 114, "elapsed_seconds": 82.0293345451355}
{"variant": "pooled", "sequence": "beautifullight01_indoor", "frames": 1270, "sha256": "115e39eadfde8c4796c89481059331303f5d01bbfc3c230ef516de1cb0cb5f76", "nondefault": 1, "none": 830, "elapsed_seconds": 75.39820694923401}
{"variant": "pooled", "sequence": "book06_indoor", "frames": 1991, "sha256": "904c7e99f768e3490cf494888e3caaad024ff93989340c9d4a85b2a085dbd2d2", "nondefault": 87, "none": 486, "elapsed_seconds": 118.59730577468872}
{"variant": "pooled", "sequence": "car01_indoor", "frames": 1542, "sha256": "c9bcf4ca2ca913a36a7f0d02e3ebb14c5587654e4eb11dd3d42927119db84a28", "nondefault": 2, "none": 977, "elapsed_seconds": 91.47360420227051}
{"variant": "pooled", "sequence": "car02_indoor", "frames": 753, "sha256": "e67a9826461a158531eca0d0061e851726e7518fd36c35783c515a479674ae07", "nondefault": 0, "none": 336, "elapsed_seconds": 44.6699492931366}
{"variant": "pooled", "sequence": "colacan01_indoor", "frames": 3056, "sha256": "ad19170ab7edecb53b3e329a032f2d3d2bbdb2a2c560e25b0c38f274e0016ba2", "nondefault": 10, "none": 1766, "elapsed_seconds": 182.1853404045105}
{"variant": "pooled", "sequence": "colacan04_indoor", "frames": 1001, "sha256": "6b4c4b48bca341e2e0e526c6e6e100f76c730e62447e465b4d3d799124ec6837", "nondefault": 2, "none": 366, "elapsed_seconds": 59.51268482208252}
{"variant": "pooled", "sequence": "container01_indoor", "frames": 761, "sha256": "45a5d653dcb645ed5abafdffb008076c4bc91afa765c763b30ee32ec37f72953", "nondefault": 1, "none": 142, "elapsed_seconds": 46.31683921813965}
{"variant": "pooled", "sequence": "cup08_indoor", "frames": 1451, "sha256": "4061d9cf61d38991242616562deb02b866c76b58be20188b758e32aaaabda1ca", "nondefault": 7, "none": 312, "elapsed_seconds": 85.38702178001404}
{"variant": "pooled", "sequence": "cup10_indoor", "frames": 2196, "sha256": "1cff425bf734d5d4e995897324193af34ca1e226f62ced2d07be31d46b3ccafe", "nondefault": 28, "none": 331, "elapsed_seconds": 130.3774745464325}
{"variant": "pooled", "sequence": "cup13_indoor", "frames": 1762, "sha256": "a92c9c7ba8ddafdd20c6420631493c67af6442883a2cb59dc693a9853e634622", "nondefault": 47, "none": 338, "elapsed_seconds": 104.09440541267395}
{"variant": "pooled", "sequence": "egg_indoor", "frames": 3552, "sha256": "aebb28081cb0625962d2f27102b14b459f9ae93d1788e09db2533ae62449e2a2", "nondefault": 225, "none": 1026, "elapsed_seconds": 209.9020380973816}
{"variant": "pooled", "sequence": "flower02_wild", "frames": 656, "sha256": "fd925aa51a18575bca5408cefede30477451086b4f2850104f28eb9ebaa9e65e", "nondefault": 6, "none": 236, "elapsed_seconds": 38.70088744163513}
{"variant": "pooled", "sequence": "flower03_indoor", "frames": 744, "sha256": "0aef488584d5de76efe1959ce0c2230325507ea68a15eea90f8c2be15e6718e2", "nondefault": 1, "none": 236, "elapsed_seconds": 43.393601179122925}
{"variant": "pooled", "sequence": "flowerbasket_indoor", "frames": 1001, "sha256": "6f384f512be2dcfec5f6b780e1944fba5f663f0975557a370a1cb4f8679e41a4", "nondefault": 8, "none": 185, "elapsed_seconds": 59.48000907897949}
{"variant": "pooled", "sequence": "ghostmask_indoor", "frames": 1165, "sha256": "9a344601f38a5ebd22088160e4adcce7b98c4d7179d222e9bc757a066f3008da", "nondefault": 11, "none": 208, "elapsed_seconds": 70.10335350036621}
{"variant": "pooled", "sequence": "glass03_indoor", "frames": 675, "sha256": "84be1df61c4bda622ca1ef8c2d43c31a1ef2de4c13f5c064c3dda42b3269a4ff", "nondefault": 0, "none": 222, "elapsed_seconds": 39.81791281700134}
{"variant": "pooled", "sequence": "mobilephone01_indoor", "frames": 1418, "sha256": "37d4371fce340cc1a89f89bd0388c6c14578daf89ef48b4b302594e19bac06df", "nondefault": 29, "none": 561, "elapsed_seconds": 84.31816339492798}
{"variant": "pooled", "sequence": "mobilephone02_indoor", "frames": 701, "sha256": "6aab460793b78a6fcdcbcaf6a3d1ce5c3bb9b89d1b3149f92d579334b7536ce1", "nondefault": 16, "none": 146, "elapsed_seconds": 41.23309326171875}
{"variant": "pooled", "sequence": "notebook02_indoor", "frames": 2646, "sha256": "e538a2040f368b3609a131b3fb9d3719cbf706f003299835bfd8035de1add3a0", "nondefault": 29, "none": 214, "elapsed_seconds": 157.20941042900085}
