{
  "status": "complete",
  "capacity_screen_pass": true,
  "summary": {
    "default": {
      "events": 1511,
      "valid_events": 1300,
      "invalid_gt_events": 211,
      "top1_correct": 762,
      "top10_available": 872,
      "severe_events_recovered": 0,
      "current_candidate_rank_improved": 0,
      "new_candidate_events": 0,
      "oracle_top1_iou_sum": 739.1327495650456,
      "mean_oracle_top1_iou": 0.5685636535115736,
      "recovered_sequences": []
    },
    "all_past": {
      "events": 1511,
      "valid_events": 1300,
      "invalid_gt_events": 211,
      "top1_correct": 851,
      "top10_available": 916,
      "severe_events_recovered": 26,
      "current_candidate_rank_improved": 61,
      "new_candidate_events": 44,
      "oracle_top1_iou_sum": 791.1430681444477,
      "mean_oracle_top1_iou": 0.6085715908803444,
      "recovered_sequences": [
        "bag04_indoor",
        "ball13_indoor",
        "bottle02_indoor",
        "colacan02_indoor",
        "cube04_indoor",
        "cup05_indoor",
        "cup06_indoor",
        "milkbottle_indoor",
        "mushroom01_indoor",
        "paintbottle_indoor",
        "toiletpaper04_indoor",
        "toy08_indoor"
      ]
    },
    "valid_past": {
      "events": 1511,
      "valid_events": 1300,
      "invalid_gt_events": 211,
      "top1_correct": 851,
      "top10_available": 916,
      "severe_events_recovered": 26,
      "current_candidate_rank_improved": 61,
      "new_candidate_events": 44,
      "oracle_top1_iou_sum": 790.8937220065666,
      "mean_oracle_top1_iou": 0.6083797861588973,
      "recovered_sequences": [
        "bag04_indoor",
        "ball13_indoor",
        "bottle02_indoor",
        "colacan02_indoor",
        "cube04_indoor",
        "cup05_indoor",
        "cup06_indoor",
        "milkbottle_indoor",
        "mushroom01_indoor",
        "paintbottle_indoor",
        "toiletpaper04_indoor",
        "toy08_indoor"
      ]
    }
  },
  "individual_read_harms": {
    "past_reads": 12158,
    "valid_past_reads": 10363,
    "harmful_past_reads": 18,
    "harmful_valid_past_reads": 1,
    "healthy_past_reads": 6108,
    "healthy_valid_past_reads": 5731,
    "invalid_event_gt_past_reads": 2191,
    "healthy_events_with_harmful_past_read": 4,
    "healthy_events_with_harmful_valid_past_read": 1
  }
}
