PROGRESS 303/1765 79/441 76/441 79/441 69/442
PROGRESS 309/1765 81/441 77/441 80/441 71/442
PROGRESS 316/1765 82/441 79/441 82/441 73/442
PROGRESS 324/1765 84/441 81/441 84/441 75/442
PROGRESS 333/1765 86/441 83/441 87/441 77/442
PROGRESS 344/1765 89/441 86/441 89/441 80/442
PROGRESS 354/1765 92/441 88/441 92/441 82/442
PROGRESS 362/1765 95/441 90/441 94/441 83/442
PROGRESS 370/1765 96/441 93/441 96/441 85/442
PROGRESS 378/1765 98/441 95/441 97/441 88/442
PROGRESS 385/1765 100/441 96/441 99/441 90/442
PROGRESS 393/1765 102/441 97/441 101/441 93/442
PROGRESS 400/1765 104/441 99/441 102/441 95/442
PROGRESS 407/1765 106/441 100/441 104/441 97/442
PROGRESS 415/1765 108/441 102/441 107/441 98/442
PROGRESS 422/1765 110/441 103/441 109/441 100/442
PROGRESS 427/1765 111/441 104/441 111/441 101/442
PROGRESS 435/1765 113/441 106/441 113/441 103/442
PROGRESS 442/1765 115/441 107/441 115/441 105/442
PROGRESS 455/1765 119/441 110/441 118/441 108/442
PROGRESS 463/1765 121/441 112/441 120/441 110/442
PROGRESS 479/1765 126/441 116/441 123/441 114/442
PROGRESS 491/1765 130/441 119/441 124/441 118/442
PROGRESS 501/1765 133/441 120/441 127/441 121/442
PROGRESS 511/1765 135/441 122/441 130/441 124/442
PROGRESS 517/1765 135/441 123/441 133/441 126/442
PROGRESS 527/1765 136/441 125/441 137/441 129/442
PROGRESS 531/1765 137/441 126/441 139/441 129/442
PROGRESS 538/1765 138/441 129/441 141/441 130/442
PROGRESS 544/1765 139/441 131/441 143/441 131/442
PROGRESS 552/1765 140/441 134/441 146/441 132/442
PROGRESS 558/1765 141/441 139/441 146/441 132/442
PROGRESS 565/1765 142/441 143/441 147/441 133/442
PROGRESS 570/1765 143/441 145/441 148/441 134/442
PROGRESS 574/1765 143/441 148/441 148/441 135/442
PROGRESS 580/1765 144/441 151/441 149/441 136/442
PROGRESS 585/1765 145/441 153/441 150/441 137/442
PROGRESS 588/1765 145/441 155/441 150/441 138/442
PROGRESS 594/1765 147/441 158/441 151/441 138/442
PROGRESS 598/1765 149/441 158/441 152/441 139/442
PROGRESS 602/1765 150/441 159/441 153/441 140/442
PROGRESS 607/1765 152/441 160/441 154/441 141/442
PROGRESS 611/1765 153/441 160/441 155/441 143/442
PROGRESS 618/1765 156/441 161/441 156/441 145/442
PROGRESS 624/1765 158/441 162/441 157/441 147/442
PROGRESS 629/1765 159/441 163/441 158/441 149/442
PROGRESS 634/1765 160/441 164/441 159/441 151/442
PROGRESS 637/1765 161/441 165/441 159/441 152/442
PROGRESS 644/1765 162/441 166/441 162/441 154/442
PROGRESS 650/1765 163/441 166/441 164/441 157/442
PROGRESS 655/1765 164/441 167/441 165/441 159/442
PROGRESS 659/1765 165/441 168/441 167/441 159/442
PROGRESS 663/1765 166/441 169/441 168/441 160/442
PROGRESS 669/1765 168/441 170/441 170/441 161/442
PROGRESS 673/1765 170/441 170/441 171/441 162/442
PROGRESS 678/1765 171/441 171/441 172/441 164/442
PROGRESS 682/1765 172/441 171/441 174/441 165/442
PROGRESS 687/1765 173/441 173/441 175/441 166/442
PROGRESS 692/1765 174/441 175/441 176/441 167/442
PROGRESS 696/1765 175/441 176/441 177/441 168/442
PROGRESS 701/1765 176/441 178/441 178/441 169/442
PROGRESS 708/1765 177/441 181/441 179/441 171/442
PROGRESS 713/1765 178/441 182/441 180/441 173/442
PROGRESS 718/1765 179/441 184/441 181/441 174/442
PROGRESS 723/1765 180/441 186/441 182/441 175/442
PROGRESS 727/1765 181/441 187/441 183/441 176/442
PROGRESS 730/1765 182/441 188/441 184/441 176/442
PROGRESS 735/1765 183/441 189/441 185/441 178/442
PROGRESS 740/1765 184/441 190/441 187/441 179/442
PROGRESS 742/1765 184/441 191/441 187/441 180/442
PROGRESS 747/1765 185/441 193/441 188/441 181/442
PROGRESS 751/1765 186/441 194/441 189/441 182/442
PROGRESS 753/1765 187/441 195/441 189/441 182/442
PROGRESS 757/1765 188/441 196/441 190/441 183/442
PROGRESS 762/1765 190/441 197/441 191/441 184/442
PROGRESS 767/1765 191/441 199/441 192/441 185/442
PROGRESS 772/1765 193/441 201/441 193/441 185/442
PROGRESS 781/1765 197/441 203/441 194/441 187/442
PROGRESS 788/1765 200/441 204/441 195/441 189/442
PROGRESS 794/1765 202/441 205/441 196/441 191/442
PROGRESS 801/1765 204/441 206/441 197/441 194/442
PROGRESS 811/1765 207/441 207/441 198/441 199/442
PROGRESS 819/1765 210/441 208/441 200/441 201/442
PROGRESS 827/1765 211/441 209/441 202/441 205/442
PROGRESS 833/1765 213/441 210/441 204/441 206/442
PROGRESS 840/1765 215/441 211/441 206/441 208/442
PROGRESS 846/1765 216/441 212/441 208/441 210/442
PROGRESS 852/1765 218/441 213/441 210/441 211/442
PROGRESS 859/1765 220/441 215/441 212/441 212/442
PROGRESS 868/1765 221/441 216/441 217/441 214/442
PROGRESS 877/1765 222/441 218/441 221/441 216/442
PROGRESS 886/1765 224/441 221/441 223/441 218/442
PROGRESS 894/1765 225/441 225/441 225/441 219/442
PROGRESS 903/1765 227/441 228/441 227/441 221/442
PROGRESS 911/1765 229/441 231/441 229/441 222/442
PROGRESS 920/1765 230/441 235/441 231/441 224/442
PROGRESS 925/1765 231/441 237/441 232/441 225/442
PROGRESS 934/1765 234/441 239/441 234/441 227/442
PROGRESS 941/1765 237/441 241/441 235/441 228/442
PROGRESS 949/1765 238/441 242/441 237/441 232/442
PROGRESS 956/1765 239/441 243/441 238/441 236/442
PROGRESS 961/1765 240/441 245/441 240/441 236/442
PROGRESS 966/1765 241/441 247/441 241/441 237/442
PROGRESS 970/1765 242/441 248/441 242/441 238/442
PROGRESS 974/1765 243/441 249/441 243/441 239/442
PROGRESS 981/1765 244/441 251/441 246/441 240/442
PROGRESS 988/1765 245/441 252/441 250/441 241/442
PROGRESS 991/1765 246/441 253/441 250/441 242/442
PROGRESS 999/1765 248/441 257/441 251/441 243/442
PROGRESS 1004/1765 249/441 259/441 252/441 244/442
PROGRESS 1010/1765 251/441 260/441 253/441 246/442
PROGRESS 1014/1765 252/441 261/441 254/441 247/442
PROGRESS 1019/1765 254/441 262/441 255/441 248/442
PROGRESS 1022/1765 255/441 263/441 256/441 248/442
PROGRESS 1027/1765 256/441 264/441 258/441 249/442
PROGRESS 1031/1765 257/441 265/441 258/441 251/442
PROGRESS 1036/1765 259/441 266/441 259/441 252/442
PROGRESS 1043/1765 261/441 267/441 261/441 254/442
PROGRESS 1051/1765 264/441 268/441 264/441 255/442
PROGRESS 1057/1765 266/441 269/441 265/441 257/442
PROGRESS 1062/1765 267/441 271/441 266/441 258/442
PROGRESS 1067/1765 268/441 272/441 268/441 259/442
PROGRESS 1074/1765 270/441 273/441 270/441 261/442
PROGRESS 1080/1765 271/441 275/441 271/441 263/442
PROGRESS 1085/1765 272/441 276/441 272/441 265/442
PROGRESS 1094/1765 273/441 278/441 274/441 269/442
PROGRESS 1104/1765 276/441 282/441 276/441 270/442
PROGRESS 1113/1765 279/441 284/441 278/441 272/442
PROGRESS 1117/1765 280/441 285/441 279/441 273/442
PROGRESS 1126/1765 282/441 286/441 284/441 274/442
PROGRESS 1134/1765 284/441 288/441 286/441 276/442
PROGRESS 1140/1765 287/441 289/441 287/441 277/442
PROGRESS 1149/1765 290/441 291/441 289/441 279/442
PROGRESS 1155/1765 292/441 292/441 290/441 281/442
PROGRESS 1162/1765 294/441 293/441 291/441 284/442
PROGRESS 1169/1765 297/441 294/441 292/441 286/442
PROGRESS 1179/1765 299/441 298/441 294/441 288/442
PROGRESS 1186/1765 301/441 299/441 297/441 289/442
PROGRESS 1191/1765 302/441 301/441 298/441 290/442
PROGRESS 1201/1765 304/441 303/441 300/441 294/442
PROGRESS 1207/1765 305/441 305/441 301/441 296/442
PROGRESS 1218/1765 308/441 308/441 304/441 298/442
PROGRESS 1228/1765 311/441 310/441 305/441 302/442
PROGRESS 1239/1765 313/441 314/441 308/441 304/442
PROGRESS 1249/1765 315/441 317/441 310/441 307/442
PROGRESS 1258/1765 318/441 318/441 314/441 308/442
PROGRESS 1268/1765 321/441 320/441 317/441 310/442
PROGRESS 1274/1765 323/441 321/441 319/441 311/442
PROGRESS 1287/1765 327/441 325/441 322/441 313/442
PROGRESS 1294/1765 329/441 327/441 324/441 314/442
PROGRESS 1301/1765 331/441 329/441 325/441 316/442
PROGRESS 1308/1765 332/441 331/441 327/441 318/442
PROGRESS 1317/1765 336/441 333/441 328/441 320/442
PROGRESS 1326/1765 340/441 334/441 330/441 322/442
PROGRESS 1337/1765 343/441 338/441 332/441 324/442
PROGRESS 1346/1765 346/441 340/441 334/441 326/442
PROGRESS 1355/1765 349/441 343/441 336/441 327/442
PROGRESS 1369/1765 353/441 347/441 339/441 330/442
PROGRESS 1374/1765 355/441 348/441 340/441 331/442
PROGRESS 1386/1765 358/441 351/441 344/441 333/442
PROGRESS 1402/1765 363/441 354/441 347/441 338/442
PROGRESS 1416/1765 368/441 358/441 350/441 340/442
PROGRESS 1428/1765 371/441 361/441 352/441 344/442
PROGRESS 1438/1765 374/441 364/441 354/441 346/442
PROGRESS 1452/1765 379/441 366/441 357/441 350/442
PROGRESS 1461/1765 381/441 368/441 359/441 353/442
PROGRESS 1469/1765 383/441 371/441 360/441 355/442
PROGRESS 1484/1765 386/441 375/441 365/441 358/442
PROGRESS 1495/1765 388/441 378/441 368/441 361/442
PROGRESS 1506/1765 390/441 380/441 370/441 366/442
PROGRESS 1515/1765 392/441 382/441 372/441 369/442
PROGRESS 1522/1765 393/441 384/441 374/441 371/442
PROGRESS 1530/1765 395/441 385/441 377/441 373/442
PROGRESS 1548/1765 397/441 392/441 382/441 377/442
PROGRESS 1556/1765 399/441 394/441 384/441 379/442
PROGRESS 1563/1765 400/441 396/441 386/441 381/442
PROGRESS 1576/1765 402/441 399/441 389/441 386/442
PROGRESS 1585/1765 404/441 401/441 392/441 388/442
PROGRESS 1595/1765 406/441 403/441 396/441 390/442
PROGRESS 1603/1765 408/441 404/441 399/441 392/442
PROGRESS 1614/1765 412/441 406/441 402/441 394/442
PROGRESS 1619/1765 413/441 407/441 403/441 396/442
PROGRESS 1624/1765 414/441 409/441 404/441 397/442
PROGRESS 1630/1765 415/441 411/441 406/441 398/442
PROGRESS 1637/1765 417/441 412/441 408/441 400/442
PROGRESS 1644/1765 418/441 415/441 410/441 401/442
PROGRESS 1653/1765 420/441 418/441 412/441 403/442
PROGRESS 1663/1765 421/441 420/441 414/441 408/442
PROGRESS 1668/1765 422/441 422/441 415/441 409/442
PROGRESS 1675/1765 424/441 423/441 418/441 410/442
PROGRESS 1684/1765 426/441 425/441 421/441 412/442
PROGRESS 1690/1765 428/441 427/441 422/441 413/442
PROGRESS 1697/1765 431/441 429/441 423/441 414/442
PROGRESS 1705/1765 433/441 432/441 425/441 415/442
PROGRESS 1713/1765 436/441 434/441 426/441 417/442
PROGRESS 1724/1765 438/441 438/441 428/441 420/442
PROGRESS 1731/1765 440/441 439/441 430/441 422/442
PROGRESS 1740/1765 441/441 441/441 433/441 425/442
PROGRESS 1751/1765 441/441 441/441 439/441 430/442
PROGRESS 1760/1765 441/441 441/441 441/441 437/442
PROGRESS 1765/1765 441/441 441/441 441/441 442/442
{
  "anchor_count": 1765,
  "master_workspace": "/root/autodl-tmp/sttrack_default_full127_v1_20260905/run/master",
  "merge_result_sha256": "cff98bff3c6c213a02131a3ab3caedb33a8f00c5bf9eefed32ac584243eb75a1",
  "result_file_count": 5295,
  "status": "complete"
}
