{
  "schema": "sttrack_native_default_full127_result_v1",
  "status": "complete",
  "integrity_pass": true,
  "tracker": "sttrack_default_full127",
  "sequences": 127,
  "anchors": 1765,
  "reused_m39_anchors": 303,
  "new_anchors": 1462,
  "checkpoint_sha256": "cacbd799115be1aaeb049cee0db89270851e3b6dd68997553b4c2c31c1104f98",
  "spec_sha256": "4fd889243450b42b38c3428ceba504346fb98e210297ce3df1fb8a390f3c19be",
  "execution_binding_sha256": "ce75a5c6acaec9b242fef7b4fdb995d79d6e81a5446c9f39d617a69abea6a817",
  "merge_sha256": "cff98bff3c6c213a02131a3ab3caedb33a8f00c5bf9eefed32ac584243eb75a1",
  "analysis_sha256": "6159ce97ab294129599435265567a2beb987788dea835d4c5974a068cc564ff4",
  "analysis": "/root/autodl-tmp/sttrack_default_full127_v1_20260905/run/master/analysis/sttrack_default_full127_analysis.json",
  "metrics_fraction": {
    "eao": 0.773216535962124,
    "acc": 0.8247118980990448,
    "rob": 0.9366910936768168
  },
  "metrics_percent": {
    "eao": 77.3216535962124,
    "acc": 82.47118980990447,
    "rob": 93.66910936768168
  },
  "confirmed_failures": 183,
  "failure_settings": {
    "burnin": 10,
    "grace": 10,
    "threshold": 0.1,
    "ignore_masks": "_ignore"
  },
  "exceeds_requested_vot_thresholds": {
    "acc": true,
    "eao": false,
    "rob": false
  },
  "optimizer_steps": 0,
  "new_checkpoint": false,
  "language_enabled": false,
  "scope": "Official full127 native STTrack reference. It is not a result for M48/M49/M50, nor final verification of a newly DepthTrack-trained three-dataset model bundle."
}
