WARNING: You are using tensorboardX instead sis you have a too old pytorch version.
{"sequence": "bag05_indoor", "frames": 889, "sha256": "98a63e16db9c6a0c98b0f88bb9d30b83d92a0493c76f3ab1745aa7c0db802c04", "elapsed_seconds": 47.51142883300781}
{"sequence": "ball07_indoor", "frames": 2519, "sha256": "525498609eb33872ab4d879f8fd7bc23cc6a161b2cfc0abb8fe808fe6d5f2ccc", "elapsed_seconds": 175.16486525535583}
{"sequence": "ball19_indoor", "frames": 1381, "sha256": "fc4ad174db83c1cc35f756ed02ee0a494ae83230d26f52330d7370647ba85b8b", "elapsed_seconds": 245.63628911972046}
{"sequence": "beautifullight01_indoor", "frames": 1270, "sha256": "ad6f6c2896be359c95170c631df1184ff8d7b8ef212d67f7fd94a5da4b274138", "elapsed_seconds": 309.91464710235596}
{"sequence": "book06_indoor", "frames": 1991, "sha256": "fafc982eb7528ab4f8560ab7db776afd2b7b14f35178983f55b3f139c38fcf43", "elapsed_seconds": 411.1620743274689}
{"sequence": "car01_indoor", "frames": 1542, "sha256": "cd886be4d53817d499e0476f3c4b2df58c1033b7db9f93194c3b28a36f4e3b56", "elapsed_seconds": 489.8030095100403}
{"sequence": "car02_indoor", "frames": 753, "sha256": "2d633665bd5ce80dd3c555ebab96449621a09f790d94a99184c163a643b84449", "elapsed_seconds": 528.1240530014038}
{"sequence": "colacan01_indoor", "frames": 3056, "sha256": "8961c8676afdf2256ad639c98e0fc6efb26b32f3f0bcd74ac7517425525e51d6", "elapsed_seconds": 683.5689136981964}
{"sequence": "colacan04_indoor", "frames": 1001, "sha256": "7f693435af000cd0eb9e9eb1d16813d8b318f76805c19e7a6088a9415a27cd6a", "elapsed_seconds": 734.5342547893524}
{"sequence": "container01_indoor", "frames": 761, "sha256": "d2f08b4564dca2e05cb5c1181c25b09e1bb40dca6384d96695dfc400c2e54373", "elapsed_seconds": 774.6568474769592}
{"sequence": "cup08_indoor", "frames": 1451, "sha256": "c22d74a639c9dd7676b6da6d9070c65e22d2e6b19f4c54daf6538fb03171233b", "elapsed_seconds": 847.9094786643982}
{"sequence": "cup10_indoor", "frames": 2196, "sha256": "fe051ae6550e4c39f065c1d1c65e7848970aae4fa9c7fef9248bbc9e71645854", "elapsed_seconds": 958.8927309513092}
{"sequence": "cup13_indoor", "frames": 1762, "sha256": "5e8559621dc3a0bb83569b18b56754d3c18a36e305577d629c0d284afb8e505e", "elapsed_seconds": 1047.793934583664}
{"sequence": "egg_indoor", "frames": 3552, "sha256": "bd2cd889ef76e86c52396260fe00ead280b6af62ec8cae15dfbe2a6db04c9cc4", "elapsed_seconds": 1228.055501461029}
{"sequence": "flower02_wild", "frames": 656, "sha256": "caafdf29a3d86e109fa2dd5416d52065659dc4f996dd2e811fc86ffad032f035", "elapsed_seconds": 1261.3132283687592}
{"sequence": "flower03_indoor", "frames": 744, "sha256": "7cad98d1745921cec17b33c472c23c12313a841b0051626a281ddbd60affb30e", "elapsed_seconds": 1298.572538614273}
{"sequence": "flowerbasket_indoor", "frames": 1001, "sha256": "36bfb794fd2f52b673355609ab0005918ae095184ee8c83d23e1db3277b63b0d", "elapsed_seconds": 1349.615502357483}
{"sequence": "ghostmask_indoor", "frames": 1165, "sha256": "2521314c91cc9479e85cd1a35f6b8367528eb6c0c4304043212465142e1a81ac", "elapsed_seconds": 1409.3786933422089}
{"sequence": "glass03_indoor", "frames": 675, "sha256": "993ab0a071e9ee3d262cb76329f4ca7acf69b6db7eff974922385834edc1a11e", "elapsed_seconds": 1443.1831095218658}
{"sequence": "mobilephone01_indoor", "frames": 1418, "sha256": "cc9e6bb00a0de4cb4930254471ef9bc2593cca266298e618b2377bf88e85aa4d", "elapsed_seconds": 1515.6571605205536}
{"sequence": "mobilephone02_indoor", "frames": 701, "sha256": "a742b2e95b0cca291847e8e174c888f2d822faed66857801b37da25ab40e1741", "elapsed_seconds": 1551.065625667572}
{"sequence": "notebook02_indoor", "frames": 2646, "sha256": "ee4ce4692a5f66385f5bd6372b33a846b4ec24b8d8b8961ef3275cda695d7c2e", "elapsed_seconds": 1685.2860057353973}
