WARNING: You are using tensorboardX instead sis you have a too old pytorch version.
{"control": "empty", "sequence": "bag05_indoor", "frames": 889, "sha256": "3378c79c516307d54185be34110f103dc86960de5393cc1bdcbc826b07ce8d90", "elapsed_seconds": 49.483744859695435}
{"control": "empty", "sequence": "ball07_indoor", "frames": 2519, "sha256": "c0f47626a9be30f66ecf6e1b5c8100203614c778ec5d3f0f4c518cd42a56b900", "elapsed_seconds": 183.61746668815613}
{"control": "empty", "sequence": "ball19_indoor", "frames": 1381, "sha256": "191f85f275de0352d2f421a6548b2272bf0e72e9a5f7f068252d9c5374ed84eb", "elapsed_seconds": 257.33927822113037}
{"control": "empty", "sequence": "beautifullight01_indoor", "frames": 1270, "sha256": "6c0e9d14bb42ab18423d4f17bc1aa9fc731b5961306c69b6216f4ce6215d78c3", "elapsed_seconds": 324.33894324302673}
{"control": "empty", "sequence": "book06_indoor", "frames": 1991, "sha256": "9769906fd2000233f2cf35861080ad71bb8c19dee6507a77d88babec00efa6a7", "elapsed_seconds": 430.63014960289}
{"control": "empty", "sequence": "car01_indoor", "frames": 1542, "sha256": "48db8d1906e7c7dad56f1cd117ff75304abe49d03d701f88ad83aca71f384167", "elapsed_seconds": 513.3567590713501}
{"control": "empty", "sequence": "car02_indoor", "frames": 753, "sha256": "8965e60ed3c428daf86d1da131acbca4e8772cbfd7fe21d0d7a986d60c63592d", "elapsed_seconds": 553.5082187652588}
{"control": "empty", "sequence": "colacan01_indoor", "frames": 3056, "sha256": "64aaa3d1e1aa0732a0cae620806674c2d2e73c2d995ad0703deb44f85f3bf56b", "elapsed_seconds": 716.1310625076294}
{"control": "empty", "sequence": "colacan04_indoor", "frames": 1001, "sha256": "9af255f8946a863768d09d299247a3655452afa1fdfa49b49ea5d443fc50c21c", "elapsed_seconds": 769.1364192962646}
{"control": "empty", "sequence": "container01_indoor", "frames": 761, "sha256": "3952a2ac766fca2b4536c862ed994ed4a389081cbdd99823820c1bf012746a11", "elapsed_seconds": 811.0864717960358}
{"control": "empty", "sequence": "cup08_indoor", "frames": 1451, "sha256": "8c50543d19a313b6e9bb3e584ef77f864e15e88628618e0b9a864f2135c3898b", "elapsed_seconds": 887.77583527565}
{"control": "empty", "sequence": "cup10_indoor", "frames": 2196, "sha256": "d9b1fde30488b302416478a3907e839061b4a7c360b006f5249a7f9ee0331e1f", "elapsed_seconds": 1003.7578711509705}
{"control": "empty", "sequence": "cup13_indoor", "frames": 1762, "sha256": "880f83156b3ed82a96eb5323d5d0b8292c8c13a3796d94849d90aaaaed37e2b6", "elapsed_seconds": 1097.081881761551}
{"control": "empty", "sequence": "egg_indoor", "frames": 3552, "sha256": "4797657b1ebbd7fbbc55950ae60b08116b67d3f083fa931783f91fe0178ac753", "elapsed_seconds": 1285.0846016407013}
{"control": "empty", "sequence": "flower02_wild", "frames": 656, "sha256": "fae835de9d5b911ab44083c443ca7a97ffe1431b726aafb715ef7d4f6bdcd568", "elapsed_seconds": 1320.2957589626312}
{"control": "empty", "sequence": "flower03_indoor", "frames": 744, "sha256": "9db23f850056de9f1b885fa49275210d0e4a2dadf8dcd9c27cf7bc27ff99ba18", "elapsed_seconds": 1359.1778409481049}
{"control": "empty", "sequence": "flowerbasket_indoor", "frames": 1001, "sha256": "067af7331a3b5df7febeebd5973fe5ea8d8b1a9e5ed94a44df4232c94f0000b3", "elapsed_seconds": 1412.4223296642303}
{"control": "empty", "sequence": "ghostmask_indoor", "frames": 1165, "sha256": "2cee645216ff1de3136bf924b30e357e269148a27d8787fea8e3c739bd087b81", "elapsed_seconds": 1475.3701119422913}
{"control": "empty", "sequence": "glass03_indoor", "frames": 675, "sha256": "bf0ced4e643c4a2e13e6b14b4eb1c7760c7117dbba22f537fdb47ea9c6c47b4d", "elapsed_seconds": 1511.0919060707092}
{"control": "empty", "sequence": "mobilephone01_indoor", "frames": 1418, "sha256": "0b718c0e16cd06d4c41fa0eedf2e5e11faa1e2f0268f10ff897935a982fd9ef8", "elapsed_seconds": 1586.7504284381866}
{"control": "empty", "sequence": "mobilephone02_indoor", "frames": 701, "sha256": "e383caea1e2ed021c575f8ddfaf55627a0ace9533367cbfad68b537ea8f72117", "elapsed_seconds": 1623.6593732833862}
{"control": "empty", "sequence": "notebook02_indoor", "frames": 2646, "sha256": "128360018e23378ee4d99186fb9b6b19ef03f6c0d0f2516b60ff120f43692656", "elapsed_seconds": 1764.5069825649261}
{"control": "mismatch", "sequence": "bag05_indoor", "frames": 889, "sha256": "292f01ce6aa899d3ec8db341cfe31041a4f13b7159e8d597cd716011a834387d", "elapsed_seconds": 47.30448889732361}
{"control": "mismatch", "sequence": "ball07_indoor", "frames": 2519, "sha256": "e0555b4dcfd906772a5bc318c0daf6c32072d092ca3358ff72867f691f4da8c0", "elapsed_seconds": 181.7531223297119}
{"control": "mismatch", "sequence": "ball19_indoor", "frames": 1381, "sha256": "73c6dc54f2ec17ee09559c3b1c40f002abf6cdbce37380c46e8d15abfa13395b", "elapsed_seconds": 255.58865594863892}
{"control": "mismatch", "sequence": "beautifullight01_indoor", "frames": 1270, "sha256": "b6ccfc0b1340fc1d4bef144adaab61ddf632b2560d04a73bf738c75fc3c925fb", "elapsed_seconds": 323.4855980873108}
{"control": "mismatch", "sequence": "book06_indoor", "frames": 1991, "sha256": "1d92b8afa438a9299c715fa4043bf37d43b896fbd25298805ee5b3aad99a6478", "elapsed_seconds": 430.45908761024475}
{"control": "mismatch", "sequence": "car01_indoor", "frames": 1542, "sha256": "56c6bd4922694be16bd1bde2f96dba35c99e31ee1ad91bec887d80d71b7beaad", "elapsed_seconds": 512.8732855319977}
{"control": "mismatch", "sequence": "car02_indoor", "frames": 753, "sha256": "3ad12e2a3f98e649005895f01b3b99e8193156cab728db9bb26ea015fda3aa28", "elapsed_seconds": 552.9512927532196}
{"control": "mismatch", "sequence": "colacan01_indoor", "frames": 3056, "sha256": "ecdb24e2ffb5657a492df11695a228f6ba5579e2bd33d82485fd6e57f4fe5e4f", "elapsed_seconds": 716.9771389961243}
{"control": "mismatch", "sequence": "colacan04_indoor", "frames": 1001, "sha256": "d262088aea363cd941077d93dcff159737f0df8640361655a69d28e127a40ceb", "elapsed_seconds": 770.9498524665833}
{"control": "mismatch", "sequence": "container01_indoor", "frames": 761, "sha256": "1d5326a6ec08557959d9f8244159829a41910187c9073819c206d88c4f0270b5", "elapsed_seconds": 813.3828792572021}
{"control": "mismatch", "sequence": "cup08_indoor", "frames": 1451, "sha256": "32d23fb33a87f8746608353c6acff81c15b98e6e033b925ea7918ba3361014c3", "elapsed_seconds": 889.6672213077545}
{"control": "mismatch", "sequence": "cup10_indoor", "frames": 2196, "sha256": "a1f5e50da80c08a66bae197e2e2d3159bb08c55c1e792668a80678bb8020cf3e", "elapsed_seconds": 1006.4492387771606}
{"control": "mismatch", "sequence": "cup13_indoor", "frames": 1762, "sha256": "d9ae2ed27d9da9b9ab701fbe1f9210c776388531ab4970b284b99ec6554adf7a", "elapsed_seconds": 1099.5784301757812}
{"control": "mismatch", "sequence": "egg_indoor", "frames": 3552, "sha256": "b89e353f55af0dfeb3bd24d3ee98d9b08504722c2e776fc0ba56548c7b965e18", "elapsed_seconds": 1287.9906108379364}
{"control": "mismatch", "sequence": "flower02_wild", "frames": 656, "sha256": "c48bdafaa43746b115f27880534db36d8dd46563c0e20193b814141aa5de48f5", "elapsed_seconds": 1322.6190316677094}
{"control": "mismatch", "sequence": "flower03_indoor", "frames": 744, "sha256": "faae0f6eb52166a3228854c819a7ca70328a00259b9f181bffba77e4609821b7", "elapsed_seconds": 1361.353611946106}
{"control": "mismatch", "sequence": "flowerbasket_indoor", "frames": 1001, "sha256": "5a1d0997639e18c54c0767c0ff24f37dd7910bea3ef8c00a6477f57ea926f3b4", "elapsed_seconds": 1414.5524559020996}
{"control": "mismatch", "sequence": "ghostmask_indoor", "frames": 1165, "sha256": "55cdea5ad392ad4d95d3dfc49c8c71493e0801bc2b38dcf55fc7b311ec5d51ed", "elapsed_seconds": 1477.0908243656158}
{"control": "mismatch", "sequence": "glass03_indoor", "frames": 675, "sha256": "5c293e584ccc6d8d8a567f975c62c4fd37f449980c005040e351b9d4976d58a1", "elapsed_seconds": 1512.8897092342377}
{"control": "mismatch", "sequence": "mobilephone01_indoor", "frames": 1418, "sha256": "af2d4cb2ebc6f6c17fb09e92b530f9cbc08ac2bbae3dcf19fed48057fab68564", "elapsed_seconds": 1588.7326753139496}
{"control": "mismatch", "sequence": "mobilephone02_indoor", "frames": 701, "sha256": "cb01d481d006921de5fbf7568989249ce05b9d279b34717f67710556390f7606", "elapsed_seconds": 1625.746844291687}
{"control": "mismatch", "sequence": "notebook02_indoor", "frames": 2646, "sha256": "2ccc7a95a7771e7caf73e41367f1fbf6d3c25f1e342db3c4c73991cc10cc67cd", "elapsed_seconds": 1766.94664478302}
