WARNING: You are using tensorboardX instead sis you have a too old pytorch version.
{"control": "category", "sequence": "bag05_indoor", "frames": 889, "sha256": "e67b803714187f13b34f6dcdcbdd4dea76398e76d394ca28f4c42eb01cd228ea", "elapsed_seconds": 49.529407262802124}
{"control": "category", "sequence": "ball07_indoor", "frames": 2519, "sha256": "19230d9be2f8563fd6d274f994541cffff92df7e057c9b568f55c2f46213cfaf", "elapsed_seconds": 182.42655873298645}
{"control": "category", "sequence": "ball19_indoor", "frames": 1381, "sha256": "9af98c9f3388b03d673f9716df5483076660b42e5d908b17b80453ec8ff11720", "elapsed_seconds": 255.87935161590576}
{"control": "category", "sequence": "beautifullight01_indoor", "frames": 1270, "sha256": "16af63220d2d00eb1d5776b6ba02551c364b33f58a3132631ee1f06fe3ed6bf8", "elapsed_seconds": 323.03666472435}
{"control": "category", "sequence": "book06_indoor", "frames": 1991, "sha256": "12d710a6f6e00e66fee361f97391fae35119a9ab9b8105a804e2d865046e9ebe", "elapsed_seconds": 428.52862191200256}
{"control": "category", "sequence": "car01_indoor", "frames": 1542, "sha256": "b2095b066bf8c13ba656ba51c79fb6f3966b7e2c503c22d72ce93864651a4bd3", "elapsed_seconds": 510.51713013648987}
{"control": "category", "sequence": "car02_indoor", "frames": 753, "sha256": "2fdcde4661290867aa9323bece16670ba0284588728e340d4789f0caeaeeed4f", "elapsed_seconds": 550.4217376708984}
{"control": "category", "sequence": "colacan01_indoor", "frames": 3056, "sha256": "c3c802092249c29a5ce92093ba4a0e3bf91b76bc44eb175dde8545f46e046363", "elapsed_seconds": 712.6811909675598}
{"control": "category", "sequence": "colacan04_indoor", "frames": 1001, "sha256": "e02da966aa50dc840fe0c5e601dcaef1c1838931610ee36a98107e94a896594e", "elapsed_seconds": 765.423171043396}
{"control": "category", "sequence": "container01_indoor", "frames": 761, "sha256": "6ddb2c01603c428461265bc4a1ea4672742569900378058b39ba6aa7948d3569", "elapsed_seconds": 807.0785822868347}
{"control": "category", "sequence": "cup08_indoor", "frames": 1451, "sha256": "9b98d6c93ef3bce05be83e46d0628d73f28d9bd6c02869bd58ae1c1f405e6e5a", "elapsed_seconds": 883.3302116394043}
{"control": "category", "sequence": "cup10_indoor", "frames": 2196, "sha256": "d7cf7bd687d7a65e73028328fedd5940490ed7f6027dcbe9bb2df7be6da33f13", "elapsed_seconds": 999.5858654975891}
{"control": "category", "sequence": "cup13_indoor", "frames": 1762, "sha256": "040700b5f258e12be955a61703dbd9940f89f4f689d355c3850d744c64977bf4", "elapsed_seconds": 1092.8739705085754}
{"control": "category", "sequence": "egg_indoor", "frames": 3552, "sha256": "004ce5cfe0f5fac7e1355cbf6dc3230dbd3e371ad95d147d8796c664ba9bed71", "elapsed_seconds": 1280.1442861557007}
{"control": "category", "sequence": "flower02_wild", "frames": 656, "sha256": "c971be424981da0b8e50ce71d4bfb30e8684a1c370a5f55e16005bed67e691fb", "elapsed_seconds": 1314.961810350418}
{"control": "category", "sequence": "flower03_indoor", "frames": 744, "sha256": "83d985022efaf37b0cd6366b9d3565803d308aafcaa5e022b0c04b0ab828d7e2", "elapsed_seconds": 1353.7842965126038}
{"control": "category", "sequence": "flowerbasket_indoor", "frames": 1001, "sha256": "2c921664d290490def347bef38b7020c09008e166e43c076ce9fdd4d64820beb", "elapsed_seconds": 1407.2323906421661}
{"control": "category", "sequence": "ghostmask_indoor", "frames": 1165, "sha256": "31861a5ee6c918b9a598f2ce51e11fda0fc1b74fb3e143b823047ac67bc3becb", "elapsed_seconds": 1469.9133150577545}
{"control": "category", "sequence": "glass03_indoor", "frames": 675, "sha256": "389f8e4cc95897a29103de05c1f3997ae6d8ca3b6d1ab114632b63260753f9b5", "elapsed_seconds": 1505.523948431015}
{"control": "category", "sequence": "mobilephone01_indoor", "frames": 1418, "sha256": "17e16565bd1a8a45625de7f25b56790d90391db7e0b3e29eb8371c4effa47574", "elapsed_seconds": 1580.9552669525146}
{"control": "category", "sequence": "mobilephone02_indoor", "frames": 701, "sha256": "c8b23bc22c2791f213cc28b78ae563f4ad3f0898301ce008025c5e6268bdebf2", "elapsed_seconds": 1618.0731768608093}
{"control": "category", "sequence": "notebook02_indoor", "frames": 2646, "sha256": "aaabd6841baddf821c75dfe74797b0aec11044639087d9d611e9f6772f549b79", "elapsed_seconds": 1758.935245513916}
{"control": "attributes", "sequence": "ball07_indoor", "frames": 2519, "sha256": "baab5edc017e418c9b0ed196498bfa62e7ef41e831fa51e993e0934b5a7032cc", "elapsed_seconds": 134.13057947158813}
{"control": "attributes", "sequence": "ball19_indoor", "frames": 1381, "sha256": "659ffc24e460384c70b9eaf4f5398195dd868c8ad2ff17cdde976fae238b3733", "elapsed_seconds": 207.90422105789185}
{"control": "attributes", "sequence": "beautifullight01_indoor", "frames": 1270, "sha256": "9cd6f65452a2479bb78b129c00cd9889874301f2fec9142299f55c8b04837d6b", "elapsed_seconds": 275.4129934310913}
{"control": "attributes", "sequence": "book06_indoor", "frames": 1991, "sha256": "504c92fc7c4b86b1e31214cd238b8b13c3ada6e8fa9ef73571bd9e3e6ec9785d", "elapsed_seconds": 381.8701021671295}
{"control": "attributes", "sequence": "car01_indoor", "frames": 1542, "sha256": "3cbac9a4ae9de4b789998244aea3e129806c4ed15aa85b86b55afbfd695ba306", "elapsed_seconds": 464.7469484806061}
{"control": "attributes", "sequence": "car02_indoor", "frames": 753, "sha256": "a0eb8611c252b77fa909ebc06db233c55c972aebc3690fb4515f38ee5e653156", "elapsed_seconds": 504.7733097076416}
{"control": "attributes", "sequence": "container01_indoor", "frames": 761, "sha256": "67d82f04fc2bb46d15cfded2af46162e0e5f16a7b6f26773ed9e0e69cf7a9ab1", "elapsed_seconds": 546.5377657413483}
{"control": "attributes", "sequence": "cup08_indoor", "frames": 1451, "sha256": "d5006f407fafba710a63c47e7135d9800dae9dfeba3a70f4f37d5050c96bcb43", "elapsed_seconds": 623.6637914180756}
{"control": "attributes", "sequence": "cup10_indoor", "frames": 2196, "sha256": "dacb04a0b2a904adbc102914fa91929bfe6f1b603516c6c729a357f4a9e9e574", "elapsed_seconds": 740.5608134269714}
{"control": "attributes", "sequence": "cup13_indoor", "frames": 1762, "sha256": "2dba9ada7212e2ca5a2b2b4d5443c0eb24b2eb0dc5ff8c3b8b582e9f63ede249", "elapsed_seconds": 834.3189616203308}
{"control": "attributes", "sequence": "flower03_indoor", "frames": 744, "sha256": "533fa025ab7e0cabcf8b61753b23a7062a2083489c87171f9fe3cf4d459c840b", "elapsed_seconds": 873.3363955020905}
{"control": "attributes", "sequence": "glass03_indoor", "frames": 675, "sha256": "73f155bd5dccc9b80dc6754dbe3b95e8aa7de0d221cadee75b9df3564cec9a0b", "elapsed_seconds": 908.9235332012177}
{"control": "attributes", "sequence": "mobilephone02_indoor", "frames": 701, "sha256": "415448573956182eccd8197bf577ac8552612ee4fc3c77415c29c9000b535631", "elapsed_seconds": 945.7634422779083}
{"control": "attributes", "sequence": "notebook02_indoor", "frames": 2646, "sha256": "3f1bf49edee9fe782d2db12c821bde81051130572d1edceb9691c18e6f5c2c7e", "elapsed_seconds": 1086.9983086585999}
