{"done": 1, "total": 75, "sequence": "bag04_indoor", "split": "fit", "events": 23, "source_feature_sha256": "67a9d83ed0272d63e95844c2f45ebfc7fba8fdf234ffff8419898caa61c9c1ea", "original_M117_reader_default_close": true, "seconds": 2.8132357597351074}
{"done": 2, "total": 75, "sequence": "skateboard02_indoor", "split": "fit", "events": 20, "source_feature_sha256": "98cdc6b32f7404cc4098b6960b4a16c75dd18b07a8c937e1153383bc6231e5ab", "original_M117_reader_default_close": true, "seconds": 2.9168591499328613}
{"done": 3, "total": 75, "sequence": "bottle01_indoor", "split": "fit", "events": 37, "source_feature_sha256": "f40ca5acc90273aaefd2013735af4cf97a46e4f01e1831d4ab847883b30643e6", "original_M117_reader_default_close": true, "seconds": 3.1043598651885986}
{"done": 4, "total": 75, "sequence": "skateboard01_indoor", "split": "fit", "events": 33, "source_feature_sha256": "59fb564e01a14b2cc10417e5424b4c5001edba76ebb6b6f49edfb165a3672651", "original_M117_reader_default_close": true, "seconds": 3.260215997695923}
{"done": 5, "total": 75, "sequence": "cat05_indoor", "split": "fit", "events": 26, "source_feature_sha256": "1821872f1e556c4218ede6d3e6a7eacff3834ec734f7ad249aa77930b12bab59", "original_M117_reader_default_close": true, "seconds": 3.3828940391540527}
{"done": 6, "total": 75, "sequence": "ball04_indoor", "split": "fit", "events": 26, "source_feature_sha256": "ef1f3b46741f0aef72ed27af6b0170a3d112d833b00c547b216ce5e2c8a8965b", "original_M117_reader_default_close": true, "seconds": 3.502732515335083}
{"done": 7, "total": 75, "sequence": "ball03_indoor", "split": "fit", "events": 23, "source_feature_sha256": "77bb23420979c198f0aea07334b4658142c3924c5044a89a9d4f66b1307706e6", "original_M117_reader_default_close": true, "seconds": 3.6120283603668213}
{"done": 8, "total": 75, "sequence": "mushroom03_wild", "split": "fit", "events": 15, "source_feature_sha256": "a46eb05692758d470b03490dcb2a558f0483676b353b1649bd83f9e161bf723f", "original_M117_reader_default_close": true, "seconds": 3.683669090270996}
{"done": 9, "total": 75, "sequence": "mushroom05_indoor", "split": "fit", "events": 25, "source_feature_sha256": "7fae4c1c213824cd093d94604b0ddcccc2186ae2cf58323e4069a744514bd8d1", "original_M117_reader_default_close": true, "seconds": 3.8072683811187744}
{"done": 10, "total": 75, "sequence": "mobilephone05_indoor", "split": "fit", "events": 25, "source_feature_sha256": "820e6064781f6378a7ba32053eb09cbdb1f416fa474b0a0139aa97d9757397fc", "original_M117_reader_default_close": true, "seconds": 3.9296576976776123}
{"done": 11, "total": 75, "sequence": "ball17_wild", "split": "fit", "events": 25, "source_feature_sha256": "52cc1a63b90ae82564590a782515b0944c1e152032652f4278243b844a417496", "original_M117_reader_default_close": true, "seconds": 4.04933762550354}
{"done": 12, "total": 75, "sequence": "book05_indoor", "split": "fit", "events": 18, "source_feature_sha256": "108c29d6d5a83a08b1a6e6476e7bf1c40219cda644afde62f59236d7f3f2003f", "original_M117_reader_default_close": true, "seconds": 4.1392598152160645}
{"done": 13, "total": 75, "sequence": "book02_indoor", "split": "fit", "events": 16, "source_feature_sha256": "9f573cb0b2e876143489fbd10e9940af3a88c16e0ab4a1ed83d1a7fb32b3c3e3", "original_M117_reader_default_close": true, "seconds": 4.218241453170776}
{"done": 14, "total": 75, "sequence": "bike02_wild", "split": "fit", "events": 12, "source_feature_sha256": "7139ce0cceee161a3f6412ef5fce714386cd4dbda65aba7b84f5cbedfdcfbb8e", "original_M117_reader_default_close": true, "seconds": 4.27859902381897}
{"done": 15, "total": 75, "sequence": "book01_indoor", "split": "fit", "events": 20, "source_feature_sha256": "eda645131587e53c0f119f21c79194a169101448d129e3b98e43e90a3d4be0cd", "original_M117_reader_default_close": true, "seconds": 4.372278451919556}
{"done": 16, "total": 75, "sequence": "glass04_indoor", "split": "fit", "events": 18, "source_feature_sha256": "7d841ca492c34b8ec9603954a0973fa870114d9b0d55792e6d9adb28498887e9", "original_M117_reader_default_close": true, "seconds": 4.456120014190674}
{"done": 17, "total": 75, "sequence": "colacan02_indoor", "split": "fit", "events": 38, "source_feature_sha256": "f05ced1f2daadba50c7646c877e0e7a9aedcd91e60e90fd64d8d022bc2456c65", "original_M117_reader_default_close": true, "seconds": 4.625017166137695}
{"done": 18, "total": 75, "sequence": "parkingsign_wild", "split": "fit", "events": 15, "source_feature_sha256": "efde00db74437045792eb72930e8622396a4b75b311c062c7a734d224f910a7f", "original_M117_reader_default_close": true, "seconds": 4.697334051132202}
{"done": 19, "total": 75, "sequence": "teacup_indoor", "split": "fit", "events": 25, "source_feature_sha256": "cc8a89acfe594722d082a3010940b96d90c08e452456d73add1db78616f9a68a", "original_M117_reader_default_close": true, "seconds": 4.811844348907471}
{"done": 20, "total": 75, "sequence": "suitcase_indoor", "split": "fit", "events": 26, "source_feature_sha256": "350c375472a4f1740ba12ed5a7d8bbb98d80160e2a7c319e37276b77b95f7fe9", "original_M117_reader_default_close": true, "seconds": 4.932120084762573}
{"done": 21, "total": 75, "sequence": "ball05_indoor", "split": "fit", "events": 26, "source_feature_sha256": "0c3560cff21a841142d77e7db3994cbc6992de1b7424c7f41d5ceec86c73acb0", "original_M117_reader_default_close": true, "seconds": 5.054322004318237}
{"done": 22, "total": 75, "sequence": "cube06_indoor", "split": "fit", "events": 28, "source_feature_sha256": "c162094c58323c44eba14ed84d501e836c6b56602098620467933cedbd2d1619", "original_M117_reader_default_close": true, "seconds": 5.188194036483765}
{"done": 23, "total": 75, "sequence": "mushroom04_indoor", "split": "fit", "events": 19, "source_feature_sha256": "ae6895037073ffd36c8ab0e312b9ccbf9098e731b0b930f9a4368c47eee544c5", "original_M117_reader_default_close": true, "seconds": 5.281134366989136}
{"done": 24, "total": 75, "sequence": "swing01_wild", "split": "fit", "events": 12, "source_feature_sha256": "de59201f622dbd09c07623311874042aaa75e554a9e5b75ee491c1b8ff806435", "original_M117_reader_default_close": true, "seconds": 5.341412544250488}
{"done": 25, "total": 75, "sequence": "cup14_indoor", "split": "fit", "events": 23, "source_feature_sha256": "578173db7ffc929f133aaa220a73de3ae4d7d4b94cac02478556437ff257faf9", "original_M117_reader_default_close": true, "seconds": 5.449542760848999}
{"done": 26, "total": 75, "sequence": "toy04_indoor", "split": "fit", "events": 14, "source_feature_sha256": "ad72271915c66af5fc9c456aed824a5563a1f45ac2da6ced1abcf052f3e8713e", "original_M117_reader_default_close": true, "seconds": 5.518755674362183}
{"done": 27, "total": 75, "sequence": "human01_indoor", "split": "fit", "events": 18, "source_feature_sha256": "8e7f99a4d72681a4a53b4ca8eb36c91a0190f8e4c6fa66c2d470bac4ae98ff9a", "original_M117_reader_default_close": true, "seconds": 5.601316928863525}
{"done": 28, "total": 75, "sequence": "toiletpaper04_indoor", "split": "fit", "events": 23, "source_feature_sha256": "d359e8383077a7044379959de7f9fc77f55b4821f7fa22b9758d5e29ed223026", "original_M117_reader_default_close": true, "seconds": 5.7069666385650635}
{"done": 29, "total": 75, "sequence": "painting_indoor_320", "split": "fit", "events": 16, "source_feature_sha256": "fc0e789fb4c3a8c221f895cd2b3fd80c05a769ebdbcff38ce1d3514568720bf8", "original_M117_reader_default_close": true, "seconds": 5.781074523925781}
{"done": 30, "total": 75, "sequence": "bike01_wild", "split": "fit", "events": 16, "source_feature_sha256": "12865a1c94258a8ff07b0d55f03eb5d5c182216077f870945d42bb46591792e8", "original_M117_reader_default_close": true, "seconds": 5.856596946716309}
{"done": 31, "total": 75, "sequence": "toiletpaper03_indoor", "split": "fit", "events": 35, "source_feature_sha256": "7c57c76b7430f84d50f0ce9cb04ddc2def85b5a2f646eb5675ad792e9e10a1bd", "original_M117_reader_default_close": true, "seconds": 6.018194913864136}
{"done": 32, "total": 75, "sequence": "hand02_indoor", "split": "fit", "events": 19, "source_feature_sha256": "c312c89579ebdc80e480fdc5160dc77cca8485b63d85629830de36a8b4913328", "original_M117_reader_default_close": true, "seconds": 6.105283975601196}
{"done": 33, "total": 75, "sequence": "shoes03_indoor", "split": "fit", "events": 19, "source_feature_sha256": "bdb5693c85b3e0c3b153d11d941dda0b39d8406638473d50897cd5b3f0b89ef8", "original_M117_reader_default_close": true, "seconds": 6.195988893508911}
{"done": 34, "total": 75, "sequence": "duck02_wild", "split": "fit", "events": 12, "source_feature_sha256": "05e3ee215228c5bb8ae790b35fd2862605e18529b5aa2a0e4e2fe281c852d79c", "original_M117_reader_default_close": true, "seconds": 6.254620552062988}
{"done": 35, "total": 75, "sequence": "mobilephone04_indoor", "split": "fit", "events": 20, "source_feature_sha256": "6c71a56b16b606a50d43d39741708d0ada5631d23d0d483aa044127d6d0f2aed", "original_M117_reader_default_close": true, "seconds": 6.346325635910034}
{"done": 36, "total": 75, "sequence": "cup07_indoor", "split": "fit", "events": 26, "source_feature_sha256": "cfbd3fffdd30396482212f47b4f29dfacbabc53ab95d38e45ebd83d1c090ca0d", "original_M117_reader_default_close": true, "seconds": 6.469606161117554}
{"done": 37, "total": 75, "sequence": "ball02_indoor", "split": "fit", "events": 38, "source_feature_sha256": "8a1ff4efff7b1246dfc70a66c07455af0ddf2caf2638f4402bfef628d528af4f", "original_M117_reader_default_close": true, "seconds": 6.6425981521606445}
{"done": 38, "total": 75, "sequence": "bike03_wild", "split": "fit", "events": 18, "source_feature_sha256": "9b43192a4eec8a371f8abcc82673c2c6d8bbe73329ec8671965df6dc19d05703", "original_M117_reader_default_close": true, "seconds": 6.7250144481658936}
{"done": 39, "total": 75, "sequence": "flower01_indoor", "split": "fit", "events": 37, "source_feature_sha256": "35f482acb3187a3941a124758343e49f7e615b2e0907c94fe2bc44b82b73f0a9", "original_M117_reader_default_close": true, "seconds": 6.888029336929321}
{"done": 40, "total": 75, "sequence": "clothes_indoor", "split": "fit", "events": 20, "source_feature_sha256": "55c7d128acc527f952d106a7dc31756f39e851f9109af432da3025bb4b04c27e", "original_M117_reader_default_close": true, "seconds": 6.982183456420898}
{"done": 41, "total": 75, "sequence": "hat04_indoor", "split": "fit", "events": 12, "source_feature_sha256": "5a7f7b4c6da6d7151b32d24bf4bd066f27e8b9103513c667a1341405a1a37306", "original_M117_reader_default_close": true, "seconds": 7.042590618133545}
{"done": 42, "total": 75, "sequence": "cup03_indoor", "split": "fit", "events": 33, "source_feature_sha256": "6031ffbfeba6cb71936bfcff6738bf130578864f7c8bdcac48da10099d0fe338", "original_M117_reader_default_close": true, "seconds": 7.186351776123047}
{"done": 43, "total": 75, "sequence": "trophy_indoor", "split": "fit", "events": 19, "source_feature_sha256": "3413e10af0fc6f39e3e89a1262e4e34289fc88ef3620e65cf54664bf2ebabd3a", "original_M117_reader_default_close": true, "seconds": 7.274943113327026}
{"done": 44, "total": 75, "sequence": "cup11_indoor", "split": "fit", "events": 20, "source_feature_sha256": "e273195c657b5be1375e406de66d733402eaa30156f03c5e222585f07da50e96", "original_M117_reader_default_close": true, "seconds": 7.367365598678589}
{"done": 45, "total": 75, "sequence": "cup05_indoor", "split": "fit", "events": 38, "source_feature_sha256": "79785655b23f3c1b1c5e1aa8a0a109d5e1b0697595c4fb0621eab5aa48b07d14", "original_M117_reader_default_close": true, "seconds": 7.5410380363464355}
{"done": 46, "total": 75, "sequence": "duck01_wild", "split": "fit", "events": 12, "source_feature_sha256": "eaa4808e771503257df19f31e23cb7c37a3229b092878b9f40635d74b32815f9", "original_M117_reader_default_close": true, "seconds": 7.600226640701294}
{"done": 47, "total": 75, "sequence": "cube01_indoor", "split": "fit", "events": 23, "source_feature_sha256": "c10568fcf1dfc88e4c9c908bb8b5065ad749a49a08cbb4562b5deabf121440f0", "original_M117_reader_default_close": true, "seconds": 7.708017587661743}
{"done": 48, "total": 75, "sequence": "mushroom01_indoor", "split": "fit", "events": 26, "source_feature_sha256": "3490173b028c2547307ea9724f78d5f68d200184d0825c5f24fdb3e420d38cb9", "original_M117_reader_default_close": true, "seconds": 7.83115291595459}
{"done": 49, "total": 75, "sequence": "file02_indoor", "split": "fit", "events": 21, "source_feature_sha256": "ffba322280e28f72f3004cde09f828ccd63cf947affa79b35a3cecf4ade5d30b", "original_M117_reader_default_close": true, "seconds": 7.931461334228516}
{"done": 50, "total": 75, "sequence": "ball16_indoor", "split": "fit", "events": 31, "source_feature_sha256": "2e2fded5a614f9bb49f42b83a611518fd96c5207d20683a1a01fa86f4e1a1623", "original_M117_reader_default_close": true, "seconds": 8.075662612915039}
{"done": 51, "total": 75, "sequence": "ball21_indoor", "split": "fit", "events": 17, "source_feature_sha256": "5fe970ad3fbbe7c1aecf06fe9142cfc304c2c313167aab825294d907d659c6dd", "original_M117_reader_default_close": true, "seconds": 8.157403945922852}
{"done": 52, "total": 75, "sequence": "leaves05_indoor", "split": "fit", "events": 20, "source_feature_sha256": "a35680baecbe100c770693b6cc81d54172dfc838f79f4661a2a2ea2ccf3dea52", "original_M117_reader_default_close": true, "seconds": 8.24988865852356}
{"done": 53, "total": 75, "sequence": "earphone02_indoor", "split": "fit", "events": 29, "source_feature_sha256": "bd3010ee24dc12b4340b4d581210f7e68f42a25c97639238c7a3b2eda24e53fa", "original_M117_reader_default_close": true, "seconds": 8.381207942962646}
{"done": 54, "total": 75, "sequence": "pigeon03_wild", "split": "fit", "events": 14, "source_feature_sha256": "ffb7a1852644e3fdb5917764243b1f122455ee8268316e5a69962065549092ee", "original_M117_reader_default_close": true, "seconds": 8.445497751235962}
{"done": 55, "total": 75, "sequence": "guitarbag_indoor", "split": "fit", "events": 26, "source_feature_sha256": "b8f6afd34a8316132e01eb24e8947df502f1dc3b0f40c4ce19bf0541bee7ca97", "original_M117_reader_default_close": true, "seconds": 8.563204288482666}
{"done": 56, "total": 75, "sequence": "paintbottle_indoor", "split": "fit", "events": 21, "source_feature_sha256": "6383f3b0a52b22c67f27888de3785ffed578699a76c402b7c498e6fd89f6dce1", "original_M117_reader_default_close": true, "seconds": 8.663740873336792}
{"done": 57, "total": 75, "sequence": "stand_indoor", "split": "fit", "events": 16, "source_feature_sha256": "c4ff1967ebcd06ad99043170f80fff89e0fad27755bf4fd818310a15efa05a52", "original_M117_reader_default_close": true, "seconds": 8.744089841842651}
{"done": 58, "total": 75, "sequence": "human06_indoor", "split": "fit", "events": 15, "source_feature_sha256": "53b5fb752f2c4ddd420aca1325ca4745691bfade7cebc6c9512e126cc58c7cf7", "original_M117_reader_default_close": true, "seconds": 8.813157081604004}
{"done": 59, "total": 75, "sequence": "pine01_indoor", "split": "fit", "events": 20, "source_feature_sha256": "987474e9739ccf26fbe94fd7272821ce1836d82249baf34ecfc9508eb8127999", "original_M117_reader_default_close": true, "seconds": 8.905709266662598}
{"done": 60, "total": 75, "sequence": "duck05_wild", "split": "fit", "events": 12, "source_feature_sha256": "3c9722f1f4d304ce06ea98de6119a4bc993d919b9b781579f27f6bdfb7b4810d", "original_M117_reader_default_close": true, "seconds": 8.966836214065552}
{"done": 61, "total": 75, "sequence": "human04_wild", "split": "fit", "events": 16, "source_feature_sha256": "9f0a1f01390036b8ec2e55946773a73864dd57f1cc860f4bccb7f26761ac89a2", "original_M117_reader_default_close": true, "seconds": 9.043676853179932}
{"done": 62, "total": 75, "sequence": "box_indoor", "split": "fit", "events": 31, "source_feature_sha256": "d8d9e5478ffdb35aa55b8298f0842820eac55a4396c802aeddd1302bdfb5d00a", "original_M117_reader_default_close": true, "seconds": 9.180338621139526}
{"done": 63, "total": 75, "sequence": "thermos02_indoor", "split": "fit", "events": 27, "source_feature_sha256": "dccaf662ce634af67a7ba246be05c0f16518ce70c225805e3ad45c05bff57029", "original_M117_reader_default_close": true, "seconds": 9.301426410675049}
{"done": 64, "total": 75, "sequence": "bottle05_indoor", "split": "fit", "events": 20, "source_feature_sha256": "253c60c150d8daf531a5af9e92004a6f13fd03a0af4ef40c9dcbffe010f9be5b", "original_M117_reader_default_close": true, "seconds": 9.394893169403076}
{"done": 65, "total": 75, "sequence": "mac_indoor", "split": "fit", "events": 13, "source_feature_sha256": "de8740fb90ec561e9f4f4628f24cc0a4ffc31fe5f88923433fb25f546101f5d0", "original_M117_reader_default_close": true, "seconds": 9.459711790084839}
{"done": 66, "total": 75, "sequence": "bag05_indoor", "split": "development", "events": 23, "source_feature_sha256": "7fcc041d46d8d8b199f2732285001b5258623e2e640c53dfd888726ca13a5d27", "original_M117_reader_default_close": true, "seconds": 9.56598973274231}
{"done": 67, "total": 75, "sequence": "ball19_indoor", "split": "development", "events": 21, "source_feature_sha256": "16ca0a9459b5166faa4b319236f456b854a1f36837e75d95e8d59cf95fb2fbaf", "original_M117_reader_default_close": true, "seconds": 9.668153285980225}
{"done": 68, "total": 75, "sequence": "beautifullight01_indoor", "split": "development", "events": 30, "source_feature_sha256": "8ceb30557db3d131eeed104027a3c0eedc6e889a6792cf5f8d95f655ef9fe61e", "original_M117_reader_default_close": true, "seconds": 9.803621053695679}
{"done": 69, "total": 75, "sequence": "car01_indoor", "split": "development", "events": 28, "source_feature_sha256": "e0c49aa5abb114443f99ee4e31519a493e569b642aff9a9ae1130953ff00d063", "original_M117_reader_default_close": true, "seconds": 9.930144786834717}
{"done": 70, "total": 75, "sequence": "colacan01_indoor", "split": "development", "events": 33, "source_feature_sha256": "7333215735c6b07af4bbdf9036ca4cead950e7bf06d54dfef1dd3d44eae014fc", "original_M117_reader_default_close": true, "seconds": 10.077611923217773}
{"done": 71, "total": 75, "sequence": "cup10_indoor", "split": "development", "events": 23, "source_feature_sha256": "365e38c392500967ef8ba1b2a8d79f166a1e008e7cb561ae192c2a37c3089311", "original_M117_reader_default_close": true, "seconds": 10.18296217918396}
{"done": 72, "total": 75, "sequence": "egg_indoor", "split": "development", "events": 37, "source_feature_sha256": "8a742bca0479c06254d0ac35a9bcd0ea5c91945ec0af8842adad66e2b3201ff9", "original_M117_reader_default_close": true, "seconds": 10.349064588546753}
{"done": 73, "total": 75, "sequence": "glass03_indoor", "split": "development", "events": 28, "source_feature_sha256": "06e3f4d3b090661425fce3ff4aa7ba49b76f08aec60cfedf5fa7183f9f804d82", "original_M117_reader_default_close": true, "seconds": 10.473477125167847}
{"done": 74, "total": 75, "sequence": "mobilephone02_indoor", "split": "development", "events": 18, "source_feature_sha256": "3fa037abb2f535e71d1955908b9566a5bb86fb55e7c461f31031e898439396c3", "original_M117_reader_default_close": true, "seconds": 10.55681300163269}
{"done": 75, "total": 75, "sequence": "notebook02_indoor", "split": "development", "events": 23, "source_feature_sha256": "c9754c9079146bcf476ab90b86e4b41b7748dcfe84383a4f5ae9ba979eed7b4f", "original_M117_reader_default_close": true, "seconds": 10.661673784255981}
{"status": "complete_M119_full_shard", "events": 1701, "seconds": 10.836439609527588}
