[
  {
    "sequence": "mobilephone02_indoor",
    "valid_frames": 610,
    "category_low_frames": 208,
    "low_center_outside": 206,
    "low_center_inside_no_correct_dense": 1,
    "low_center_inside_correct_dense": 1,
    "raw_rescue": 0,
    "raw_harm": 0,
    "swapped_rescue": 0,
    "swapped_harm": 0,
    "swapped_correct_dense_on_category_low": 1,
    "native_rescue": 0,
    "native_harm": 0,
    "native_correct_dense_on_category_low": 1,
    "low_all_heads_no_correct_dense": 207,
    "max_selected_decoder_error": 1.52587890625e-05
  },
  {
    "sequence": "car02_indoor",
    "valid_frames": 565,
    "category_low_frames": 366,
    "low_center_outside": 366,
    "low_center_inside_no_correct_dense": 0,
    "low_center_inside_correct_dense": 0,
    "raw_rescue": 0,
    "raw_harm": 0,
    "swapped_rescue": 0,
    "swapped_harm": 0,
    "swapped_correct_dense_on_category_low": 0,
    "native_rescue": 0,
    "native_harm": 0,
    "native_correct_dense_on_category_low": 0,
    "low_all_heads_no_correct_dense": 366,
    "max_selected_decoder_error": 1.52587890625e-05
  },
  {
    "sequence": "ghostmask_indoor",
    "valid_frames": 1025,
    "category_low_frames": 72,
    "low_center_outside": 55,
    "low_center_inside_no_correct_dense": 17,
    "low_center_inside_correct_dense": 0,
    "raw_rescue": 0,
    "raw_harm": 0,
    "swapped_rescue": 0,
    "swapped_harm": 0,
    "swapped_correct_dense_on_category_low": 0,
    "native_rescue": 0,
    "native_harm": 0,
    "native_correct_dense_on_category_low": 0,
    "low_all_heads_no_correct_dense": 72,
    "max_selected_decoder_error": 3.051757818184342e-05
  }
]
