{
  "status": "historical_sealed_family_and_scalar_metric_reference_pass",
  "observed_utc": "2026-09-07T02:51:25.317233+00:00",
  "auditor_sha256": "1773887deb3be27aa11a4409aa77bd7581f32b8d891ecab2a03454d277e769bf",
  "scalar_metric_source_sha256": "2c611c8dae3c226c5c625301a98ff1f74f4ff03e727c5599060dea1650cac66d",
  "reference_result_sha256": "0101fa8185855044dda7462df2f9606b6e58c88248e8a7f1cf87497fb055b150",
  "aggregates": {
    "control": {
      "valid_frames": 28897,
      "iou_sum": 19872.502287938965,
      "low_iou_frames": 6326,
      "failure_episodes": 78,
      "mean_iou": 0.6877012246232815,
      "macro_sequence_mean_iou": 0.6879317664992578
    },
    "null": {
      "valid_frames": 28897,
      "iou_sum": 20922.28794423755,
      "low_iou_frames": 5081,
      "failure_episodes": 68,
      "mean_iou": 0.7240297589451344,
      "macro_sequence_mean_iou": 0.755101188588103
    },
    "native": {
      "valid_frames": 28897,
      "iou_sum": 18847.382327003917,
      "low_iou_frames": 7397,
      "failure_episodes": 75,
      "mean_iou": 0.6522262631762438,
      "macro_sequence_mean_iou": 0.6843364163600396
    }
  },
  "reference_trajectory_families": 3,
  "reference_sequences_each": 22,
  "new_M67_prediction_files_opened": false,
  "M67_completion_audited": false,
  "new_training_steps": 0,
  "new_tracking_calls": 0,
  "independent_model_review_pass": false
}
