{
  "status": "conditional_content_inputs_and_source_prepared",
  "source_sha256": "40b765b22c398bc18ed4ac3f5ef33edc7b9611cf1c8d3172062f518d435f8285",
  "spec_sha256": "c107a0b08a6825803f6a57f0c7ab5f469e06288c3df203dfbb5ce880a4f6c400",
  "banks": {
    "category": {
      "path": "/root/autodl-tmp/sttrack_m67_supervised_semantic_support_20260907/text_development.pt",
      "sha256": "e537d03f666f661f684db63586ca7d995476a7bc00e12d641ba417f619c1b3d6"
    },
    "empty": {
      "path": "/root/autodl-tmp/sttrack_m67_supervised_semantic_support_20260907/content_counterfactuals/empty.pt",
      "sha256": "196c0eec92e272caf2f57f7be0b0db3144761a6306a52e1794e4756ff22e8449"
    },
    "swapped": {
      "path": "/root/autodl-tmp/sttrack_m67_supervised_semantic_support_20260907/content_counterfactuals/swapped.pt",
      "sha256": "955343f3e86d8e8d1bf15f29ee777de3b5098f37c80f2b2b5ea88aa44eda9125"
    }
  },
  "category_vectors_changed": 22,
  "masks_padding_noncategory_exact": true,
  "learned_head_loaded": false,
  "new_tracking_calls": 0,
  "new_GT_files_opened": false,
  "new_captions": 0,
  "new_embeddings": 0,
  "M67_training_or_evaluation_modified": false,
  "conditional_execution_started": false
}
