{
  "status": "verified",
  "rows": [
    {
      "key": "99ea0a81b4392b5c9f4cfa2ceda03ab2fb59e9edad74bdcd1ef9a1894180fd3f",
      "equal": {
        "raw": true,
        "category": true,
        "attributes": true,
        "image_sha256": true
      }
    },
    {
      "key": "7691523eeb3376b54cf108127773271048c552575e2d685a71d6bdfd26b5f57f",
      "equal": {
        "raw": true,
        "category": true,
        "attributes": true,
        "image_sha256": true
      }
    },
    {
      "key": "680ac403b268847882788d829278327999da7ad238a76cc1b99da6578c997ea5",
      "equal": {
        "raw": true,
        "category": true,
        "attributes": true,
        "image_sha256": true
      }
    }
  ],
  "generation_result_sha256": "9fc95e2bee5688d0d055db72e5816405cac8ce8d8e5dbaddcb24d59c07d1f0eb",
  "actual_Qwen_generate_calls": 3,
  "public_images_used": 0,
  "public_preparation_allowed": true,
  "independent_review_pass": false
}

