{
  "status": "completed_all22_historical_recovery_geometry_inventory",
  "observed_utc": "2026-09-07T04:03:25.532336+00:00",
  "source_sha256": "26a1be55df55b83fb4028bb7f86faa33788dd3434debd82f87f4950a514e05d9",
  "spec_sha256": "9c1c9ec0e761d50bc5163b91d2ad35ba70a055888a4b0eddc6c21ab3bcd62ac5",
  "summary": {
    "H10": {
      "events": 68,
      "sequences": 17,
      "arms": {
        "control": {
          "local_centre_inside": 22,
          "local_full_box_inside": 20,
          "wide_centre_inside": 34
        },
        "null": {
          "local_centre_inside": 14,
          "local_full_box_inside": 12,
          "wide_centre_inside": 27
        },
        "native": {
          "local_centre_inside": 22,
          "local_full_box_inside": 19,
          "wide_centre_inside": 36
        }
      },
      "null_local_outside": 54,
      "null_outside_wide_covers": 13,
      "null_outside_grid_centre_covers": 54,
      "null_outside_grid_full_box_covers": 45,
      "grid_windows_total": 4942,
      "grid_windows_median": 32.0,
      "grid_windows_max": 527
    },
    "valid_after_invalid": {
      "events": 115,
      "sequences": 21,
      "arms": {
        "control": {
          "local_centre_inside": 44,
          "local_full_box_inside": 36,
          "wide_centre_inside": 68
        },
        "null": {
          "local_centre_inside": 49,
          "local_full_box_inside": 41,
          "wide_centre_inside": 69
        },
        "native": {
          "local_centre_inside": 52,
          "local_full_box_inside": 44,
          "wide_centre_inside": 72
        }
      },
      "null_local_outside": 66,
      "null_outside_wide_covers": 20,
      "null_outside_grid_centre_covers": 65,
      "null_outside_grid_full_box_covers": 52,
      "grid_windows_total": 7809,
      "grid_windows_median": 21.0,
      "grid_windows_max": 527
    },
    "healthy": {
      "events": 76,
      "sequences": 22,
      "arms": {
        "control": {
          "local_centre_inside": 76,
          "local_full_box_inside": 76,
          "wide_centre_inside": 76
        },
        "null": {
          "local_centre_inside": 76,
          "local_full_box_inside": 76,
          "wide_centre_inside": 76
        },
        "native": {
          "local_centre_inside": 70,
          "local_full_box_inside": 69,
          "wide_centre_inside": 72
        }
      },
      "null_local_outside": 0,
      "null_outside_wide_covers": 0,
      "null_outside_grid_centre_covers": 0,
      "null_outside_grid_full_box_covers": 0,
      "grid_windows_total": 1895,
      "grid_windows_median": 8.0,
      "grid_windows_max": 144
    }
  },
  "unique_events": 216,
  "events_sha256": "53c0e11a6a178f1a5c02dece153dfe353e4b8b70e53b4d731b949e5b8d723880",
  "replay_cases_sha256": "43f31a890057f5e49df1cbe094648e1834c0761b52ea898929651f5533272e02",
  "total_grid_windows": 10907,
  "all68_Null_H10_included": true,
  "GT_invalid_not_interpreted_as_absence": true,
  "geometry_is_not_recognition": true,
  "new_tracking_calls": 0,
  "new_optimizer_steps": 0,
  "public_evaluation_allowed": false,
  "independent_model_review_pass": false,
  "M65_failed_gate_unchanged": true,
  "M67_training_unchanged": true
}
