WARNING: You are using tensorboardX instead sis you have a too old pytorch version.
{"variant": "candidate_text", "sequence": "bag05_indoor", "frames": 889, "sha256": "38dce4a70f3b701de3f43700e232515a3818431bbe899b65bf51beadd6d80507", "nondefault": 16, "none": 312, "elapsed_seconds": 52.31438946723938}
{"variant": "candidate_text", "sequence": "ball07_indoor", "frames": 2519, "sha256": "28ad077853d137bf99626c97d9334a5bea89e7a3f29242cc4992e9bc2aa5852a", "nondefault": 38, "none": 512, "elapsed_seconds": 149.53000450134277}
{"variant": "candidate_text", "sequence": "ball19_indoor", "frames": 1381, "sha256": "6d5fa3177398345e8ddb2c02c1578a447e3bb1535d20f31c37a2fe8995b8d8b3", "nondefault": 4, "none": 73, "elapsed_seconds": 82.81182670593262}
{"variant": "candidate_text", "sequence": "beautifullight01_indoor", "frames": 1270, "sha256": "3245b788c2c01fa0a2e87748c94150f5a94cc46a40d1edae95c653bcfcbfe9ff", "nondefault": 26, "none": 701, "elapsed_seconds": 75.62408924102783}
{"variant": "candidate_text", "sequence": "book06_indoor", "frames": 1991, "sha256": "a968efee58e09192d826fbbeb8fe886a4e0e184c2416a83241fb3708397495b1", "nondefault": 123, "none": 443, "elapsed_seconds": 118.26993060112}
{"variant": "candidate_text", "sequence": "car01_indoor", "frames": 1542, "sha256": "9a995bf4add82d042256af0e11f7049eaab54cfc548e311bf175ab8a36c59c3c", "nondefault": 12, "none": 964, "elapsed_seconds": 91.9318494796753}
{"variant": "candidate_text", "sequence": "car02_indoor", "frames": 753, "sha256": "2f88140432e09c07873075158198f7566deb8269fd48c594166c37eccb1cff78", "nondefault": 3, "none": 204, "elapsed_seconds": 44.80553317070007}
{"variant": "candidate_text", "sequence": "colacan01_indoor", "frames": 3056, "sha256": "ce68dc1ea2292c996a77f2e55557f58c4cd20d63f5129b1f77a222f23a9ee35f", "nondefault": 24, "none": 1623, "elapsed_seconds": 182.66127514839172}
{"variant": "candidate_text", "sequence": "colacan04_indoor", "frames": 1001, "sha256": "99596688e60f040bdf51dec2204307f131f7efb2afe452771851525ff61b4085", "nondefault": 5, "none": 202, "elapsed_seconds": 59.36595153808594}
{"variant": "candidate_text", "sequence": "container01_indoor", "frames": 761, "sha256": "689f4186103d6432467ea011ce9fd59050ef8b157ccdf4c38edf0996874b7cb5", "nondefault": 3, "none": 128, "elapsed_seconds": 46.546974658966064}
{"variant": "candidate_text", "sequence": "cup08_indoor", "frames": 1451, "sha256": "181ca7e344090e1c45debf16880b746c371699aae923772b65a4bb6253275a23", "nondefault": 9, "none": 192, "elapsed_seconds": 85.9251720905304}
{"variant": "candidate_text", "sequence": "cup10_indoor", "frames": 2196, "sha256": "7f2cb285bbca35700595abc7d7ef2c66e683a94b20f1efc3d7d0b0fdc976a1bd", "nondefault": 45, "none": 165, "elapsed_seconds": 130.01772212982178}
{"variant": "candidate_text", "sequence": "cup13_indoor", "frames": 1762, "sha256": "47e0625f66ba86c150ad56f335cc75c48c7f7816488de99c49b7d75ac47f5187", "nondefault": 110, "none": 128, "elapsed_seconds": 104.10151863098145}
{"variant": "candidate_text", "sequence": "egg_indoor", "frames": 3552, "sha256": "6aa2706db85ce7e2b4faaa3abb0a1ddf8c47b8fc4c6c7847ec4c1b66f2e2493c", "nondefault": 543, "none": 315, "elapsed_seconds": 210.24191308021545}
{"variant": "candidate_text", "sequence": "flower02_wild", "frames": 656, "sha256": "4dc501c6e82fe4ebd13d148d35c39f7295812c304a6ffb6ff6af27d40c5fb10c", "nondefault": 16, "none": 187, "elapsed_seconds": 39.019307136535645}
{"variant": "candidate_text", "sequence": "flower03_indoor", "frames": 744, "sha256": "45847709782c0f50ec5e9566f237d92aed58f84486b2ca2c81c5ae0167bd6902", "nondefault": 2, "none": 253, "elapsed_seconds": 43.457603454589844}
{"variant": "candidate_text", "sequence": "flowerbasket_indoor", "frames": 1001, "sha256": "98554af84aefb5b85b2288799453fb02f9af89f8492782e31d5e475b8a7186d1", "nondefault": 25, "none": 169, "elapsed_seconds": 59.53402090072632}
{"variant": "candidate_text", "sequence": "ghostmask_indoor", "frames": 1165, "sha256": "c9fd88315e575ba8763644bfd3c34e80059cc381ca3e46c64c1e51d745f57866", "nondefault": 52, "none": 190, "elapsed_seconds": 69.28938126564026}
{"variant": "candidate_text", "sequence": "glass03_indoor", "frames": 675, "sha256": "5d6b4a8504828ebc5c9ab478b5a840c3920b3bcd2b165ece48dd676aa8d3f443", "nondefault": 0, "none": 220, "elapsed_seconds": 39.63842248916626}
{"variant": "candidate_text", "sequence": "mobilephone01_indoor", "frames": 1418, "sha256": "8ea22a8b63c7478d5aebde9464dc6df0f5698a68eda06cd806fc5814bfcbac09", "nondefault": 56, "none": 327, "elapsed_seconds": 84.46369886398315}
{"variant": "candidate_text", "sequence": "mobilephone02_indoor", "frames": 701, "sha256": "45691544296a9a6d32fa8a361bcb2607e96c4e5d4eecf021c9d19c663689a114", "nondefault": 28, "none": 121, "elapsed_seconds": 41.18398404121399}
{"variant": "candidate_text", "sequence": "notebook02_indoor", "frames": 2646, "sha256": "f3ca1cb5df48ef211883acbb19d67b6c29cb77ceb1565353b681dbd2c8b47cea", "nondefault": 28, "none": 44, "elapsed_seconds": 156.87952518463135}
