WARNING: You are using tensorboardX instead sis you have a too old pytorch version.
{"variant": "initial_visual", "sequence": "bag05_indoor", "frames": 889, "sha256": "2c1a6dab15ab063a3d59e1db8683c65189c030e3b814c3c8e9d09c721f8ab169", "nondefault": 39, "none": 309, "elapsed_seconds": 53.0974383354187}
{"variant": "initial_visual", "sequence": "ball07_indoor", "frames": 2519, "sha256": "6873f18d11732d295f2ebd04b0ad97b774e731aabd922b00375fe61951e22664", "nondefault": 135, "none": 1056, "elapsed_seconds": 150.25613832473755}
{"variant": "initial_visual", "sequence": "ball19_indoor", "frames": 1381, "sha256": "e34ba6d1fc9365c3e0cb271ad89aca724787992ad57f99fdb3c503d048a8a754", "nondefault": 9, "none": 77, "elapsed_seconds": 82.78841519355774}
{"variant": "initial_visual", "sequence": "beautifullight01_indoor", "frames": 1270, "sha256": "96c1ce5e84fe2669e20be894e2924621c082d0b12dad05ccb440daf6356a7bae", "nondefault": 28, "none": 505, "elapsed_seconds": 75.85484719276428}
{"variant": "initial_visual", "sequence": "book06_indoor", "frames": 1991, "sha256": "b7ff2a37fbb41644cc7ee897ff6431e6217b37dca223da0429a90f5ce7c62fdd", "nondefault": 182, "none": 345, "elapsed_seconds": 119.20080065727234}
{"variant": "initial_visual", "sequence": "car01_indoor", "frames": 1542, "sha256": "d02f12d9f4d727426f3feb97cc7dc448f4705901d94f9b9ea00d73d91bbde796", "nondefault": 9, "none": 967, "elapsed_seconds": 92.42315459251404}
{"variant": "initial_visual", "sequence": "car02_indoor", "frames": 753, "sha256": "fef03a54f9a05cd638fa33e09f08d29aa74ca6cfa147cebdc1f8739b76e5ec52", "nondefault": 6, "none": 322, "elapsed_seconds": 45.02306771278381}
{"variant": "initial_visual", "sequence": "colacan01_indoor", "frames": 3056, "sha256": "d26071cf6b1c88eb0943ffb60ff58521429d5244fae1d8a132aa7099d796d9b9", "nondefault": 246, "none": 729, "elapsed_seconds": 183.9465901851654}
{"variant": "initial_visual", "sequence": "colacan04_indoor", "frames": 1001, "sha256": "9b74460b7a0524a5fee4dcfa4ec7ff77c15f4c5e34b6c05819399aa8105f2703", "nondefault": 13, "none": 537, "elapsed_seconds": 59.89865970611572}
{"variant": "initial_visual", "sequence": "container01_indoor", "frames": 761, "sha256": "824927445739af3ea620fdcc34378beb9083d9c344439687c4bfdaac23f23912", "nondefault": 3, "none": 141, "elapsed_seconds": 46.757991790771484}
{"variant": "initial_visual", "sequence": "cup08_indoor", "frames": 1451, "sha256": "9ab242ad5dd97aee5a6ab186773aa88ca9e21052457c92b4cdc3394f4028cca1", "nondefault": 18, "none": 904, "elapsed_seconds": 86.1467034816742}
{"variant": "initial_visual", "sequence": "cup10_indoor", "frames": 2196, "sha256": "a858de0a041762b9632eee55352366e123992eac8ca894aed84650cf0de38497", "nondefault": 75, "none": 361, "elapsed_seconds": 131.41013264656067}
{"variant": "initial_visual", "sequence": "cup13_indoor", "frames": 1762, "sha256": "f78adc92f8417ed7155493f56503afadfec97175615b480b21f6d369578a07b2", "nondefault": 122, "none": 245, "elapsed_seconds": 104.88520288467407}
{"variant": "initial_visual", "sequence": "egg_indoor", "frames": 3552, "sha256": "26b8019a5a548cd9fa3d7b977c600645d9f2cf5c1182a68d1e2f55c06c9fa3d8", "nondefault": 443, "none": 603, "elapsed_seconds": 211.92966723442078}
{"variant": "initial_visual", "sequence": "flower02_wild", "frames": 656, "sha256": "8b271c7375aa66503ff0e665947dd7d8736f7d88a6bf7592c87bb8483bc9eb40", "nondefault": 43, "none": 159, "elapsed_seconds": 39.12292265892029}
{"variant": "initial_visual", "sequence": "flower03_indoor", "frames": 744, "sha256": "4e7d92505f68669e41d2b82faccd314a8fe7b3fecf9d587b79190583710d9e19", "nondefault": 4, "none": 208, "elapsed_seconds": 43.71461534500122}
{"variant": "initial_visual", "sequence": "flowerbasket_indoor", "frames": 1001, "sha256": "de069fc5fd7c339818d5619e491bf0c05c4788d595002623127ac7125c2cfaee", "nondefault": 17, "none": 204, "elapsed_seconds": 59.9000768661499}
{"variant": "initial_visual", "sequence": "ghostmask_indoor", "frames": 1165, "sha256": "b82f814e5e5207dccd27f50ca2b64a50d0da470141345ff3de940124a8a03820", "nondefault": 59, "none": 138, "elapsed_seconds": 69.88586235046387}
{"variant": "initial_visual", "sequence": "glass03_indoor", "frames": 675, "sha256": "9946eedd97db7a5c9d0edbdcf51d6385e222f86346a0f17e38364b05a9e46fcc", "nondefault": 5, "none": 137, "elapsed_seconds": 39.95689344406128}
{"variant": "initial_visual", "sequence": "mobilephone01_indoor", "frames": 1418, "sha256": "6c9b4a98b3b6a21034ae7b98d3a07db027b184223817d1d0178e9d930346b61e", "nondefault": 37, "none": 598, "elapsed_seconds": 85.18439626693726}
{"variant": "initial_visual", "sequence": "mobilephone02_indoor", "frames": 701, "sha256": "c7444f83089f1d33b4d00e7af62c85bb11cd5bc5bba17699a91da89595c8fab1", "nondefault": 33, "none": 145, "elapsed_seconds": 41.47403526306152}
{"variant": "initial_visual", "sequence": "notebook02_indoor", "frames": 2646, "sha256": "9c917dc4f9c9b9310c6f291482b674e50abba516adf0a3c6171fb5022c156cc6", "nondefault": 88, "none": 247, "elapsed_seconds": 158.55337762832642}
