WARNING: You are using tensorboardX instead sis you have a too old pytorch version.
{"variant": "initial_text", "sequence": "bag05_indoor", "frames": 889, "sha256": "05ce66e9fecbbe41777b153cc0907e7873f8659d9893272ca932cfdfc647755a", "nondefault": 10, "none": 382, "elapsed_seconds": 53.01102304458618}
{"variant": "initial_text", "sequence": "ball07_indoor", "frames": 2519, "sha256": "9bb912269073fc6f694dc50c99caf6980645f199eb2e5689eac9ad7dd7534bfe", "nondefault": 98, "none": 1175, "elapsed_seconds": 151.19125175476074}
{"variant": "initial_text", "sequence": "ball19_indoor", "frames": 1381, "sha256": "46548f7281e9c40916544de0ce2d20fb2ffc5fe2658ab7ea7c115d98b2194965", "nondefault": 8, "none": 81, "elapsed_seconds": 83.13113713264465}
{"variant": "initial_text", "sequence": "beautifullight01_indoor", "frames": 1270, "sha256": "eab9364b7f3e2134ad711ba8395f56c489b0ba89c2a97298ea8e8c1cae6aed03", "nondefault": 0, "none": 779, "elapsed_seconds": 76.0184416770935}
{"variant": "initial_text", "sequence": "book06_indoor", "frames": 1991, "sha256": "22dc769686668ceb6a75bbc8d212b294f775e87122ef3ab01d736f10ba2bfbec", "nondefault": 37, "none": 506, "elapsed_seconds": 119.33878445625305}
{"variant": "initial_text", "sequence": "car01_indoor", "frames": 1542, "sha256": "cb0d69abb3bc9fb4403aead5ec9a71db1e0cbd4de191b9278ac203acd564c82b", "nondefault": 2, "none": 986, "elapsed_seconds": 92.59839081764221}
{"variant": "initial_text", "sequence": "car02_indoor", "frames": 753, "sha256": "d77697c2cf65d6cd3a99911844f2173b075b62cc5d931d149a5762dea90d3ff0", "nondefault": 3, "none": 556, "elapsed_seconds": 45.10003876686096}
{"variant": "initial_text", "sequence": "colacan01_indoor", "frames": 3056, "sha256": "c1a7f228e4729dccaf3d2a5b9ac79f9ad733a24853ce6d48790ac6b0d81dba68", "nondefault": 7, "none": 2711, "elapsed_seconds": 183.85842061042786}
{"variant": "initial_text", "sequence": "colacan04_indoor", "frames": 1001, "sha256": "227ebe23c75f15e362c997a52465a10b8e888b9198e269aa59e50aaaadfc3d24", "nondefault": 57, "none": 524, "elapsed_seconds": 59.77777647972107}
{"variant": "initial_text", "sequence": "container01_indoor", "frames": 761, "sha256": "7d5b195210d55c4abefb21e574917a2e89aad43f22cb4719b8c1cdf8e473e2a4", "nondefault": 1, "none": 143, "elapsed_seconds": 46.54138159751892}
{"variant": "initial_text", "sequence": "cup08_indoor", "frames": 1451, "sha256": "3d1616742a5421c869552635ca594c5852fcb8f5f621fb553fb27b56d71014e1", "nondefault": 7, "none": 526, "elapsed_seconds": 86.69344305992126}
{"variant": "initial_text", "sequence": "cup10_indoor", "frames": 2196, "sha256": "b54176573a6e8afb5b5b6e17c93c0103f9d9943f1884972f0ae43e38e990cf0f", "nondefault": 28, "none": 285, "elapsed_seconds": 131.22001385688782}
{"variant": "initial_text", "sequence": "cup13_indoor", "frames": 1762, "sha256": "cf2fa5eda6639935e6033ec3a3670a0aed4a5e542cff7706b16c0e58c18bcc02", "nondefault": 95, "none": 184, "elapsed_seconds": 105.12996983528137}
{"variant": "initial_text", "sequence": "egg_indoor", "frames": 3552, "sha256": "8589e9f7bac6adb36a187cda9edbe71afb6922605bf146f7a27f6b64411c0afa", "nondefault": 208, "none": 1313, "elapsed_seconds": 212.38506436347961}
{"variant": "initial_text", "sequence": "flower02_wild", "frames": 656, "sha256": "1c51b0ebf91eb18f766151c452647d478c55fcf879afab78bf716d5ee86b261d", "nondefault": 3, "none": 332, "elapsed_seconds": 39.10915422439575}
{"variant": "initial_text", "sequence": "flower03_indoor", "frames": 744, "sha256": "113e8f0c915c871a996768a4c41d8f22775a8433a5fb95d07640dc2a12522903", "nondefault": 4, "none": 233, "elapsed_seconds": 43.74188446998596}
{"variant": "initial_text", "sequence": "flowerbasket_indoor", "frames": 1001, "sha256": "4f40a1803e5d9e11900668d03ca54db12b94493d4d0bfdd990c6e8a3d8dd66fc", "nondefault": 448, "none": 89, "elapsed_seconds": 59.495142221450806}
{"variant": "initial_text", "sequence": "ghostmask_indoor", "frames": 1165, "sha256": "f2e79293ae50bae048f48618290e12c231a3e707fdf81df14126cb8f5edb445c", "nondefault": 24, "none": 168, "elapsed_seconds": 70.05609512329102}
{"variant": "initial_text", "sequence": "glass03_indoor", "frames": 675, "sha256": "681a045c89a34842b778d30c9b89c840b6597d40291218e00ab6f97aacaaa4a9", "nondefault": 0, "none": 221, "elapsed_seconds": 40.15642166137695}
{"variant": "initial_text", "sequence": "mobilephone01_indoor", "frames": 1418, "sha256": "b11b7d1715864439d890c7cb86338b2c6ac727db82b400b5a0b4ddb1fe459087", "nondefault": 31, "none": 367, "elapsed_seconds": 85.37828040122986}
{"variant": "initial_text", "sequence": "mobilephone02_indoor", "frames": 701, "sha256": "e552330416ba0aaa7a46cf69faf51a47fefc49d134531b97f7425822a653797f", "nondefault": 11, "none": 210, "elapsed_seconds": 41.62317132949829}
{"variant": "initial_text", "sequence": "notebook02_indoor", "frames": 2646, "sha256": "8e8f839bba9fde09faa5e7856b29e23086fe17a92eaa137068d60bd6bb37cb02", "nondefault": 60, "none": 279, "elapsed_seconds": 158.6592926979065}
