{
  "status": "complete_fixed_Category_state_diagnostic",
  "result_sha256": "7fb8a4703870a600a3cdde956a4810d29b209958d6f9aec953a25726abab6681",
  "aggregates": {
    "all_valid": {
      "category": {
        "n": 28897,
        "iou_sum": 21080.965320289728,
        "low": 4952,
        "correct": 23662,
        "rescue_vs_category": 0,
        "harm_vs_category": 0,
        "raw_rescue_hann": 62,
        "raw_harm_hann": 99,
        "raw_hann_peak_changes": 979,
        "kl_native_sum": 463.3195361790131,
        "response_mass_sum": 52487.096370875835,
        "mean_one_step_iou": 0.7295208956047247
      },
      "empty": {
        "n": 28897,
        "iou_sum": 21079.836610740942,
        "low": 4953,
        "correct": 23663,
        "rescue_vs_category": 0,
        "harm_vs_category": 1,
        "raw_rescue_hann": 62,
        "raw_harm_hann": 97,
        "raw_hann_peak_changes": 969,
        "kl_native_sum": 491.9158538581105,
        "response_mass_sum": 52178.101814985275,
        "mean_one_step_iou": 0.7294818358563498
      },
      "swapped": {
        "n": 28897,
        "iou_sum": 21084.52118306721,
        "low": 4950,
        "correct": 23664,
        "rescue_vs_category": 0,
        "harm_vs_category": 0,
        "raw_rescue_hann": 62,
        "raw_harm_hann": 99,
        "raw_hann_peak_changes": 924,
        "kl_native_sum": 461.63541362894466,
        "response_mass_sum": 52322.81529581547,
        "mean_one_step_iou": 0.7296439486129083
      },
      "native": {
        "n": 28897,
        "iou_sum": 21032.637331248457,
        "low": 4953,
        "correct": 23657,
        "rescue_vs_category": 4,
        "harm_vs_category": 7,
        "raw_rescue_hann": 65,
        "raw_harm_hann": 106,
        "raw_hann_peak_changes": 965,
        "kl_native_sum": 0.0,
        "response_mass_sum": 66498.11428141594,
        "mean_one_step_iou": 0.7278484732411136
      }
    },
    "centre_inside": {
      "category": {
        "n": 24323,
        "iou_sum": 21078.924781107777,
        "low": 385,
        "correct": 23662,
        "rescue_vs_category": 0,
        "harm_vs_category": 0,
        "raw_rescue_hann": 61,
        "raw_harm_hann": 99,
        "raw_hann_peak_changes": 475,
        "kl_native_sum": 299.8595223277225,
        "response_mass_sum": 38977.64647299051,
        "mean_one_step_iou": 0.8666252017065237
      },
      "empty": {
        "n": 24323,
        "iou_sum": 21077.798928058328,
        "low": 386,
        "correct": 23663,
        "rescue_vs_category": 0,
        "harm_vs_category": 1,
        "raw_rescue_hann": 61,
        "raw_harm_hann": 97,
        "raw_hann_peak_changes": 468,
        "kl_native_sum": 314.37569339585025,
        "response_mass_sum": 38930.503856897354,
        "mean_one_step_iou": 0.8665789141166109
      },
      "swapped": {
        "n": 24323,
        "iou_sum": 21082.488278556917,
        "low": 384,
        "correct": 23664,
        "rescue_vs_category": 0,
        "harm_vs_category": 0,
        "raw_rescue_hann": 61,
        "raw_harm_hann": 99,
        "raw_hann_peak_changes": 467,
        "kl_native_sum": 290.25298679288244,
        "response_mass_sum": 39072.84214961529,
        "mean_one_step_iou": 0.8667717090226089
      },
      "native": {
        "n": 24323,
        "iou_sum": 21030.694005430614,
        "low": 385,
        "correct": 23657,
        "rescue_vs_category": 4,
        "harm_vs_category": 7,
        "raw_rescue_hann": 64,
        "raw_harm_hann": 106,
        "raw_hann_peak_changes": 463,
        "kl_native_sum": 0.0,
        "response_mass_sum": 44453.18387031555,
        "mean_one_step_iou": 0.8646422729692314
      }
    },
    "native_correct": {
      "category": {
        "n": 23657,
        "iou_sum": 20969.538699522152,
        "low": 4,
        "correct": 23635,
        "rescue_vs_category": 0,
        "harm_vs_category": 0,
        "raw_rescue_hann": 0,
        "raw_harm_hann": 99,
        "raw_hann_peak_changes": 322,
        "kl_native_sum": 282.3289997577085,
        "response_mass_sum": 37199.515283346176,
        "mean_one_step_iou": 0.8863988967122692
      },
      "empty": {
        "n": 23657,
        "iou_sum": 20968.30899840183,
        "low": 5,
        "correct": 23635,
        "rescue_vs_category": 0,
        "harm_vs_category": 1,
        "raw_rescue_hann": 0,
        "raw_harm_hann": 97,
        "raw_hann_peak_changes": 312,
        "kl_native_sum": 295.8647064954275,
        "response_mass_sum": 37166.93413096666,
        "mean_one_step_iou": 0.8863469162785573
      },
      "swapped": {
        "n": 23657,
        "iou_sum": 20972.92052296758,
        "low": 4,
        "correct": 23637,
        "rescue_vs_category": 0,
        "harm_vs_category": 0,
        "raw_rescue_hann": 0,
        "raw_harm_hann": 99,
        "raw_hann_peak_changes": 312,
        "kl_native_sum": 273.29564542119624,
        "response_mass_sum": 37266.7389832139,
        "mean_one_step_iou": 0.8865418490496504
      },
      "native": {
        "n": 23657,
        "iou_sum": 20930.840442867273,
        "low": 0,
        "correct": 23657,
        "rescue_vs_category": 4,
        "harm_vs_category": 0,
        "raw_rescue_hann": 0,
        "raw_harm_hann": 106,
        "raw_hann_peak_changes": 313,
        "kl_native_sum": 0.0,
        "response_mass_sum": 41641.04178214073,
        "mean_one_step_iou": 0.8847630909611224
      }
    },
    "native_not_correct": {
      "category": {
        "n": 5240,
        "iou_sum": 111.42662076757362,
        "low": 4948,
        "correct": 27,
        "rescue_vs_category": 0,
        "harm_vs_category": 0,
        "raw_rescue_hann": 62,
        "raw_harm_hann": 0,
        "raw_hann_peak_changes": 657,
        "kl_native_sum": 180.99053642130457,
        "response_mass_sum": 15287.58108752966,
        "mean_one_step_iou": 0.021264622283888097
      },
      "empty": {
        "n": 5240,
        "iou_sum": 111.52761233910716,
        "low": 4948,
        "correct": 28,
        "rescue_vs_category": 0,
        "harm_vs_category": 0,
        "raw_rescue_hann": 62,
        "raw_harm_hann": 0,
        "raw_hann_peak_changes": 657,
        "kl_native_sum": 196.05114736268297,
        "response_mass_sum": 15011.167684018612,
        "mean_one_step_iou": 0.021283895484562436
      },
      "swapped": {
        "n": 5240,
        "iou_sum": 111.60066009962554,
        "low": 4946,
        "correct": 27,
        "rescue_vs_category": 0,
        "harm_vs_category": 0,
        "raw_rescue_hann": 62,
        "raw_harm_hann": 0,
        "raw_hann_peak_changes": 612,
        "kl_native_sum": 188.33976820774842,
        "response_mass_sum": 15056.076312601566,
        "mean_one_step_iou": 0.021297835896875103
      },
      "native": {
        "n": 5240,
        "iou_sum": 101.79688838118513,
        "low": 4953,
        "correct": 0,
        "rescue_vs_category": 0,
        "harm_vs_category": 7,
        "raw_rescue_hann": 65,
        "raw_harm_hann": 0,
        "raw_hann_peak_changes": 652,
        "kl_native_sum": 0.0,
        "response_mass_sum": 24857.072499275208,
        "mean_one_step_iou": 0.019426887095646016
      }
    },
    "centre_outside": {
      "category": {
        "n": 4574,
        "iou_sum": 2.0405391819521084,
        "low": 4567,
        "correct": 0,
        "rescue_vs_category": 0,
        "harm_vs_category": 0,
        "raw_rescue_hann": 1,
        "raw_harm_hann": 0,
        "raw_hann_peak_changes": 504,
        "kl_native_sum": 163.46001385129057,
        "response_mass_sum": 13509.449897885323,
        "mean_one_step_iou": 0.00044611700523657815
      },
      "empty": {
        "n": 4574,
        "iou_sum": 2.0376826826160235,
        "low": 4567,
        "correct": 0,
        "rescue_vs_category": 0,
        "harm_vs_category": 0,
        "raw_rescue_hann": 1,
        "raw_harm_hann": 0,
        "raw_hann_peak_changes": 501,
        "kl_native_sum": 177.54016046226025,
        "response_mass_sum": 13247.597958087921,
        "mean_one_step_iou": 0.0004454924972925281
      },
      "swapped": {
        "n": 4574,
        "iou_sum": 2.0329045102874232,
        "low": 4566,
        "correct": 0,
        "rescue_vs_category": 0,
        "harm_vs_category": 0,
        "raw_rescue_hann": 1,
        "raw_harm_hann": 0,
        "raw_hann_peak_changes": 457,
        "kl_native_sum": 171.38242683606222,
        "response_mass_sum": 13249.97314620018,
        "mean_one_step_iou": 0.0004444478597042902
      },
      "native": {
        "n": 4574,
        "iou_sum": 1.9433258178418678,
        "low": 4568,
        "correct": 0,
        "rescue_vs_category": 0,
        "harm_vs_category": 0,
        "raw_rescue_hann": 1,
        "raw_harm_hann": 0,
        "raw_hann_peak_changes": 502,
        "kl_native_sum": 0.0,
        "response_mass_sum": 22044.930411100388,
        "mean_one_step_iou": 0.0004248635369133948
      }
    }
  }
}
