{
  "status": "complete_M122_sealed_OPE_readonly_trajectory_diagnosis",
  "datasets": [
    {
      "model": "precision0",
      "dataset": "depthtrack_test",
      "sequences": 50,
      "frames": 76373,
      "official_threshold": 0.075045,
      "official_P": 66.42388739793651,
      "official_R": 63.24489153999058,
      "official_F": 64.79542089554282,
      "all_boxes_R": 64.04596513121925,
      "score_selection_cost_pp": 0.8010735912286648,
      "target_R": 64.9,
      "fixed_saved_boxes_can_reach_target_R": false,
      "metric_sha256": "04edc9994cc488e8cf7496f2243a58aed18b0777ebbbd8a991b936694154047d"
    },
    {
      "model": "precision0",
      "dataset": "cdtb",
      "sequences": 80,
      "frames": 101956,
      "official_threshold": 0.138744,
      "official_P": 72.04466929719405,
      "official_R": 70.17459804062064,
      "official_F": 71.09733868746733,
      "all_boxes_R": 71.05523547865803,
      "score_selection_cost_pp": 0.8806374380373967,
      "target_R": 75.6,
      "fixed_saved_boxes_can_reach_target_R": false,
      "metric_sha256": "cbfb344f6e05077dbf061669b74fb8d25d618ce425834e2923d9d8d472ee29d7"
    },
    {
      "model": "precision1",
      "dataset": "depthtrack_test",
      "sequences": 50,
      "frames": 76373,
      "official_threshold": 0.075227,
      "official_P": 66.20888223049123,
      "official_R": 63.77789473824347,
      "official_F": 64.97065655606941,
      "all_boxes_R": 64.39841677609256,
      "score_selection_cost_pp": 0.6205220378490921,
      "target_R": 64.9,
      "fixed_saved_boxes_can_reach_target_R": false,
      "metric_sha256": "88002b20f3db413ad09512b29119e5c3121f3c288693c6c78294523f1fb1bce4"
    },
    {
      "model": "precision1",
      "dataset": "cdtb",
      "sequences": 80,
      "frames": 101956,
      "official_threshold": 0.165786,
      "official_P": 74.47906262771164,
      "official_R": 69.7965033243733,
      "official_F": 72.06179519015306,
      "all_boxes_R": 70.44902243038182,
      "score_selection_cost_pp": 0.652519106008512,
      "target_R": 75.6,
      "fixed_saved_boxes_can_reach_target_R": false,
      "metric_sha256": "fd4c545f30963277fef3e6eb111a7f6e67052912a370bfa7c615d08d90aba7a6"
    }
  ]
}
