{
  "status": "completed_first34_sampled_training_mechanism_audit",
  "observed_utc": "2026-09-07T03:42:38.939954+00:00",
  "source_sha256": "d4ecaa808a6c3d1ff6e3198ed9b4f70cd89664c5ecd7121bead687b1ec4bf6b7",
  "spec_sha256": "71bc91d17fb8d6a7fface979450745ab9aba92d2a5c96263dc23118108204ec8",
  "snapshots": {
    "control": {
      "records_sha256": "f627692f943c6dfa3654b715c2132bca11628d0fe8bfd7567c1f80193fc65f4f",
      "trace_sha256": "9b6963ffb175afb854d6fdbe669cfe7fe7e875a20444dc6435884017a158d272"
    },
    "support": {
      "records_sha256": "48a1b28272d64d74cd5698cf038639dbe426b7bf888cdf2944ff01774fd1fafd",
      "trace_sha256": "9f9816a367b09dd11eb204a6e24f0fffa8ee7dd7efc023dd5eae120ab1ceb8ef"
    }
  },
  "sequences_per_arm": 34,
  "track_calls_per_arm": 48421,
  "optimizer_steps_per_arm": 1512,
  "sampled_rows": {
    "control": 1019,
    "support": 1019
  },
  "support_statistics": {
    "samples": 1019,
    "labels": {
      "centre_inside": 882,
      "centre_outside": 77,
      "invalid": 60
    },
    "support_loss": {
      "count": 959,
      "mean": 0.2934228558262288,
      "median": 0.12031429260969162,
      "minimum": 0.014853717759251595,
      "maximum": 6.492640018463135
    },
    "GT_centre_null_mass": {
      "count": 882,
      "mean": 0.09752300138382797,
      "median": 0.023815135471522808,
      "minimum": 0.0003211693838238716,
      "maximum": 0.9775667786598206
    },
    "outside_box_mean_null_mass": {
      "count": 959,
      "mean": 0.7805876634404164,
      "median": 0.8735637068748474,
      "minimum": 0.0009898542193695903,
      "maximum": 0.9892054796218872
    },
    "paired_background_minus_centre": {
      "count": 882,
      "mean": 0.6984194889029117,
      "median": 0.8128330444451421,
      "minimum": -0.11373668909072876,
      "maximum": 0.9758436167612672
    },
    "paired_background_greater_fraction": 0.9750566893424036
  },
  "bins": [
    {
      "steps_start_inclusive": 0,
      "steps_end_exclusive": 250,
      "statistics": {
        "samples": 165,
        "labels": {
          "centre_inside": 134,
          "centre_outside": 27,
          "invalid": 4
        },
        "support_loss": {
          "count": 161,
          "mean": 0.8168547348992795,
          "median": 0.5587706565856934,
          "minimum": 0.05526535585522652,
          "maximum": 6.492640018463135
        },
        "GT_centre_null_mass": {
          "count": 134,
          "mean": 0.18145620227624565,
          "median": 0.14453206211328506,
          "minimum": 0.0013653805945068598,
          "maximum": 0.7627999186515808
        },
        "outside_box_mean_null_mass": {
          "count": 161,
          "mean": 0.4754348923857121,
          "median": 0.5130208730697632,
          "minimum": 0.0009898542193695903,
          "maximum": 0.9127771258354187
        },
        "paired_background_minus_centre": {
          "count": 134,
          "mean": 0.3475235399274058,
          "median": 0.3269490525126457,
          "minimum": -0.09226691722869873,
          "maximum": 0.9003283218480647
        },
        "paired_background_greater_fraction": 0.8955223880597015
      }
    },
    {
      "steps_start_inclusive": 250,
      "steps_end_exclusive": 500,
      "statistics": {
        "samples": 165,
        "labels": {
          "centre_inside": 154,
          "invalid": 4,
          "centre_outside": 7
        },
        "support_loss": {
          "count": 161,
          "mean": 0.18792915001789234,
          "median": 0.1441607028245926,
          "minimum": 0.03477378934621811,
          "maximum": 0.7003079652786255
        },
        "GT_centre_null_mass": {
          "count": 154,
          "mean": 0.08562876191330385,
          "median": 0.02610223926603794,
          "minimum": 0.0009033815586008132,
          "maximum": 0.713554322719574
        },
        "outside_box_mean_null_mass": {
          "count": 161,
          "mean": 0.8008597006338724,
          "median": 0.848660409450531,
          "minimum": 0.3327168822288513,
          "maximum": 0.9604949951171875
        },
        "paired_background_minus_centre": {
          "count": 154,
          "mean": 0.7127085194175355,
          "median": 0.7757820929400623,
          "minimum": 0.06190034747123718,
          "maximum": 0.9366983501240611
        },
        "paired_background_greater_fraction": 1.0
      }
    },
    {
      "steps_start_inclusive": 500,
      "steps_end_exclusive": 1000,
      "statistics": {
        "samples": 341,
        "labels": {
          "centre_inside": 280,
          "invalid": 27,
          "centre_outside": 34
        },
        "support_loss": {
          "count": 314,
          "mean": 0.14179114963574585,
          "median": 0.07747140154242516,
          "minimum": 0.014853717759251595,
          "maximum": 1.9155997037887573
        },
        "GT_centre_null_mass": {
          "count": 280,
          "mean": 0.06285247386341715,
          "median": 0.007829000474885106,
          "minimum": 0.0003211693838238716,
          "maximum": 0.9775667786598206
        },
        "outside_box_mean_null_mass": {
          "count": 314,
          "mean": 0.8758607511497607,
          "median": 0.9071219563484192,
          "minimum": 0.4061354398727417,
          "maximum": 0.9850168228149414
        },
        "paired_background_minus_centre": {
          "count": 280,
          "mean": 0.8186982135816444,
          "median": 0.8840946288255509,
          "minimum": -0.08734703063964844,
          "maximum": 0.9758436167612672
        },
        "paired_background_greater_fraction": 0.9928571428571429
      }
    },
    {
      "steps_start_inclusive": 1000,
      "steps_end_exclusive": 1512,
      "statistics": {
        "samples": 348,
        "labels": {
          "centre_inside": 314,
          "invalid": 25,
          "centre_outside": 9
        },
        "support_loss": {
          "count": 323,
          "mean": 0.23250740643982826,
          "median": 0.08479190617799759,
          "minimum": 0.015189229510724545,
          "maximum": 1.8389370441436768
        },
        "GT_centre_null_mass": {
          "count": 314,
          "mean": 0.09845424872329221,
          "median": 0.0229195524007082,
          "minimum": 0.00032848952105268836,
          "maximum": 0.9702757596969604
        },
        "outside_box_mean_null_mass": {
          "count": 323,
          "mean": 0.8299686188922024,
          "median": 0.9117245674133301,
          "minimum": 0.03802523389458656,
          "maximum": 0.9892054796218872
        },
        "paired_background_minus_centre": {
          "count": 314,
          "mean": 0.7339019842959709,
          "median": 0.8591682370752096,
          "minimum": -0.11373668909072876,
          "maximum": 0.9700908431550488
        },
        "paired_background_greater_fraction": 0.9808917197452229
      }
    }
  ],
  "reconstructed_template_writes": {
    "control": 405,
    "support": 483
  },
  "Control_and_invalid_GT_have_no_support_supervision": true,
  "GT_centre_mass_is_not_selected_peak_mass": true,
  "current_weights_not_frozen_across_samples": true,
  "no_generalization_or_semantic_truth_claim": true,
  "new_tracking_calls": 0,
  "new_GT_opened": false,
  "optimizer_steps_added": 0,
  "training_source_modified": false,
  "checkpoint_selected": false,
  "thresholds_or_original_gates_changed": false,
  "public_evaluation_allowed": false,
  "independent_model_review_pass": false
}
