{
  "status": "complete_interface_sanity_only",
  "cases": 8,
  "seed": 2027,
  "trainable_parameters": 241994,
  "native_zero_residual_choice": true,
  "empty_semantic_increment_exact_zero": true,
  "empty_selection_exact_visual": true,
  "quality_independent_of_text": true,
  "selection_permutation_max_error": 0.0,
  "quality_permutation_max_error": 1.1920928955078125e-07,
  "selected_fields_share_one_index": true,
  "finite_outputs": true,
  "gradient_norms_after_zero_head_warmup": {
    "visual_read": 0.08646554127335548,
    "text_projection": 0.0005621112577500753,
    "visual_to_phrase": 1.9955766219936777e-05,
    "phrase_to_visual": 0.0003155169174533512,
    "phrase_evidence": 0.00010594670538921491,
    "candidate_relation": 0.20661889482289553
  },
  "location_iou_optimizer_steps": 2,
  "valid_location_targets": 8,
  "diagnostic_loss_history": [
    2.915009021759033,
    2.8798484802246094
  ],
  "semantic_labels_used": false,
  "physical_identity_labels_used": false,
  "observation_head_trained": false,
  "text_input": "Unverified old category; active attributes exactly empty; original five-slot mask retained",
  "text_bank_sha256": "f6ba0d42f9b6d461fb113bee945e2619c2468d640e5d78c17b2eca5752776edf",
  "no_public_evaluation": true,
  "no_recursive_action": true,
  "official_checkpoint_saved": false,
  "collection_receipt_sha256": {
    "0": "b901a61158e79ad3843b3aaf9924f9b2d520ba6786ee8caa90e8af9461e0fb1e",
    "1": "89919c66c6a750d69363ce41338a34e09163750796ea5b847ea0d6dd6fbe1dda"
  }
}
