{
  "status": "sealed_training_and_recursive_results_verified",
  "observed_utc": "2026-09-06T14:13:18.744270+00:00",
  "auditor_sha256": "5181b20f456e3150d714528d229d0fecc53ce1b9310d61b55f7e4ecda14fdae6",
  "parent_result_sha256": "54fd8445297e1eef761fa36e8a17def01afa027f71371984998f08229f6f5ee9",
  "frozen_inference_sources_verified": 160,
  "between_arm_parameter_l2": 9.227200529726462,
  "baseline_trace_sha256": {
    "/root/autodl-tmp/sttrack_innovation_v1/risk_recovery_full152_v1/shard0.json": "846872b20c04fed1ffb132c84135925b819617a739b8319985cc70239a4e5fe3",
    "/root/autodl-tmp/sttrack_innovation_v1/risk_recovery_full152_v1/shard1.json": "5b168dbd3b60aed619b9c9b9113a4c5c85d4f3d8ce23ca0fbebd91005d0656f9"
  },
  "complete_trajectory_families": 3,
  "sequences_per_family": 22,
  "frames_per_family": 33130,
  "native_and_both_candidate_statistics_recomputed_and_equal": true,
  "aggregates": {
    "native": {
      "valid_frames": 28897,
      "iou_sum": 18847.382327003917,
      "low_iou_frames": 7397,
      "failure_episodes": 75,
      "mean_iou": 0.6522262631762438,
      "macro_sequence_mean_iou": 0.6843364163600396
    },
    "text": {
      "valid_frames": 28897,
      "iou_sum": 20593.209855121604,
      "low_iou_frames": 5429,
      "failure_episodes": 78,
      "mean_iou": 0.71264179171269,
      "macro_sequence_mean_iou": 0.7184673127390621
    },
    "visual": {
      "valid_frames": 28897,
      "iou_sum": 20462.87894919183,
      "low_iou_frames": 5748,
      "failure_episodes": 67,
      "mean_iou": 0.7081316035987067,
      "macro_sequence_mean_iou": 0.7333794853176527
    }
  },
  "gates": {
    "mean_vs_native": true,
    "mean_vs_visual": true,
    "low_frames": true,
    "H10": false,
    "native_success_protection": true
  },
  "primary_pass": false,
  "episode_summary": {
    "native": {
      "h10_low_frames": 7160,
      "maximum_episode_length": 765,
      "h10_episodes": 75
    },
    "text": {
      "h10_low_frames": 5173,
      "maximum_episode_length": 759,
      "h10_episodes": 78
    },
    "visual": {
      "h10_low_frames": 5440,
      "maximum_episode_length": 759,
      "h10_episodes": 67
    }
  },
  "episode_intervals_sha256": "ac29e2a1ad3b5a9065c77deedbe50e4b20f04bdb52b777d17324dfab7d6f4fca",
  "sequence_table_sha256": "3717fc68a6448aca9f7e14c386ae3bed908e8e6d6b4b7a2627094a3f330d6d66",
  "content_queue_status": "not_run_parent_gate_failed",
  "frozen_content_controls_run": false,
  "formal_public_dataset_evaluation_run": false,
  "independent_review_pass": false,
  "scope": "Posthoc analysis of one seed on reused DepthTrack Train development22. Episode overlap is descriptive, not intervention causality.",
  "low_definition": "valid continuous IoU <= 0.1; H10 >=10 consecutive original timeline frames; invalid GT breaks runs; frame0 excluded",
  "free_disk_bytes": 2897141760,
  "elapsed_seconds": 5.840559959411621
}
