{
  "status": "M70_cross_region_capacity_preparation_CPU_checked",
  "observed_utc": "2026-09-07T04:22:56.673369+00:00",
  "checker_sha256": "f9323b827bf67c88534bbbec1455566866ffb928e06a49e8cc535e6cbe2323f9",
  "source_sha256": "e0f02783e2410f745a40465799407a4cef218993e1d8eee6fc745d0029f53977",
  "spec_sha256": "796a2756db4c2be0b5282d567294a76d494ad031cc4e186ba96deb3228c00fa5",
  "queue_sha256": "56754df356c24fc59c54b30b136ad32bf4d994dce5d4b65c5ba5d9160112415d",
  "actual_native_functions_used": [
    "sample_target",
    "CenterPredictor.cal_bbox",
    "STTrack.map_box_back",
    "clip_box",
    "_map_local_box"
  ],
  "native_bulk_vs_single_peak_boxes_exact_256": true,
  "head_arithmetic_check_uses_synthetic_maps_not_experiment_results": true,
  "actual_Train_event_images_checked": 216,
  "actual_crop_contract_checks": 1072,
  "native_mapping_checks": 274432,
  "max_mapping_error": 1.1368683772161603e-13,
  "sealed_annotation_metric_checks": 432,
  "max_metric_error": 0.0,
  "annotations_used_only_for_CPU_metric_contract": true,
  "GT_files_opened": false,
  "planned_windows_per_text": 11555,
  "planned_formal_forward_calls": 56218,
  "queue_syntax_valid": true,
  "learned_head_loaded": false,
  "CUDA_initialized": false,
  "GPU_shadow_state_parity_verified": false,
  "new_tracking_calls": 0,
  "new_optimizer_steps": 0,
  "candidate_capacity_result_exists": false,
  "public_evaluation_allowed": false,
  "independent_model_review_pass": false
}
