{
  "status": "frozen_toolkit_rectangle_initializations_exported",
  "observed_utc": "2026-09-06T12:53:33.750266+00:00",
  "manifest_path": "/root/autodl-tmp/sutrack_vot_low22_anchor_identity_v1/run/shard_manifest.json",
  "manifest_sha256": "600b1ebb8b0c2f69b831f954e907e63709fd69afb7ea94c5b58e8c7408a29eed",
  "exporter_sha256": "3459b8fb2274dc79aa6132172fca2c20ba817867f5a028f80186711029694159",
  "toolkit_version": "0.7.1",
  "toolkit_source_sha256": {
    "/root/miniconda3/envs/mplt/lib/python3.8/site-packages/vot/workspace/__init__.py": "ff8f4c783ed7e1c0a70d2d09b71a8bbbd7cafe0f694f530768cdb5a426064ba9",
    "/root/miniconda3/envs/mplt/lib/python3.8/site-packages/vot/experiment/multistart.py": "9f87f8663a8f903e087b7be3c79ea563d440aa5cf996c93eab8667f90e68782d",
    "/root/miniconda3/envs/mplt/lib/python3.8/site-packages/vot/region/shapes.py": "63f45525a94f78a372e580d4df71bfe928a807c197e710d21bfaf86d71ccd0e5"
  },
  "files_sha256": {
    "caption_inputs.json": "5149bee97236f96587d90191087eef7434373fc714d6f5dbfe4d00583a6859e8",
    "anchors.json": "e091ba6529bd973e0756123c4530ab6f25b338001fd46af016942ff11750e4f8",
    "metadata_sha256.json": "d5eac2ffd9b09de80ef5d9d5a58a83987c7c1754b78c615a88e1494bc88d739c",
    "execution_order.json": "03924683ccf41a88125fb396fb4fbdf321936b5e6e96aabb8a445fac82ccdde8"
  },
  "anchors": 303,
  "sequences": 22,
  "forward": 154,
  "backward": 149,
  "estimated_frames": 220483,
  "coordinate_convention": "vot_toolkit_xywh",
  "caption_list_order": "Sorted official trajectory ID; tracking keeps each workspace scheduler order.",
  "raw_gt_strings_manually_parsed": false,
  "polygon_or_mask_conversion_used": false,
  "tracking_model_calls": 0,
  "qwen_generate_calls": 0,
  "model_image_decodes": 0,
  "scope": "Existing benchmark metadata and initialization paths only; no pixels passed to tracking or caption models.",
  "independent_review_pass": false
}
