{
  "status": "historical_sealed_family_and_scalar_metric_reference_pass",
  "observed_utc": "2026-09-06T21:49:49.825171+00:00",
  "auditor_sha256": "ef6a3f5f9f7b8635497fc993fded0924e7f37f5b67d14c3fab46fc27b7e596db",
  "scalar_metric_source_sha256": "2c611c8dae3c226c5c625301a98ff1f74f4ff03e727c5599060dea1650cac66d",
  "reference_result_sha256": "54fd8445297e1eef761fa36e8a17def01afa027f71371984998f08229f6f5ee9",
  "aggregates": {
    "text": {
      "valid_frames": 28897,
      "iou_sum": 20593.209855121604,
      "low_iou_frames": 5429,
      "failure_episodes": 78,
      "mean_iou": 0.71264179171269,
      "macro_sequence_mean_iou": 0.7184673127390621
    },
    "visual": {
      "valid_frames": 28897,
      "iou_sum": 20462.87894919183,
      "low_iou_frames": 5748,
      "failure_episodes": 67,
      "mean_iou": 0.7081316035987067,
      "macro_sequence_mean_iou": 0.7333794853176527
    },
    "native": {
      "valid_frames": 28897,
      "iou_sum": 18847.382327003917,
      "low_iou_frames": 7397,
      "failure_episodes": 75,
      "mean_iou": 0.6522262631762438,
      "macro_sequence_mean_iou": 0.6843364163600396
    }
  },
  "reference_trajectory_families": 3,
  "reference_sequences_each": 22,
  "new_M65_prediction_files_opened": false,
  "M65_completion_audited": false,
  "new_training_steps": 0,
  "new_tracking_calls": 0,
  "independent_model_review_pass": false
}
