WARNING: You are using tensorboardX instead sis you have a too old pytorch version.
{"sequence": "bag05_indoor", "frames": 889, "sha256": "eabde0f7f46380e4149972a3efc346c86efd995614904a428e39659b9718c987", "elapsed_seconds": 50.61655926704407}
{"sequence": "ball07_indoor", "frames": 2519, "sha256": "ffbe087647b0e194c7e8804c761b8682517318141c6f3aeec3a7e348cb3cdbf2", "elapsed_seconds": 184.8594672679901}
{"sequence": "ball19_indoor", "frames": 1381, "sha256": "dbfd244e609e0cb020987d9d35baba659411ce1370d4725623f0cb25bca33025", "elapsed_seconds": 259.104131937027}
{"sequence": "beautifullight01_indoor", "frames": 1270, "sha256": "2006551657e5ec086e966ca173abeddebb170005db4d4798dc5fd5bed8b805dd", "elapsed_seconds": 327.19338274002075}
{"sequence": "book06_indoor", "frames": 1991, "sha256": "48be43f8734af59290b0249db208b7a52a49ec81942d374f42361f7b4017f1f4", "elapsed_seconds": 433.67841935157776}
{"sequence": "car01_indoor", "frames": 1542, "sha256": "f8bb5d18707228df643024f1fed25669d2e088d5012bee7a14cd73563d502a24", "elapsed_seconds": 516.6062128543854}
{"sequence": "car02_indoor", "frames": 753, "sha256": "6828ac1d2576da65eae341cf8d91e0253ad2f68334b83040e7cdc6f56fec2088", "elapsed_seconds": 556.9436001777649}
{"sequence": "colacan01_indoor", "frames": 3056, "sha256": "37851b62ff99ff086f9305620ee1139f4c5872e5a406045d7788933e4231fd4a", "elapsed_seconds": 720.7525448799133}
{"sequence": "colacan04_indoor", "frames": 1001, "sha256": "abc98df91ca060fce142203909735bbbe743f26f4a966cf63006382c3e4eab9c", "elapsed_seconds": 774.432008266449}
{"sequence": "container01_indoor", "frames": 761, "sha256": "7fa686a0e250cfd7d5a2623f6048a309b9a18b1532b8f2e11d69a6dc446f2196", "elapsed_seconds": 816.5897517204285}
{"sequence": "cup08_indoor", "frames": 1451, "sha256": "e653534bd8d466f9450c1b512624f6d95b28331baaf186cb64f413d85ad5c0f3", "elapsed_seconds": 893.534907579422}
{"sequence": "cup10_indoor", "frames": 2196, "sha256": "787aa0595e84424a12c0af3802be0e525f1d7734aa73fe475b768833c80bb0ee", "elapsed_seconds": 1010.838559627533}
{"sequence": "cup13_indoor", "frames": 1762, "sha256": "46ac29704d56089935afe6bbc6534cc0b531d54782c4221fecf3d107c500cd2f", "elapsed_seconds": 1104.928552389145}
{"sequence": "egg_indoor", "frames": 3552, "sha256": "037ec17be45e8942b9e6487d19cbfcc1a9bd98b40f2d34d85776a99fca4d4b9a", "elapsed_seconds": 1294.109442949295}
{"sequence": "flower02_wild", "frames": 656, "sha256": "873451f874972754059fee4996190f1e70294e1c7a3e1b13e0f29230e8946311", "elapsed_seconds": 1329.1309263706207}
{"sequence": "flower03_indoor", "frames": 744, "sha256": "407834caf82a07ad49e937d8039e4edeafa288820405a67e2ab4646b302fe787", "elapsed_seconds": 1368.49738073349}
{"sequence": "flowerbasket_indoor", "frames": 1001, "sha256": "f4bebef86359ee553ef28a258cbf960bf9bef0434e61a2f13483597518f76a09", "elapsed_seconds": 1422.0580134391785}
{"sequence": "ghostmask_indoor", "frames": 1165, "sha256": "d05a9d77f2469d0587ce1c6c14706624f341259dfcb0393dc259d0b94723e1c6", "elapsed_seconds": 1484.5910959243774}
{"sequence": "glass03_indoor", "frames": 675, "sha256": "087e5d59b9c1170d68c40fec44f65f3ddef12b4de73c5946eded20ad150e18f7", "elapsed_seconds": 1520.5144114494324}
{"sequence": "mobilephone01_indoor", "frames": 1418, "sha256": "8e4a634b21fb931f3678cfc96b14fd0083deee599440cc5dc040fc207c1d2b97", "elapsed_seconds": 1596.7547097206116}
{"sequence": "mobilephone02_indoor", "frames": 701, "sha256": "2d1b493eeaa385e9287d22e766c205ead772a5d6afae96da7c510bb00f6fbaf2", "elapsed_seconds": 1633.731345653534}
{"sequence": "notebook02_indoor", "frames": 2646, "sha256": "77d56398a336f7ec721ac52c39c974847b831749016af814b18c7ae5f23e2f29", "elapsed_seconds": 1775.5124278068542}
{"status": "complete", "arm": "null", "recursive_spec_sha256": "09f3f193de81f9cf91518b2c05497bfea30e8ab88db812e3585f6d3618767723", "training_result_sha256": "f84831de0984d69cd860b093204bb5dbf9b136ca9bf80273eb9bf03e124e1854", "head_sha256": "5caf9c65c850cdd79d1aee75a002ffd0b74d5876292680349b9387318780e758", "total_frames": 33130, "elapsed_seconds": 1775.526270866394, "subsequent_gt_opened": false, "text_updated_online": false}
