{
  "attributes": {
    "events": 590,
    "sequences": 22,
    "valid_gt_events": 495,
    "mean_iou": 0.4505177140235901,
    "default_mean_iou": 0.44027379155158997,
    "correct": 275,
    "default_correct": 268,
    "rescues": 7,
    "breaks": 3,
    "nondefault": 28,
    "none": 223
  },
  "pooled": {
    "events": 590,
    "sequences": 22,
    "valid_gt_events": 495,
    "mean_iou": 0.4517252743244171,
    "default_mean_iou": 0.44027379155158997,
    "correct": 277,
    "default_correct": 268,
    "rescues": 7,
    "breaks": 0,
    "nondefault": 18,
    "none": 282
  },
  "empty": {
    "events": 590,
    "sequences": 22,
    "valid_gt_events": 495,
    "mean_iou": 0.45066672563552856,
    "default_mean_iou": 0.44027379155158997,
    "correct": 276,
    "default_correct": 268,
    "rescues": 7,
    "breaks": 0,
    "nondefault": 26,
    "none": 260
  },
  "attributes_empty": {
    "events": 590,
    "sequences": 22,
    "valid_gt_events": 495,
    "mean_iou": 0.4494813084602356,
    "default_mean_iou": 0.44027379155158997,
    "correct": 275,
    "default_correct": 268,
    "rescues": 6,
    "breaks": 2,
    "nondefault": 29,
    "none": 191
  },
  "attributes_shuffled": {
    "events": 590,
    "sequences": 22,
    "valid_gt_events": 495,
    "mean_iou": 0.4506996273994446,
    "default_mean_iou": 0.44027379155158997,
    "correct": 275,
    "default_correct": 268,
    "rescues": 7,
    "breaks": 2,
    "nondefault": 26,
    "none": 206
  },
  "attributes_conflict": {
    "events": 225,
    "sequences": 9,
    "valid_gt_events": 191,
    "mean_iou": 0.46827027201652527,
    "default_mean_iou": 0.46066537499427795,
    "correct": 111,
    "default_correct": 109,
    "rescues": 1,
    "breaks": 0,
    "nondefault": 8,
    "none": 90
  }
}
