{
  "bank_sha256": "a0c8f5dd1d56bdf4a8086fc005135238e8231a15b0bb40c3ded34a78246b0f73",
  "bank_bytes": 2350765,
  "observations": 152,
  "unique_phrases_including_empty": 312,
  "elapsed_seconds": 56.883222579956055,
  "encoding_device": "cpu",
  "encoder_weight_sha256": "b8cca3fd41ae0c99ba7e8951adf17d267cdb84cd88be6f7c2e0eca1737a03836",
  "status": "exact_frozen_train_bank_encoding_and_routing_replay_passed",
  "observed_utc": "2026-09-06T12:27:01.493310+00:00",
  "preprocessing_result_sha256": "862b556460e230b9282a40b138d24311e7638bd1bec50d6fc4ac22b4baefbc78",
  "checker_sha256": "22107ff8a598480df567525b164f8d956e2273194b38268e86c14f5af4a54135",
  "equal_token_mask_empty_and_bbox_routes": 152,
  "frozen_training_banks_sha256": {
    "fit": "d7ce0833b8e0e96c881a31ced85be43b6eeccb777adc577144fad0fb2420e3d0",
    "development": "81879fa1ace5da373c77b898a76dd5fea23c5911c94184322fee4f2755d56e89"
  },
  "qwen_weights_loaded": false,
  "actual_qwen_generate_calls": 0,
  "clip_weights_loaded_on_cpu": true,
  "cuda_initialized": false,
  "public_dataset_images_used": 0,
  "actual_tracking_calls": 0,
  "optimizer_steps": 0,
  "independent_review_pass": false
}
