{
  "status": "train_initialization_preprocessing_replay_passed",
  "observed_utc": "2026-09-06T12:25:37.775787+00:00",
  "source_sha256": {
    "initialization_captions.py": "eeb15e8bee4a40692cfb19e8ec73329e232f3a8c25c96f789a03b991d71ac655",
    "vot_rectangle_transport.py": "20878b6ada788d609605c6328570f19e66d6b3a93e735ca86b1c6ec0646402cc"
  },
  "checker_sha256": "22107ff8a598480df567525b164f8d956e2273194b38268e86c14f5af4a54135",
  "legacy_caption_source_sha256": "42789e10651e70b0f4bf6685a14d0833d797174f121d6c01642202bf19f73335",
  "caption_records_sha256": "ae92f492bcc1e9ca08bed3a734f934210f0c1a9bdd212f0c701c3686d1e6286e",
  "inventory_sha256": "529f10ebd1122596a6e8832578f1cd26c3315a78fac59664fdb0d0fb367b85c1",
  "protocol_sha256": "d08acfb068ac5f7c428d5decb5f17af4655383543eeb4b4277e65cfda14bcac1",
  "train_plan_sha256": "379d7f07abe067bf295050ec2e89d9a3373fa671b4392e32c9a7ee77c0382d29",
  "replay_records_sha256": "803efbee0ed8cface575682b9d9a96ddb891408339998671ee94275b1391fa59",
  "unchanged_crop_rows": 152,
  "unchanged_parsed_captions": 152,
  "exact_processor_replays": [
    {
      "key": "99ea0a81b4392b5c9f4cfa2ceda03ab2fb59e9edad74bdcd1ef9a1894180fd3f",
      "tensor_shapes": {
        "input_ids": [
          1,
          649
        ],
        "attention_mask": [
          1,
          649
        ],
        "pixel_values": [
          1756,
          1176
        ],
        "image_grid_thw": [
          2,
          3
        ]
      },
      "all_tensor_values_and_chat_equal": true
    },
    {
      "key": "7691523eeb3376b54cf108127773271048c552575e2d685a71d6bdfd26b5f57f",
      "tensor_shapes": {
        "input_ids": [
          1,
          652
        ],
        "attention_mask": [
          1,
          652
        ],
        "pixel_values": [
          1768,
          1176
        ],
        "image_grid_thw": [
          2,
          3
        ]
      },
      "all_tensor_values_and_chat_equal": true
    },
    {
      "key": "680ac403b268847882788d829278327999da7ad238a76cc1b99da6578c997ea5",
      "tensor_shapes": {
        "input_ids": [
          1,
          689
        ],
        "attention_mask": [
          1,
          689
        ],
        "pixel_values": [
          1916,
          1176
        ],
        "image_grid_thw": [
          2,
          3
        ]
      },
      "all_tensor_values_and_chat_equal": true
    }
  ],
  "synthetic_vot_cases": 3,
  "synthetic_vot_unique_observations": 2,
  "synthetic_vot_has_correct_four_decimal_transport": true,
  "actual_qwen_generate_calls": 0,
  "qwen_weights_loaded": false,
  "cuda_initialized": false,
  "subsequent_dataset_images_used": 0,
  "public_dataset_images_used": 0,
  "actual_tracking_calls": 0,
  "elapsed_seconds": 1.1372649669647217,
  "independent_review_pass": false
}
