WARNING: You are using tensorboardX instead sis you have a too old pytorch version.
{"sequence": "bag04_indoor", "split": "fit", "init_bbox": [338.0, 111.0, 96.0, 111.0], "initial_image_sha256": {"rgb": "2e8ee1ed74763c7a4c73f13ea642c6d2928a3154b7f9a043f3f2b3771495e445", "depth": "ce73694cf9e7fcdc1bb59d7d9f59b2d2d80f364e5bdb6e2338cd3ace453c6f9e"}, "reference_fp16_sha256": "9b775561c1417494f9755f6817a9096191ab6b5533b2ef44afccc8bddbd4925c"}
{"sequence": "bag05_indoor", "split": "development", "init_bbox": [245.0, 118.0, 163.0, 182.0], "initial_image_sha256": {"rgb": "d9e92ced8cd8d5df39b243eae0d78a96e5754822f756ffea67fb8dc78f2ba172", "depth": "94f794df3a75d2fdca3b23f7e02a9c0c5881095ac41fae3a37ea8d4ccb0bfc5a"}, "reference_fp16_sha256": "bb1bf11b2774c7169f59bae0c1ce7641e6bcc8c31f88de86fee9935fe9d12cb3"}
{"sequence": "ball02_indoor", "split": "fit", "init_bbox": [444.0, 40.0, 55.0, 52.0], "initial_image_sha256": {"rgb": "da5d30a40ff5f9af4b9bef13f316a9a7f411d99d06cad252d81eba8d192ecbf3", "depth": "b24ff46d7cf8107d2e5513e47170f16ad25e412c883dc386659ccd7a911233a8"}, "reference_fp16_sha256": "2c44be7b3ebf61736d55390957c266e5ca9243dd3c46bc8e79ffb613e9ce07a4"}
{"sequence": "ball04_indoor", "split": "fit", "init_bbox": [214.0, 132.0, 30.0, 29.0], "initial_image_sha256": {"rgb": "de4fd6ded288540e5c09e94ec9ad9f078d59d28457975c0eedfae2f42cbc6278", "depth": "ba0828bf6889f9cdd2eea70826860fd6597911e7d0d9da06afe3cd545ff772a4"}, "reference_fp16_sha256": "19991aa9a3abe4b193b40daa5be5e9cacd786c9860a4ae2f274ff5eca8838f6b"}
{"sequence": "ball05_indoor", "split": "fit", "init_bbox": [186.0, 178.0, 26.0, 24.0], "initial_image_sha256": {"rgb": "90e3cce55be05f51deee0e24f4034bddd4ca19cecdce4b7d9d8395d679764eef", "depth": "7ca606c9744f592dcf73672aadbe5a8ecbdb71bbb39f67742619c227b1321b14"}, "reference_fp16_sha256": "046c538e285f6e2af3b580608314422a949d0d85413ca845604edf9b391dab8c"}
{"sequence": "ball07_indoor", "split": "development", "init_bbox": [157.0, 107.0, 60.0, 62.0], "initial_image_sha256": {"rgb": "d06fd51d734d53ffbd68d23c1d5a99de1be0edfc4bbc62c9d2c1da1e2ad704bc", "depth": "6935dcbb15124127b480f447e100e15aa068e977b9ee136bdff425c430ba1395"}, "reference_fp16_sha256": "0a649bbe9b8bfab5ebac25804a284af2f773d829e2d56cb41b06eb77297d5ae9"}
{"sequence": "ball08_wild", "split": "fit", "init_bbox": [173.0, 75.0, 49.0, 51.0], "initial_image_sha256": {"rgb": "fee0f7b5bd0fbf4f514e2d0ec46b76177b977092a96c90bb9b7d4d29e37ae735", "depth": "23f704e0522e98a67591eb8d88e8e200099ce2d67094bf902839438ee1c72a23"}, "reference_fp16_sha256": "3c28cfa1bb3c45251af76fdb70fef840cc71e99dc0f30c09bdd7723b6664406f"}
{"sequence": "ball13_indoor", "split": "fit", "init_bbox": [307.0, 217.0, 25.0, 24.0], "initial_image_sha256": {"rgb": "ad93678eabe715d96c09241d3461782bbf64b7a0a49a295f0db0194408a8cf60", "depth": "c701f329d6ba513b69d5f623df9757f2dedac900bd819ea68c01b3ef162684ae"}, "reference_fp16_sha256": "68cf5925ef4993afe9ced09e19dcbada8c820b289163843625e87fc157ff1a58"}
{"sequence": "ball19_indoor", "split": "development", "init_bbox": [205.0, 144.0, 46.0, 47.0], "initial_image_sha256": {"rgb": "76dc90271b1a1415951506f1808f88bbc582493a82124d66614ceebe361f964f", "depth": "80f36ba46551046a111d433b26ff43306a6978160092052465d486c0ff5f5c86"}, "reference_fp16_sha256": "d1075419daa5b35335213bca5da898eb1867ea9feb0eca0b4425518fb0eecdd3"}
{"sequence": "ball21_indoor", "split": "fit", "init_bbox": [164.0, 161.0, 45.0, 42.0], "initial_image_sha256": {"rgb": "e5fdc3a63127346f8e1fad58c5818d9edaf47105986b4d42c82fec98f364fe0b", "depth": "7c4c93a72ee5eae6842d71ca7d42e056ef57ce91a42022bfaebf3db05f1d8a54"}, "reference_fp16_sha256": "b2d84c056990fe124ce8935c2774fdd1439fd1eb96159d6703bfb91b6380bbba"}
{"sequence": "basket_indoor", "split": "fit", "init_bbox": [260.0, 218.0, 69.0, 58.0], "initial_image_sha256": {"rgb": "b3cd9f4754ae64ee88c037b9e450800d9dd76de511c201218f97ac338408220b", "depth": "c4dd2d8e2b5f23f536368f404d0b956af033675da933d28705b24e67ce7f5290"}, "reference_fp16_sha256": "dd87328466e099c31f3dbd53288d17b0650b538d8ebe6131079a06c2e19c824a"}
{"sequence": "beautifullight01_indoor", "split": "development", "init_bbox": [276.0, 87.0, 73.0, 70.0], "initial_image_sha256": {"rgb": "feef242163281d7aec96e8bc90891645b7154cfdd9bfb95ec5a4d293dfa7cf61", "depth": "73ce5859669026ceb84c3e38354ae052ea611e448d5549aca80f1aae1ff3f6e7"}, "reference_fp16_sha256": "605907823d5cfcea49f83b62cd1b5d104f975606fd8c76f6f95e18ba1d013f32"}
{"sequence": "bike03_wild", "split": "fit", "init_bbox": [95.0, 73.0, 249.0, 269.0], "initial_image_sha256": {"rgb": "ef36c677c8c49cc86d0b0b4c568165b563bc0fd924e6678e0797fb2777657bf0", "depth": "0fb27b54abed8ea38444a0a185faac107e56a9f0d4ba77875c7924fddd9127b2"}, "reference_fp16_sha256": "f3f3c2bd2768bc3c1eed8f03f84d67ad75657e9e653d9b933b4a7b222e2342ce"}
{"sequence": "book02_indoor", "split": "fit", "init_bbox": [241.0, 212.0, 94.0, 35.0], "initial_image_sha256": {"rgb": "95c4d9a3d9ff9febde2a553cc1a9afc3bd5f3d874555f430f246e08741832656", "depth": "fa5a6610ab7df08c7dcf3d6e7a5544d12d88c6e3478f02495aef85add06ea878"}, "reference_fp16_sha256": "90e638cffcdb487b6c566b3e0f48f592ac1d90e98a56b14c366cc0588d68f4d4"}
{"sequence": "book04_indoor", "split": "fit", "init_bbox": [153.0, 167.0, 116.0, 41.0], "initial_image_sha256": {"rgb": "1b6c5dc8c2d662b892afe58ec0a29ea4b5dfad293a7c41995ff284ad67be4dcc", "depth": "4e48256c8d846f257d589658e60c8edf2e1d082850216b5dfdaf19768e39e32f"}, "reference_fp16_sha256": "04ea19235ede5bb26e2031fe7707e9594b0861ba9006bde49c74fb28909918cb"}
{"sequence": "book06_indoor", "split": "development", "init_bbox": [230.0, 168.0, 107.0, 62.0], "initial_image_sha256": {"rgb": "232ee2b25d8a8f7794a35213ae9a38d4039802bb11abee619fc2dabd8d25687b", "depth": "6a7d7f70f363a9b20280747956e2f6935ce84b4c5a9fa4cc195f187400964ead"}, "reference_fp16_sha256": "99b94f7f5c37b740285435b5a6f085ab2ee4ecd4c939956efde74e50d41f304a"}
{"sequence": "bottle02_indoor", "split": "fit", "init_bbox": [172.0, 252.0, 33.0, 77.0], "initial_image_sha256": {"rgb": "b699acc81de434453b8c1a3f42ecade41e4d9c6d16a6c0c9feef58acf7a67800", "depth": "fd5a2d854a617a52cbe16cf389bac9f4f2b28f488c2752f058c0ba69756233ed"}, "reference_fp16_sha256": "62302dc03d399dd57f905c167bea97f55719c6008f0a1b9b0d2c425bd0b81c1d"}
{"sequence": "bottle03_indoor", "split": "fit", "init_bbox": [267.0, 113.0, 68.0, 197.0], "initial_image_sha256": {"rgb": "78d89309b43d2c11c43e59120fa56b44c1ed7acb9731be5143c29f965fcfd5aa", "depth": "a907530fe775c8c81bfc956b43eb4dbfe5a93259aecf64bb2c6a5ae31f7b4214"}, "reference_fp16_sha256": "13113c61fd2f20a0f2951ae40a11e6f5f32f96f348be9a5fe8c02681174b277b"}
{"sequence": "box_indoor", "split": "fit", "init_bbox": [421.0, 140.0, 16.0, 23.0], "initial_image_sha256": {"rgb": "49a83b0a21dd3e23c85f55feba523cd55103be2d117406e1a8f8171c553b52ec", "depth": "c5eca6d1f4a570f7ba78fa5c280028dc5de4eb2864331bf0771d0a40cf68659a"}, "reference_fp16_sha256": "fe4a70caa823908da9984bb1a8343f557d15a5b19ee4e954de2995c5dca4b91e"}
{"sequence": "car01_indoor", "split": "development", "init_bbox": [421.0, 246.0, 68.0, 51.0], "initial_image_sha256": {"rgb": "88ca09678b5ee366975f17aac03e7a8a52025557cfcc5d97ee8c1089bac7069c", "depth": "a4c9cdf0859af4a415266ca2d606b4ad80efecc79f8e385d7d1feaec0e096a35"}, "reference_fp16_sha256": "0c022261834a86fca673bbd8e74f57aea642c268be3cfed8a580f83826f5e5b5"}
{"sequence": "car02_indoor", "split": "development", "init_bbox": [464.0, 251.0, 74.0, 59.0], "initial_image_sha256": {"rgb": "ec6d96a7953f7bb893659b62610c72022e47d73fdfb49e9760453be732bb9351", "depth": "a5497dd4021817b310a3c3259c1a304dab7c462cdaca6eab1bd48affe6fd836d"}, "reference_fp16_sha256": "af41dc3bbbc37cbd99b5fe0839b492bc1d61453b98092abb65e6f2b8b06fea8d"}
{"sequence": "cat02_indoor", "split": "fit", "init_bbox": [199.0, 11.0, 220.0, 128.0], "initial_image_sha256": {"rgb": "92304f674344d98a92fce16fc6b01a9f5b3f406cbb26f14a7d852f9c77e3f87e", "depth": "67754327b5a2528e65ec3d334e5c5331fd02874d22878b6cb86abfa6d1f891fb"}, "reference_fp16_sha256": "04127f21a772e8560c852d4f758ffbf73d04e168a0aa3d3a51e3b4a896925c4d"}
{"sequence": "cat03_indoor", "split": "fit", "init_bbox": [93.0, 65.0, 354.0, 270.0], "initial_image_sha256": {"rgb": "9f65a9af8ebdc5a489799b343d2131ea572ba5a15243209a10e9c9b6ab98c5f9", "depth": "d91f8b59632faca7bad32ca95327a8c8031321481d79a9f614d1832bb0badaf0"}, "reference_fp16_sha256": "8abc0fa7d7c49c2a290666b4d3861a560525ec476c8d9c9f1fa1856f9c74cd6f"}
{"sequence": "cat04_indoor", "split": "fit", "init_bbox": [217.0, 43.0, 191.0, 322.0], "initial_image_sha256": {"rgb": "9afeb96852b86ab54984c9f0e87060a5e05ba01157e11119ec1bb0f0eecccb83", "depth": "9d94e5aa7f667273adbf26a8abeb91d24a5fc7f657c6e528b67bc488f7fde804"}, "reference_fp16_sha256": "a18e072dcbd527eaaaf578c94cf8fb7ea2c73f9225e3866badf68794dd59dfe0"}
{"sequence": "cat05_indoor", "split": "fit", "init_bbox": [169.0, 49.0, 285.0, 305.0], "initial_image_sha256": {"rgb": "f20500cb3869d3c9bae5b545d015654bb4f5094911cc71f7d26485f857ab62a8", "depth": "501c1b007ee09aa1b3f6e6ea4a189ad4c410e4918a5c7deac356f8e1c28cc878"}, "reference_fp16_sha256": "1cc6e745895015381fa1e60bd3a800c2c294c5db43b5f6c4df4077d4f1825886"}
{"sequence": "chair01_indoor", "split": "fit", "init_bbox": [266.0, 112.0, 107.0, 175.0], "initial_image_sha256": {"rgb": "2ba331de07018bf2da26ed2de82cad123e50d1b2386966929eb6b667ffd1125f", "depth": "f44861c3541b6dcf2e209eda7cdfe8ac71ec792bfdcaeaf6bb1dcc42a96983a5"}, "reference_fp16_sha256": "f4f74f42489afc3b066548fa94ee4ea7642b790b6d485194b02a1128b561aa31"}
{"sequence": "chair02_indoor", "split": "fit", "init_bbox": [319.0, 101.0, 145.0, 258.0], "initial_image_sha256": {"rgb": "84a9fdcc9dd11d527295871c003d7f001f7a35be8f925278776537aee7248e4d", "depth": "237677fe2de80a12e5f13e7b4ad7db564545653e9b1009596f10db09dd18d717"}, "reference_fp16_sha256": "ba4f486766ed2ea43106d6a1b9a54cceefd553f8a3b4db1ac6762e989d60012b"}
{"sequence": "colacan01_indoor", "split": "development", "init_bbox": [247.0, 285.0, 22.0, 35.0], "initial_image_sha256": {"rgb": "a57020ad6e5fafd0b66ceed050a09d09b1ef1111a634b290b17ed04484536aa7", "depth": "83c10a6f1e5c5f0bdbaab79c9443b089214edadab7472dde87534013bfb9b583"}, "reference_fp16_sha256": "42b51026d92005e40e2d3f6264353eb1eb068b33cf16a0fa788b7329dc035f36"}
{"sequence": "colacan02_indoor", "split": "fit", "init_bbox": [399.0, 110.0, 40.0, 60.0], "initial_image_sha256": {"rgb": "0e84721f9d1c32d453e17310d1bd4131d2888ea49c42deb04fd29dc6d479dbc9", "depth": "4a93a900805ca34a558f047b9897056076e0f8d17c2850c6193b6079dae1bc48"}, "reference_fp16_sha256": "daea582f75d6c39966c6b179c07c061b3be46dd5a1f9c40da7abd3273a2706e2"}
{"sequence": "colacan04_indoor", "split": "development", "init_bbox": [366.0, 114.0, 137.0, 161.0], "initial_image_sha256": {"rgb": "f19a537891be0f97f7fffb8d810099234fa436ccdd29501c6d9fc47d2bf60c6f", "depth": "ea55243e93fb0fdb19441abb6458e570d63e10ee22f459068d09352be3f09d6e"}, "reference_fp16_sha256": "23ff1cc8e208a34359f8c5290a3192b9cf8d1850ad3925ddb21b83a648131805"}
{"sequence": "container01_indoor", "split": "development", "init_bbox": [102.0, 106.0, 243.0, 193.0], "initial_image_sha256": {"rgb": "b251f656475e560dae37e5aef7a273dd507d7257e338a94b08cd94caf53f2c06", "depth": "23063b4e2f2693906b926f1ba244e660bfded9917c683a286b9d4c595502ea4c"}, "reference_fp16_sha256": "93849fa19e981c49d30e994dd24cfa94220db10a8431747d41f508155d9924a1"}
{"sequence": "cube01_indoor", "split": "fit", "init_bbox": [324.0, 161.0, 44.0, 42.0], "initial_image_sha256": {"rgb": "fa332c712aa68b85f6c8ef3737a68b5baaf2e2b8debf11a2e7544e5c2baf1c24", "depth": "af3124c9ee4cfa8816e261f4b83d34a459d0974977c52ecc65e034a563638261"}, "reference_fp16_sha256": "a4d98366dd87161448457a70594cd02bec1442978bdee3d6b9a23c3ff2cdb424"}
{"sequence": "cube04_indoor", "split": "fit", "init_bbox": [269.0, 248.0, 33.0, 32.0], "initial_image_sha256": {"rgb": "01f1abc0116d865af5e7d2c55eeb2ca501b4dacf9836764168faaba336b683eb", "depth": "52bef4046d6f4ee30a1e80d1a74410b9faba21d26cc9842b1602b2fd5b3a54ed"}, "reference_fp16_sha256": "0116622c78acd8e57a81e5bce9a631ffe1cf70e98ac521be91ee4536566f907e"}
{"sequence": "cup05_indoor", "split": "fit", "init_bbox": [286.0, 204.0, 36.0, 66.0], "initial_image_sha256": {"rgb": "b8e4b12cc1836e479ee348586f2dcfc1e35fae63b60d514a63adbe04e0d3e953", "depth": "705f5278bbf9bc3bc1bd78b4562a157ec69cab2b6244a43c63f27c92bdce9d4b"}, "reference_fp16_sha256": "6980a89758e2191189375aa35356357c98289d442ad1dfe4383cfa03d55e81f1"}
{"sequence": "cup06_indoor", "split": "fit", "init_bbox": [185.0, 245.0, 57.0, 82.0], "initial_image_sha256": {"rgb": "edda573fbf19c4ce4621163654183cacb39fa24bad9fca7f11e463d7bf01e121", "depth": "30064a5453e0578f37d65295180465b7205aca5e90cf2f82bfd5873a539bc119"}, "reference_fp16_sha256": "5c4124dc7aefc8ccbf45608caea427616d7d824abb93b131066f8b4deb651059"}
{"sequence": "cup08_indoor", "split": "development", "init_bbox": [280.0, 202.0, 43.0, 45.0], "initial_image_sha256": {"rgb": "77d4f31cba1aa5543c163dfc5c5db8dbf919c1453901b50c628901c348f81d0b", "depth": "a78b52adb83b2738918ce1131a9bf2c8a5513dec709785103fefbd0704312339"}, "reference_fp16_sha256": "c9ecc675ac311999d5aaabee3740092282547e5818bfbb574665c7f5181b1c0e"}
{"sequence": "cup10_indoor", "split": "development", "init_bbox": [184.0, 200.0, 54.0, 74.0], "initial_image_sha256": {"rgb": "daa44a63e7972cc12098ba14cad0ba604685513798fc870fe4153406905b4bd6", "depth": "c013eab0b749d2b5042c2ae0572f78bb1b1c0c72e66950dc3bc697ce3d76341f"}, "reference_fp16_sha256": "67923b830d786e329e226b10779138fe41f91c61b8e9a2c389f2182af109127e"}
{"sequence": "cup13_indoor", "split": "development", "init_bbox": [284.0, 139.0, 19.0, 24.0], "initial_image_sha256": {"rgb": "5dd68aaf73a195de534dec4b6d76cd4f970ea4b9dfc303ecfd2e8f0b015a143c", "depth": "1d5ed3daa190b77975036654a40ea64772a8c43656bc0d6efe3e46b988c75426"}, "reference_fp16_sha256": "39584da83ff8c00da9be7cc4c964cb5d1b7bd60f7e2dfb7737d697aa488ff837"}
{"sequence": "cup14_indoor", "split": "fit", "init_bbox": [315.0, 242.0, 21.0, 27.0], "initial_image_sha256": {"rgb": "e1b638e70633237851e7795900b489af266020c30e563f0057da7b334aa957d9", "depth": "c2ce0e7025894165577706198385c38d6bfa387faf4db95f4b643fc4b24c99c8"}, "reference_fp16_sha256": "2233395c82c9fc4eb85727e7a550106b783a07ea107efe4bb1c295b800181c8f"}
{"sequence": "dumbbells02_indoor", "split": "fit", "init_bbox": [250.0, 175.0, 57.0, 76.0], "initial_image_sha256": {"rgb": "d047e977c150cc9baf6b8174dc5763a633344dfcc1f8a97d7e24631fb04d2dc3", "depth": "6248ebbc1c6565baf0e1c285a0d0ae77a4e14cb0c303893eec63063b4963791b"}, "reference_fp16_sha256": "f42a26701cea704182bc7df1ceda943d404455875738eb19f17295b74d1757d9"}
{"sequence": "earphone02_indoor", "split": "fit", "init_bbox": [306.0, 94.0, 88.0, 75.0], "initial_image_sha256": {"rgb": "76086a98aeac94a63b669ef2e8667acbcefb8c2825a1ba54a8fa2847762a1a88", "depth": "fe5cfac8548a9c535b8a7a03ce8968275a3f3998d8fca9f4343cca2cb279a90b"}, "reference_fp16_sha256": "cb0b7a908c5b8e00ff5fa467c28046babd6bdc730b5eb171b78c2e6940ebb97a"}
{"sequence": "egg_indoor", "split": "development", "init_bbox": [310.0, 290.0, 40.0, 39.0], "initial_image_sha256": {"rgb": "ce38a4f15ec714f4b892b1a60223b49be95e9cbfa2c5723ad9e68d52643d8b9c", "depth": "7823d03384272b856b4df94c9c33d8a5d56b64951d91c2d2932a04a8df754bf1"}, "reference_fp16_sha256": "550f9c65103be194dbe6aef7e24cfcd3cdc5800ab137a994ab892685380ce72e"}
{"sequence": "flower01_indoor", "split": "fit", "init_bbox": [199.0, 216.0, 50.0, 57.0], "initial_image_sha256": {"rgb": "a8b16e6e138b8c8bd9692b675a83ec8e9f56397400e88cdc4987de66d48fec3b", "depth": "5780732f28898ba1f8272c701eae3ba85ed87167e892c2f936c21846f593286d"}, "reference_fp16_sha256": "c8f8c49f7d32710785ca43a7b4136924c6bf211ea84f3848d19d050f36960109"}
{"sequence": "flower02_wild", "split": "development", "init_bbox": [225.0, 90.0, 99.0, 95.0], "initial_image_sha256": {"rgb": "ae58696cd66e62c113ba50c05f7e464fa4aa123e2dbfb46ffdbe7707c9469393", "depth": "f37d94b862400c3fbc9463e8245d6742aa530f0ead3812c34bc0e7d132191e0f"}, "reference_fp16_sha256": "86768d71477247790a373f604893b6c42412a598841ea7f014208dfa8bf915fd"}
{"sequence": "flower03_indoor", "split": "development", "init_bbox": [256.0, 145.0, 33.0, 28.0], "initial_image_sha256": {"rgb": "dd5a4f7e598d8ae270342c351bfd8f531c543ff4ba28d16fc326697138fb38af", "depth": "d54b147b4da83b5230f1584b4daec88e56665d499f190100a86405dce45852f4"}, "reference_fp16_sha256": "73da4af76d1f334127c7adbcf4ca70c2da55b35dc0ea93a4bcca39e2acb2e6c4"}
{"sequence": "flowerbasket_indoor", "split": "development", "init_bbox": [194.0, 144.0, 84.0, 92.0], "initial_image_sha256": {"rgb": "82c32fa0b604eae0d9b80c75db7ee107514105ef0bb8b87595e3e180cc91937a", "depth": "9f42f16d1c249edbcc9f71ef08e38c2ab8c60ae3b29894bb316afd0383d93cea"}, "reference_fp16_sha256": "95f9f46c25393dba80acf433ae6296b166e62134a8244c57177357dbe6941088"}
{"sequence": "ghostmask_indoor", "split": "development", "init_bbox": [88.0, 74.0, 144.0, 274.0], "initial_image_sha256": {"rgb": "87f1350d59d5641ba5df7a6cacc5c95241455fa82ea2a4c839980c8f3b6a0e7b", "depth": "f6806edaa20a48247647f5e77d5d0cb487d9042ad5d89fd0180321d04f64dddc"}, "reference_fp16_sha256": "98fd8ce9fd5c974135718f530b5c2c298cd9650fbf4b323ff37183f02645fbc5"}
{"sequence": "glass03_indoor", "split": "development", "init_bbox": [301.0, 183.0, 65.0, 77.0], "initial_image_sha256": {"rgb": "75cc8998f245b9cbf39022044c6c23a3bc08dfd0d972f03ba97f8aa4e4f81eff", "depth": "5acb344d9b6e7e15dbba4d9e716be562efc840d3f30ff9693cd7b009417fab6a"}, "reference_fp16_sha256": "1bb4f3244747fcb4e414f5241348575d578156bf268da334a9e08eccb77e25fa"}
{"sequence": "glass04_indoor", "split": "fit", "init_bbox": [430.0, 48.0, 52.0, 49.0], "initial_image_sha256": {"rgb": "4728e7054d534b28d920e3d8ee453b8fc8243a46a6a0e83641fe3b1de3ab85d2", "depth": "9b81be805323cb20df8f6e2b8e359a90bc2ba9f4c6fe5a329a16ca6b46634be3"}, "reference_fp16_sha256": "47caed56297a7d210e4a9785b967c330e9f71029033fc1bc4f7416f344548791"}
{"sequence": "glass05_indoor", "split": "fit", "init_bbox": [537.0, 43.0, 38.0, 99.0], "initial_image_sha256": {"rgb": "9cc911f72fea768ab63ed2a3a93460de89dbe6a151486e30df7b5fb92260d335", "depth": "e30dd267908443c95ccecab33816eb443a57cdd1e5e756f4e518042b8c22568a"}, "reference_fp16_sha256": "ca0da1bbd0b6fa1999198dc0bc309b39f18179bddd65402e511e5c77ec4678af"}
{"sequence": "gymring_wild", "split": "fit", "init_bbox": [124.0, 110.0, 135.0, 146.0], "initial_image_sha256": {"rgb": "5cca7ed86555d23907c0d826d8284d42dd8d2d890b3b58bf3db505c5c4eaa737", "depth": "16eacb605a4bc98f21d01b50d2f3e717b9e20a42423fd7c896b99f73621d94f9"}, "reference_fp16_sha256": "3662d8e0464454f2aae5621928481848bfea5f3180b165e567031adbae2e2c83"}
{"sequence": "hat01_indoor", "split": "fit", "init_bbox": [318.0, 140.0, 97.0, 132.0], "initial_image_sha256": {"rgb": "21504300dc9ea8b11ebb218ccf5d8a6087f45b098909e6a6ef0b1b6ddb7dfc5d", "depth": "72eb00cd70680d461f59b45451d51f5cfe183ba19665e1b6e06fc9fb9c9e0b17"}, "reference_fp16_sha256": "bc5cd439a90f14f352b0ec5cc1bc30d8670dacaffa36c9a109fda8abf6f2f80d"}
{"sequence": "human01_indoor", "split": "fit", "init_bbox": [448.0, 45.0, 187.0, 314.0], "initial_image_sha256": {"rgb": "c667916f3902cacc768bfc701d6cba9577f16d46895ae7d81665ed1fe778e086", "depth": "c05f062034b7f35d4eaef07bce7690353a34e6ebdb1cef85ac9752aa86a9ba83"}, "reference_fp16_sha256": "59469b90ecaa56f61880c3f2bc656b7728870a9f520a13f2c2906f0439aefa1b"}
{"sequence": "human03_wild", "split": "fit", "init_bbox": [247.0, 114.0, 105.0, 245.0], "initial_image_sha256": {"rgb": "7667f33ee082d130c703d9e9ec6c7c3bcf809bd2fa41bf919c7b98d7f204fb3c", "depth": "23d99d5f3af39def5eaf67b14857a2b87898c905e52118d7e82c890f37c40388"}, "reference_fp16_sha256": "c376e285218039ab1f06efbb426c7367b09fe677d3a6ab9d0ad3440f191ee33b"}
{"sequence": "leaves01_wild", "split": "fit", "init_bbox": [478.0, 97.0, 160.0, 134.0], "initial_image_sha256": {"rgb": "526b655a7894638af0dd3bbd9d618a0ef1c0bbe1d82a8327e0590b17ff489936", "depth": "56baaaf188a49cbf43b1df9ae48c43c37cb6b4527378ccaac441491fefd57805"}, "reference_fp16_sha256": "fd3021fe8ea1adda746aef804d5677c27eb741a2f548ac477f2d74780acba38d"}
{"sequence": "leaves02_indoor", "split": "fit", "init_bbox": [239.0, 212.0, 79.0, 79.0], "initial_image_sha256": {"rgb": "39e10db25d3405dcc01aa71a58d539eb7363e663e59504e03ee07732662eaaf6", "depth": "68570928e15d74d2da25ac53970316fdccbfb8bdd2ac433bc732b18eb7127aff"}, "reference_fp16_sha256": "1a3e01e1528594f7f753379aba7d39838b1ff7ac506a58527418df8420521af9"}
{"sequence": "leaves03_wild", "split": "fit", "init_bbox": [384.0, 158.0, 37.0, 26.0], "initial_image_sha256": {"rgb": "b33799e52660e2b54369692419c6e3d4d1f56e7b4642d9dc7a55c4b3c35c7586", "depth": "db52a9339064eda3570f01fad3fe4ecb408569cf89581149ecefe1d05e2bdb1f"}, "reference_fp16_sha256": "223f90ff454357cdde4aa6173812e831a4fcb8947c581b4c11c85b30f46cd493"}
{"sequence": "leaves05_indoor", "split": "fit", "init_bbox": [156.0, 81.0, 72.0, 58.0], "initial_image_sha256": {"rgb": "4c4aa62d565f4d3267c7a2463e98deba4b6a93d75e520689255507dfb80186ca", "depth": "0bdbbb233ea9933617708785f6dbb9eb0192fd485d0092e881286c9fe3c8dd9a"}, "reference_fp16_sha256": "30ad61948ff7bc0071942d4314d60cb236f4e5f4c856b690fe9aaba629d7872b"}
{"sequence": "leaves06_wild", "split": "fit", "init_bbox": [304.0, 190.0, 39.0, 47.0], "initial_image_sha256": {"rgb": "62eb5bf0e5cec8a46e632b2067d7872d4e9ad6ecaf1a7f5b42f5046a1e263eaa", "depth": "b056d897c79c706b8aefe8279d10a83fa2e66c5e56aba667a451904cd0b9429b"}, "reference_fp16_sha256": "c72dd785662662a97b3befa88da3b2e6540d74a35955bd6fb69a1a7a6935dabb"}
{"sequence": "milkbottle_indoor", "split": "fit", "init_bbox": [305.0, 204.0, 49.0, 98.0], "initial_image_sha256": {"rgb": "637f9a97b5f1183736726fc367b21a2a5c2e3db1a45310710f360dc9a399ac80", "depth": "d0a7e9742201cf1ece21f6e8dddf8796164cf40762a1bc0cabe09b16cecb2ef8"}, "reference_fp16_sha256": "a1aa8455e5d353e07e5593231c6714d978407af0875f2dc5eec6528dee5e9fb1"}
{"sequence": "mobilephone01_indoor", "split": "development", "init_bbox": [123.0, 127.0, 133.0, 97.0], "initial_image_sha256": {"rgb": "a2502128395d9dee09f6d2109adf806df8f8b341438cb87707d71cb45287858a", "depth": "c23534980566d8f3b9af64588a6bc8b49f4b1d39fa931aa08fe093286d1da724"}, "reference_fp16_sha256": "47fd8fef8283ca80ad07bfe61276e9745ad16419baf8e9acc61ee35cde64ee28"}
{"sequence": "mobilephone02_indoor", "split": "development", "init_bbox": [248.0, 84.0, 26.0, 60.0], "initial_image_sha256": {"rgb": "9370ab5537e3f7387bfa50a7af5d34347b8533889850761a8947c6a66761b087", "depth": "a977525bf8720be77fb4e166b63baadbe5dafcb756b9f60fc48da0af341b5688"}, "reference_fp16_sha256": "60edda1e2b23371f8acc2fd3d40157bcbbe4eec939059eee24ad42b7cf6ade80"}
{"sequence": "mobilephone06_indoor", "split": "fit", "init_bbox": [334.0, 242.0, 56.0, 108.0], "initial_image_sha256": {"rgb": "96b3d2cae3e8f6c77dc80630829b7992c1a8bdf39c21e524806326b9c3fe0650", "depth": "3454af4395f36b6e42ae93b4f79d5fb18227dfc092f50d30e3a35124f514d0bb"}, "reference_fp16_sha256": "f2211927f6713d5543b74df49b706f014f471b28afb2a29ce1174b8a042be337"}
{"sequence": "mushroom01_indoor", "split": "fit", "init_bbox": [256.0, 211.0, 68.0, 50.0], "initial_image_sha256": {"rgb": "98a275e3ce5411a226282ae6ae6f37226d87bde714c8ebad94ad7ebf4650eba1", "depth": "bb2e9a05a464ea338abac925c25f49c8adb25c7ac29f45d2a3c15643b3490168"}, "reference_fp16_sha256": "c03947344dcd5f68dff142d91683d4d6773b9b9f4891475cd005c0babd48e120"}
{"sequence": "mushroom05_indoor", "split": "fit", "init_bbox": [109.0, 117.0, 85.0, 65.0], "initial_image_sha256": {"rgb": "69c30f81585094382dfb6e37b95f9d4d117fdbf3d1500cfc09604af999d50227", "depth": "8a47aaed91b7a636fe73e2c54b93a7afd03b6f28d7b0c504bd35bbbfb570827a"}, "reference_fp16_sha256": "90de74bf8f8276e80295b875311f5a5416f720c647cc72d990a58a4e9ed3ae3e"}
{"sequence": "notebook02_indoor", "split": "development", "init_bbox": [263.0, 194.0, 71.0, 94.0], "initial_image_sha256": {"rgb": "1ffc7b46540cf8f9c9719d3aeac03f8d9811531a5b7f119e0a307e1cce3500f5", "depth": "2d8d7b2a5ca04597cdf7be78bb86b7b8a761f0e39ace58411f8fe277e2630a60"}, "reference_fp16_sha256": "42cb5e47dfa3ebd968e2a54b85caa0ab6b0148486743eac152ce7aa867bf1985"}
{"sequence": "paintbottle_indoor", "split": "fit", "init_bbox": [375.0, 133.0, 22.0, 53.0], "initial_image_sha256": {"rgb": "97f014094f216fc6fdf3ad747f966cc546ec39dcd1a839e57fc8a9d0d85c2398", "depth": "1de1ec9b03b77412d63087302c287cf39199f53ab3e120f274a0d8f1acd6bb7f"}, "reference_fp16_sha256": "d75a345af40ab47f134c71ef1c2c7259fce1346d9f96875193f9c66f10d6bf80"}
{"sequence": "painting_indoor_320", "split": "fit", "init_bbox": [235.0, 134.0, 108.0, 117.0], "initial_image_sha256": {"rgb": "b933450048b0fed6f546d1a6e54ce0c53bba29b912bf9b174b23670997c72f3e", "depth": "a80d5ed351975f084d7afea76630bd7c47c593f3adc029c150689fd7af0a7b3a"}, "reference_fp16_sha256": "bc98954b8e844e424757b94b93c416b7550e072bd43ed290aedcfe28a2e055ff"}
{"sequence": "pigeon03_wild", "split": "fit", "init_bbox": [158.0, 103.0, 45.0, 50.0], "initial_image_sha256": {"rgb": "b00ab5d3da6eab9a6a1eb79e816c0b2e4d921c9913a3bc520d461144ba5600a2", "depth": "2320f4fd1ff88490ea5b28fab5e7ff26aa213284bb37a8d5861693461a222e03"}, "reference_fp16_sha256": "bcc8cd66167f95a480dabf544367cc7794887b010008dbb492eaa58429f9395d"}
{"sequence": "pigeon07_wild", "split": "fit", "init_bbox": [319.0, 160.0, 43.0, 25.0], "initial_image_sha256": {"rgb": "555a12e3dd3613716d8818541aac4616f90cd9fc97f3be37766720c06e61dd09", "depth": "abaf797a539c8526a4a3894f366dd521533119cdab87d88b067f1ee4c184c8cf"}, "reference_fp16_sha256": "bc718c8272af969faebc4ff15960d068bcd692ab41ed9192863fcf29f143d793"}
{"sequence": "pine01_indoor", "split": "fit", "init_bbox": [221.0, 104.0, 29.0, 67.0], "initial_image_sha256": {"rgb": "28fb03b16a997116d8d4f581a110a92214b10082d5656a6bcb0802a38330f91a", "depth": "f0eef146be82a291b9ae2c65f0d3e6dbd6b0e7a028c03f9efcdf79334ee6bbb9"}, "reference_fp16_sha256": "9c9b528fa42289670c221d601efa5a28b1e5137fabcf0d66c52f41f3c0b8f1e0"}
{"sequence": "pine02_wild_320", "split": "fit", "init_bbox": [368.0, 201.0, 42.0, 17.0], "initial_image_sha256": {"rgb": "8c56259165397662288bc75537dd168e73bcfd4d56f627ed868b3d01d3a12cae", "depth": "e7180c336e47ec32453d98f3a1c240522b874477756ec110f9dd229782b76945"}, "reference_fp16_sha256": "edd86d77282cd56bd8fc193bb3c806f562a562c3333c424840169969cf9321c1"}
{"sequence": "shoes01_indoor", "split": "fit", "init_bbox": [278.0, 170.0, 42.0, 41.0], "initial_image_sha256": {"rgb": "710a4dcea5164ddb24ff264a024d3924ec62370a730efea43860594fdb7dda03", "depth": "e593193770b242de5acc882e5ff550bb9f20fa61e0b7ea8a525dde8a7bc9874f"}, "reference_fp16_sha256": "1e47ba22f364a9ebcc5c72f8b10eb416eb424e0c361e169899e6b3305db546ea"}
{"sequence": "skateboard01_indoor", "split": "fit", "init_bbox": [171.0, 286.0, 171.0, 53.0], "initial_image_sha256": {"rgb": "caafdcae9bf7b93557e56569baabeee89b13907424a89f800bec869e03e2f56e", "depth": "8639a637b2cdc692c769d758c227f038b1e0455ec7d464757ff64dfe8b22ceaf"}, "reference_fp16_sha256": "faf7440276f755cb936942bdc3754a8b8fe02adf4408243743b0ddc0efef9c33"}
{"sequence": "skateboard02_indoor", "split": "fit", "init_bbox": [312.0, 195.0, 236.0, 131.0], "initial_image_sha256": {"rgb": "0b5f3ad8cb7f7494d7e650f25587e4127f75d0d806a9b0a7168d5f44cb1dae25", "depth": "a8bedc8b0b61f4c7c8e48101f24084c9150d8c3346b901903c2760a535768cf4"}, "reference_fp16_sha256": "7f14cd50f7184c55bd3fbb982fde8f4e2443449e136c0b56b5b9ca750a35036f"}
{"sequence": "suitcase_indoor", "split": "fit", "init_bbox": [248.0, 189.0, 106.0, 158.0], "initial_image_sha256": {"rgb": "e5f9586ed44057e12cae0b9af767e167b7df6216a91cfcf8b8804ed9db9264ab", "depth": "2d7c8b33389718ab5deccadb737ea0109f0c1876dd8c50e5fb2da967ae438d85"}, "reference_fp16_sha256": "20c115187a4fbdaaedb6fae952689c4f4a0364dfd69e83f504657e755b0b959b"}
{"sequence": "toiletpaper04_indoor", "split": "fit", "init_bbox": [316.0, 281.0, 46.0, 56.0], "initial_image_sha256": {"rgb": "6d0e8716f3d22c56e12abb16e1f3ec1f920657046d10c4be21a2a63bf8255fc7", "depth": "c8acdeaca8346202f75f6539c0d762952fa60123d04541faad5e83a8112da04c"}, "reference_fp16_sha256": "3b7bebfb23051a7ae94458338496d05f43cdea9afbe3178fae6388f496840a5b"}
{"sequence": "toy01_indoor", "split": "fit", "init_bbox": [292.0, 121.0, 58.0, 106.0], "initial_image_sha256": {"rgb": "23f8061bfe28ed9ff3262715f32c6f19266e2c57630becf3b1fb815dc789c42f", "depth": "33d38ab6d28fd4e3ac91b635a45e5068ec60cdc4edf8efcaddd2a4229298b03c"}, "reference_fp16_sha256": "dad6ca932ba53261f236a0dd281dd4e69be2af8c6fa365b2682a58931b4104ae"}
{"sequence": "toy03_indoor", "split": "fit", "init_bbox": [299.0, 121.0, 40.0, 52.0], "initial_image_sha256": {"rgb": "b4236d9186d2c012c93f0e2062286198435164d01bcf9488e92beede2af23840", "depth": "9deafca0f1ac65ec3025d8d7fda1ae12ce1871a050703f2896dcc2580da4c525"}, "reference_fp16_sha256": "d0f19c311f2c8a309c2c400b81c6136747f1747a1d56465808bbf71ecacd2fcd"}
{"sequence": "toy04_indoor", "split": "fit", "init_bbox": [273.0, 89.0, 62.0, 138.0], "initial_image_sha256": {"rgb": "086fc21f03f0ff0f5660fba7a655aa17b2af875ba30c4818c854a3dde036d524", "depth": "5af23dfd506779b4124894f387b9b0a3eb632957f4c04e239d35ddefb794fff7"}, "reference_fp16_sha256": "c4a021556b492c72d4a586af9f008ad23ae54160265a4cf9ac2b16391b2b0fb3"}
{"sequence": "toy06_indoor", "split": "fit", "init_bbox": [45.0, 146.0, 74.0, 139.0], "initial_image_sha256": {"rgb": "584e78c6092951ee0818ac82399a39d7131ebec278a6051e753f3355b2ab13de", "depth": "848e49b3bc5828167018dbb5ce4623b692361ec339020ef4212ed1ccdded3017"}, "reference_fp16_sha256": "20149adf2e09e1ad579c25cef544942b99eadb358f7c65d81dd19d8031d5d387"}
{"sequence": "toy07_indoor_320", "split": "fit", "init_bbox": [298.0, 164.0, 36.0, 45.0], "initial_image_sha256": {"rgb": "c02530fad9575a26f08f827b519b47c7cae237f8084ff3fd6b87cefcd490feab", "depth": "59d7b923e3252cfc2d533e97f38ab93d076389d3f10172b2ec56bf29591ec7a8"}, "reference_fp16_sha256": "a6d93fe5fba83b3ff87137592457614773ecc44407ac1143ba6560a659befb17"}
{"sequence": "toy08_indoor", "split": "fit", "init_bbox": [207.0, 123.0, 55.0, 110.0], "initial_image_sha256": {"rgb": "e8ba7bdb13711fece730c62e750c5a2dd3d2bf55be651edcc40bc708a337e90d", "depth": "331e24b2a8acb63ea670c453a261945cd41641d4c57eb76be9da29f46fa4101c"}, "reference_fp16_sha256": "c0795d38b504a36e4bb919a1dd4f87783652900921d557c065c018c9d12156de"}
{"sequence": "tree_wild", "split": "fit", "init_bbox": [124.0, 23.0, 341.0, 210.0], "initial_image_sha256": {"rgb": "9dda1050fda922f5cc516c96724a39ad5559e8a93b34954ec1d742a551e8b72e", "depth": "a4b53fefafb4729e1291e9ae269f589cc467b029047dd8ac794b4efaa0b63a18"}, "reference_fp16_sha256": "65d55b30c21e556d6ad2c24b26cb17c494ef0fd8bb27aad77535f830e4113684"}
{"sequence": "trophy_indoor", "split": "fit", "init_bbox": [223.0, 133.0, 64.0, 116.0], "initial_image_sha256": {"rgb": "59b97efd4fe6f241c6b2ba498af5548e2986028ce2c8f23c54ceef0702b75b44", "depth": "6706b524577c493c1f11d4c1c43178459da638f0be006b1efc264d3f0ded0a6f"}, "reference_fp16_sha256": "87e52f45556352c1212575905b7b6d95fa2ba424d1d4fa86fb045d0f9795e33c"}
{
  "status": "complete_initial_reference_collection",
  "observed_utc": "2026-09-06T06:30:39.972460+00:00",
  "spec_sha256": "9d3cbcc7cc337e96f83b3cd9a83643cf30d4e6b59f4b56499faf4e1991d0cb5d",
  "files": {
    "fit": {
      "path": "/root/autodl-tmp/sttrack_m57_initial_binding_v1_20260906/initial_references/initial_fit.pt",
      "sha256": "f2ad2155778e2ea854c1967bb6c778e333f9502573f2b2c3684e5342148663b7",
      "bytes": 3118327,
      "sequences": 63
    },
    "development": {
      "path": "/root/autodl-tmp/sttrack_m57_initial_binding_v1_20260906/initial_references/initial_development.pt",
      "sha256": "46cc560a45dd8dbff96b3a1ff23810026944b3db3bb25b7f7eeb480d9f13b455",
      "bytes": 1089743,
      "sequences": 22
    }
  },
  "initial_frames": 85,
  "rgb_depth_files": 170,
  "subsequent_images_read": false,
  "subsequent_gt_read": false,
  "fitting_and_development_storage_separate": true,
  "checkpoint_sha256": "cacbd799115be1aaeb049cee0db89270851e3b6dd68997553b4c2c31c1104f98"
}
