{
  "candidate_text": {
    "events": 590,
    "sequences": 22,
    "valid_gt_events": 495,
    "mean_iou": 0.4451376795768738,
    "default_mean_iou": 0.44027379155158997,
    "correct": 272,
    "default_correct": 268,
    "rescues": 6,
    "breaks": 2,
    "nondefault": 36,
    "none": 226
  },
  "candidate_visual": {
    "events": 590,
    "sequences": 22,
    "valid_gt_events": 495,
    "mean_iou": 0.43834802508354187,
    "default_mean_iou": 0.44027379155158997,
    "correct": 272,
    "default_correct": 268,
    "rescues": 6,
    "breaks": 5,
    "nondefault": 73,
    "none": 227
  },
  "initial_text": {
    "events": 590,
    "sequences": 22,
    "valid_gt_events": 495,
    "mean_iou": 0.44593578577041626,
    "default_mean_iou": 0.44027379155158997,
    "correct": 273,
    "default_correct": 268,
    "rescues": 5,
    "breaks": 1,
    "nondefault": 16,
    "none": 296
  },
  "initial_visual": {
    "events": 590,
    "sequences": 22,
    "valid_gt_events": 495,
    "mean_iou": 0.44817987084388733,
    "default_mean_iou": 0.44027379155158997,
    "correct": 274,
    "default_correct": 268,
    "rescues": 6,
    "breaks": 1,
    "nondefault": 45,
    "none": 238
  },
  "candidate_text_empty": {
    "events": 590,
    "sequences": 22,
    "valid_gt_events": 495,
    "mean_iou": 0.44486892223358154,
    "default_mean_iou": 0.44027379155158997,
    "correct": 272,
    "default_correct": 268,
    "rescues": 6,
    "breaks": 2,
    "nondefault": 43,
    "none": 200
  },
  "candidate_text_same_mask_shuffled": {
    "events": 561,
    "sequences": 21,
    "valid_gt_events": 471,
    "mean_iou": 0.44498276710510254,
    "default_mean_iou": 0.44330257177352905,
    "correct": 257,
    "default_correct": 256,
    "rescues": 6,
    "breaks": 2,
    "nondefault": 40,
    "none": 197
  },
  "initial_text_empty": {
    "events": 590,
    "sequences": 22,
    "valid_gt_events": 495,
    "mean_iou": 0.4449136555194855,
    "default_mean_iou": 0.44027379155158997,
    "correct": 272,
    "default_correct": 268,
    "rescues": 5,
    "breaks": 2,
    "nondefault": 25,
    "none": 261
  },
  "initial_text_same_mask_shuffled": {
    "events": 561,
    "sequences": 21,
    "valid_gt_events": 471,
    "mean_iou": 0.4443530738353729,
    "default_mean_iou": 0.44330257177352905,
    "correct": 258,
    "default_correct": 256,
    "rescues": 4,
    "breaks": 3,
    "nondefault": 24,
    "none": 254
  }
}
{
  "candidate_text_empty": {
    "real_on_same_coverage": {
      "events": 590,
      "sequences": 22,
      "valid_gt_events": 495,
      "mean_iou": 0.4451376795768738,
      "default_mean_iou": 0.44027379155158997,
      "correct": 272,
      "default_correct": 268,
      "rescues": 6,
      "breaks": 2,
      "nondefault": 36,
      "none": 226
    },
    "counterfactual": {
      "events": 590,
      "sequences": 22,
      "valid_gt_events": 495,
      "mean_iou": 0.44486892223358154,
      "default_mean_iou": 0.44027379155158997,
      "correct": 272,
      "default_correct": 268,
      "rescues": 6,
      "breaks": 2,
      "nondefault": 43,
      "none": 200
    },
    "choice_changes": 11,
    "real_correct_counterfactual_severe": 0,
    "real_severe_counterfactual_correct": 0
  },
  "candidate_text_same_mask_shuffled": {
    "real_on_same_coverage": {
      "events": 561,
      "sequences": 21,
      "valid_gt_events": 471,
      "mean_iou": 0.4469064772129059,
      "default_mean_iou": 0.44330257177352905,
      "correct": 259,
      "default_correct": 256,
      "rescues": 6,
      "breaks": 2,
      "nondefault": 33,
      "none": 213
    },
    "counterfactual": {
      "events": 561,
      "sequences": 21,
      "valid_gt_events": 471,
      "mean_iou": 0.44498276710510254,
      "default_mean_iou": 0.44330257177352905,
      "correct": 257,
      "default_correct": 256,
      "rescues": 6,
      "breaks": 2,
      "nondefault": 40,
      "none": 197
    },
    "choice_changes": 18,
    "real_correct_counterfactual_severe": 1,
    "real_severe_counterfactual_correct": 1
  },
  "initial_text_empty": {
    "real_on_same_coverage": {
      "events": 590,
      "sequences": 22,
      "valid_gt_events": 495,
      "mean_iou": 0.44593578577041626,
      "default_mean_iou": 0.44027379155158997,
      "correct": 273,
      "default_correct": 268,
      "rescues": 5,
      "breaks": 1,
      "nondefault": 16,
      "none": 296
    },
    "counterfactual": {
      "events": 590,
      "sequences": 22,
      "valid_gt_events": 495,
      "mean_iou": 0.4449136555194855,
      "default_mean_iou": 0.44027379155158997,
      "correct": 272,
      "default_correct": 268,
      "rescues": 5,
      "breaks": 2,
      "nondefault": 25,
      "none": 261
    },
    "choice_changes": 9,
    "real_correct_counterfactual_severe": 1,
    "real_severe_counterfactual_correct": 0
  },
  "initial_text_same_mask_shuffled": {
    "real_on_same_coverage": {
      "events": 561,
      "sequences": 21,
      "valid_gt_events": 471,
      "mean_iou": 0.4490058720111847,
      "default_mean_iou": 0.44330257177352905,
      "correct": 261,
      "default_correct": 256,
      "rescues": 5,
      "breaks": 1,
      "nondefault": 15,
      "none": 280
    },
    "counterfactual": {
      "events": 561,
      "sequences": 21,
      "valid_gt_events": 471,
      "mean_iou": 0.4443530738353729,
      "default_mean_iou": 0.44330257177352905,
      "correct": 258,
      "default_correct": 256,
      "rescues": 4,
      "breaks": 3,
      "nondefault": 24,
      "none": 254
    },
    "choice_changes": 13,
    "real_correct_counterfactual_severe": 3,
    "real_severe_counterfactual_correct": 0
  }
}
