{"variant": "candidate_text", "epoch": 1, "loss": 2.522386648495571, "identity_loss": 2.310101549645909, "matching_loss": 0.8491405187893356, "optimizer_steps": 48, "elapsed_seconds": 3.0755257606506348}
{"variant": "candidate_text", "epoch": 2, "loss": 0.9617454799731625, "identity_loss": 0.8131064712646227, "matching_loss": 0.5945560194497705, "optimizer_steps": 96, "elapsed_seconds": 5.098567962646484}
{"variant": "candidate_text", "epoch": 3, "loss": 0.844509344200359, "identity_loss": 0.7145226775298128, "matching_loss": 0.519946682273671, "optimizer_steps": 144, "elapsed_seconds": 7.133263349533081}
{"variant": "candidate_text", "epoch": 4, "loss": 0.7860881587987227, "identity_loss": 0.6750551740670346, "matching_loss": 0.44413192941998897, "optimizer_steps": 192, "elapsed_seconds": 9.119820356369019}
{"variant": "candidate_text", "epoch": 5, "loss": 0.7014857473001032, "identity_loss": 0.5984370211037006, "matching_loss": 0.41219491448960976, "optimizer_steps": 240, "elapsed_seconds": 11.197094917297363}
{"variant": "candidate_text", "epoch": 6, "loss": 0.7271826132727648, "identity_loss": 0.6261830183447472, "matching_loss": 0.4039983930057599, "optimizer_steps": 288, "elapsed_seconds": 13.125771760940552}
{"variant": "candidate_text", "epoch": 7, "loss": 0.6578081080962458, "identity_loss": 0.5662614779015553, "matching_loss": 0.3661865216071522, "optimizer_steps": 336, "elapsed_seconds": 15.075260162353516}
{"variant": "candidate_text", "epoch": 8, "loss": 0.5633868525787192, "identity_loss": 0.476556797164864, "matching_loss": 0.3473202291701031, "optimizer_steps": 384, "elapsed_seconds": 17.171770811080933}
{"variant": "candidate_text", "epoch": 9, "loss": 0.49134875725508526, "identity_loss": 0.4155382452215839, "matching_loss": 0.3032420442681846, "optimizer_steps": 432, "elapsed_seconds": 19.441736459732056}
{"variant": "candidate_text", "epoch": 10, "loss": 0.4732430832698438, "identity_loss": 0.40140870335794776, "matching_loss": 0.2873375046527362, "optimizer_steps": 480, "elapsed_seconds": 21.476332426071167}
{"variant": "candidate_text", "epoch": 11, "loss": 0.4155087004348507, "identity_loss": 0.34910338665380297, "matching_loss": 0.2656212407851519, "optimizer_steps": 528, "elapsed_seconds": 23.53050971031189}
{"variant": "candidate_text", "epoch": 12, "loss": 0.37973881682996163, "identity_loss": 0.31840988672150433, "matching_loss": 0.24531571656800832, "optimizer_steps": 576, "elapsed_seconds": 25.646742582321167}
{"variant": "candidate_text", "epoch": 13, "loss": 0.31347442853734797, "identity_loss": 0.261977422043119, "matching_loss": 0.20598803576967087, "optimizer_steps": 624, "elapsed_seconds": 27.79445481300354}
{"variant": "candidate_text", "epoch": 14, "loss": 0.29385349077057316, "identity_loss": 0.2460749334650155, "matching_loss": 0.19111422634751965, "optimizer_steps": 672, "elapsed_seconds": 29.63309383392334}
{"variant": "candidate_text", "epoch": 15, "loss": 0.26080996389818223, "identity_loss": 0.21425259947125916, "matching_loss": 0.18622945796902965, "optimizer_steps": 720, "elapsed_seconds": 31.640095949172974}
{"variant": "candidate_text", "epoch": 16, "loss": 0.22835212073909533, "identity_loss": 0.1893988002626648, "matching_loss": 0.15581327674831533, "optimizer_steps": 768, "elapsed_seconds": 33.79145812988281}
{"variant": "candidate_text", "epoch": 17, "loss": 0.19706692683931457, "identity_loss": 0.16003044896890378, "matching_loss": 0.14814591181078035, "optimizer_steps": 816, "elapsed_seconds": 35.85002017021179}
{"variant": "candidate_text", "epoch": 18, "loss": 0.15877550309258903, "identity_loss": 0.12451913096177103, "matching_loss": 0.13702548852111482, "optimizer_steps": 864, "elapsed_seconds": 37.731186389923096}
{"variant": "candidate_text", "epoch": 19, "loss": 0.12879721777948774, "identity_loss": 0.09980849820126926, "matching_loss": 0.11595487758803256, "optimizer_steps": 912, "elapsed_seconds": 39.77734327316284}
{"variant": "candidate_text", "epoch": 20, "loss": 0.08799115005784441, "identity_loss": 0.06872916105496102, "matching_loss": 0.07704795653420833, "optimizer_steps": 960, "elapsed_seconds": 41.69754981994629}
{"variant": "candidate_visual", "epoch": 1, "loss": 2.5224296865204483, "identity_loss": 2.3101168287897016, "matching_loss": 0.8492514523822373, "optimizer_steps": 48, "elapsed_seconds": 2.0222156047821045}
{"variant": "candidate_visual", "epoch": 2, "loss": 0.9639791730695177, "identity_loss": 0.8155784967875023, "matching_loss": 0.5936027106506631, "optimizer_steps": 96, "elapsed_seconds": 4.2095983028411865}
{"variant": "candidate_visual", "epoch": 3, "loss": 0.8674610840966573, "identity_loss": 0.7363790085503473, "matching_loss": 0.5243282955975662, "optimizer_steps": 144, "elapsed_seconds": 6.251216650009155}
{"variant": "candidate_visual", "epoch": 4, "loss": 0.8163967461163125, "identity_loss": 0.7060932982922548, "matching_loss": 0.44121382143385435, "optimizer_steps": 192, "elapsed_seconds": 8.185038566589355}
{"variant": "candidate_visual", "epoch": 5, "loss": 0.7251086041755348, "identity_loss": 0.6247310564168473, "matching_loss": 0.4015102012712856, "optimizer_steps": 240, "elapsed_seconds": 10.205699682235718}
{"variant": "candidate_visual", "epoch": 6, "loss": 0.6778606777353684, "identity_loss": 0.5810976597862004, "matching_loss": 0.38705205649117774, "optimizer_steps": 288, "elapsed_seconds": 12.158809423446655}
{"variant": "candidate_visual", "epoch": 7, "loss": 0.6416834779798708, "identity_loss": 0.5497582602548252, "matching_loss": 0.36770087074239394, "optimizer_steps": 336, "elapsed_seconds": 14.121090412139893}
{"variant": "candidate_visual", "epoch": 8, "loss": 0.5630791043304276, "identity_loss": 0.4839376697352515, "matching_loss": 0.3165657365266887, "optimizer_steps": 384, "elapsed_seconds": 16.173288583755493}
{"variant": "candidate_visual", "epoch": 9, "loss": 0.470154888814526, "identity_loss": 0.39931029955098996, "matching_loss": 0.28337834117666605, "optimizer_steps": 432, "elapsed_seconds": 18.345175743103027}
{"variant": "candidate_visual", "epoch": 10, "loss": 0.4114125113192179, "identity_loss": 0.35044497954656084, "matching_loss": 0.24387013109697955, "optimizer_steps": 480, "elapsed_seconds": 20.412447452545166}
{"variant": "candidate_visual", "epoch": 11, "loss": 0.4433821628694894, "identity_loss": 0.3851858641752575, "matching_loss": 0.23278519856385407, "optimizer_steps": 528, "elapsed_seconds": 22.446870803833008}
{"variant": "candidate_visual", "epoch": 12, "loss": 0.3405801285820083, "identity_loss": 0.28658590791716154, "matching_loss": 0.2159768825804927, "optimizer_steps": 576, "elapsed_seconds": 24.403078079223633}
{"variant": "candidate_visual", "epoch": 13, "loss": 0.2960802702606711, "identity_loss": 0.25136345728965565, "matching_loss": 0.17886725493381941, "optimizer_steps": 624, "elapsed_seconds": 26.41347908973694}
{"variant": "candidate_visual", "epoch": 14, "loss": 0.263920320670073, "identity_loss": 0.22451292945800594, "matching_loss": 0.15762956237295936, "optimizer_steps": 672, "elapsed_seconds": 28.402733325958252}
{"variant": "candidate_visual", "epoch": 15, "loss": 0.1919115995938941, "identity_loss": 0.15575597890542386, "matching_loss": 0.14462248150698107, "optimizer_steps": 720, "elapsed_seconds": 30.39694118499756}
{"variant": "candidate_visual", "epoch": 16, "loss": 0.17153646301386927, "identity_loss": 0.13994496887208294, "matching_loss": 0.12636597907049846, "optimizer_steps": 768, "elapsed_seconds": 32.438520193099976}
{"variant": "candidate_visual", "epoch": 17, "loss": 0.13373359568313214, "identity_loss": 0.10789487702531024, "matching_loss": 0.10335487543502335, "optimizer_steps": 816, "elapsed_seconds": 34.410587787628174}
{"variant": "candidate_visual", "epoch": 18, "loss": 0.12464123043218722, "identity_loss": 0.09482758792646076, "matching_loss": 0.11925457526814418, "optimizer_steps": 864, "elapsed_seconds": 36.49121332168579}
{"variant": "candidate_visual", "epoch": 19, "loss": 0.14522870573320584, "identity_loss": 0.12142181350719516, "matching_loss": 0.09522757210357646, "optimizer_steps": 912, "elapsed_seconds": 38.47315454483032}
{"variant": "candidate_visual", "epoch": 20, "loss": 0.08363717808717927, "identity_loss": 0.06261680887618813, "matching_loss": 0.0840814780964116, "optimizer_steps": 960, "elapsed_seconds": 40.49705672264099}
{"variant": "initial_text", "epoch": 1, "loss": 2.52238994493617, "identity_loss": 2.31010260363433, "matching_loss": 0.8491494196444296, "optimizer_steps": 48, "elapsed_seconds": 1.9468317031860352}
{"variant": "initial_text", "epoch": 2, "loss": 0.953231879688114, "identity_loss": 0.8086326615373319, "matching_loss": 0.5783968962714184, "optimizer_steps": 96, "elapsed_seconds": 3.8326406478881836}
{"variant": "initial_text", "epoch": 3, "loss": 0.8611328509925297, "identity_loss": 0.7312556842870858, "matching_loss": 0.5195086704311901, "optimizer_steps": 144, "elapsed_seconds": 5.862312078475952}
{"variant": "initial_text", "epoch": 4, "loss": 0.815267848660818, "identity_loss": 0.7007752468379265, "matching_loss": 0.4579704017295181, "optimizer_steps": 192, "elapsed_seconds": 7.906247854232788}
{"variant": "initial_text", "epoch": 5, "loss": 0.7300063797687554, "identity_loss": 0.6245766385235904, "matching_loss": 0.42171895849160373, "optimizer_steps": 240, "elapsed_seconds": 9.93353819847107}
{"variant": "initial_text", "epoch": 6, "loss": 0.6962005584386703, "identity_loss": 0.5850230857562262, "matching_loss": 0.44470987491146924, "optimizer_steps": 288, "elapsed_seconds": 11.937353372573853}
{"variant": "initial_text", "epoch": 7, "loss": 0.6740636510378789, "identity_loss": 0.5812820944957272, "matching_loss": 0.3711262092852261, "optimizer_steps": 336, "elapsed_seconds": 14.0703444480896}
{"variant": "initial_text", "epoch": 8, "loss": 0.6493391116118289, "identity_loss": 0.5630767747394932, "matching_loss": 0.3450493480416026, "optimizer_steps": 384, "elapsed_seconds": 16.065043926239014}
{"variant": "initial_text", "epoch": 9, "loss": 0.4987966231779891, "identity_loss": 0.42002810255767964, "matching_loss": 0.3150740854101888, "optimizer_steps": 432, "elapsed_seconds": 18.09211826324463}
{"variant": "initial_text", "epoch": 10, "loss": 0.4768243492990831, "identity_loss": 0.4042967396765494, "matching_loss": 0.2901104361824765, "optimizer_steps": 480, "elapsed_seconds": 20.022837162017822}
{"variant": "initial_text", "epoch": 11, "loss": 0.4530408355986181, "identity_loss": 0.3833616508465583, "matching_loss": 0.2787167385052877, "optimizer_steps": 528, "elapsed_seconds": 22.088605165481567}
{"variant": "initial_text", "epoch": 12, "loss": 0.3626490087401859, "identity_loss": 0.30225179709794897, "matching_loss": 0.2415888430975984, "optimizer_steps": 576, "elapsed_seconds": 24.02158260345459}
{"variant": "initial_text", "epoch": 13, "loss": 0.2870371200768049, "identity_loss": 0.23952272329491783, "matching_loss": 0.19005759469277214, "optimizer_steps": 624, "elapsed_seconds": 25.98251247406006}
{"variant": "initial_text", "epoch": 14, "loss": 0.25263385674383054, "identity_loss": 0.20680237963825246, "matching_loss": 0.18332590532817641, "optimizer_steps": 672, "elapsed_seconds": 28.059858560562134}
{"variant": "initial_text", "epoch": 15, "loss": 0.24608126691093238, "identity_loss": 0.2026654321609113, "matching_loss": 0.1736633303919764, "optimizer_steps": 720, "elapsed_seconds": 30.0814368724823}
{"variant": "initial_text", "epoch": 16, "loss": 0.23570754125401192, "identity_loss": 0.19562638355825837, "matching_loss": 0.16032463178047995, "optimizer_steps": 768, "elapsed_seconds": 32.0817596912384}
{"variant": "initial_text", "epoch": 17, "loss": 0.18144741658325364, "identity_loss": 0.14882278048943712, "matching_loss": 0.13049854421747747, "optimizer_steps": 816, "elapsed_seconds": 34.11138606071472}
{"variant": "initial_text", "epoch": 18, "loss": 0.14173125855755345, "identity_loss": 0.1147930741866078, "matching_loss": 0.10775273264611349, "optimizer_steps": 864, "elapsed_seconds": 36.177887201309204}
{"variant": "initial_text", "epoch": 19, "loss": 0.11490485811276913, "identity_loss": 0.09048681846227494, "matching_loss": 0.09767215928737097, "optimizer_steps": 912, "elapsed_seconds": 38.21394729614258}
{"variant": "initial_text", "epoch": 20, "loss": 0.1228509092670178, "identity_loss": 0.09779234350339061, "matching_loss": 0.10023426616590281, "optimizer_steps": 960, "elapsed_seconds": 40.25622534751892}
{"variant": "initial_visual", "epoch": 1, "loss": 2.5224109839162314, "identity_loss": 2.310101506549897, "matching_loss": 0.8492378285986789, "optimizer_steps": 48, "elapsed_seconds": 2.0609798431396484}
{"variant": "initial_visual", "epoch": 2, "loss": 0.9652952271372494, "identity_loss": 0.8153269570998842, "matching_loss": 0.5998730662640636, "optimizer_steps": 96, "elapsed_seconds": 4.142434120178223}
{"variant": "initial_visual", "epoch": 3, "loss": 0.8700778239772148, "identity_loss": 0.7393934155914816, "matching_loss": 0.5227376078135284, "optimizer_steps": 144, "elapsed_seconds": 6.238062143325806}
{"variant": "initial_visual", "epoch": 4, "loss": 0.8201536918459627, "identity_loss": 0.7074370044181869, "matching_loss": 0.4508667366935432, "optimizer_steps": 192, "elapsed_seconds": 8.31315803527832}
{"variant": "initial_visual", "epoch": 5, "loss": 0.7686698328651868, "identity_loss": 0.6629412177479244, "matching_loss": 0.42291447837805607, "optimizer_steps": 240, "elapsed_seconds": 10.246304750442505}
{"variant": "initial_visual", "epoch": 6, "loss": 0.7210608781528031, "identity_loss": 0.6144117357062631, "matching_loss": 0.4265965691550057, "optimizer_steps": 288, "elapsed_seconds": 12.381495714187622}
{"variant": "initial_visual", "epoch": 7, "loss": 0.6561399280117648, "identity_loss": 0.5668433406331695, "matching_loss": 0.35718635606260823, "optimizer_steps": 336, "elapsed_seconds": 14.52066445350647}
{"variant": "initial_visual", "epoch": 8, "loss": 0.5672245424642696, "identity_loss": 0.4801407229971365, "matching_loss": 0.34833527788825575, "optimizer_steps": 384, "elapsed_seconds": 16.596519231796265}
{"variant": "initial_visual", "epoch": 9, "loss": 0.5141120647295353, "identity_loss": 0.44070342207767566, "matching_loss": 0.29363456542013816, "optimizer_steps": 432, "elapsed_seconds": 18.674802541732788}
{"variant": "initial_visual", "epoch": 10, "loss": 0.450197773883865, "identity_loss": 0.3800660761715481, "matching_loss": 0.2805267872793007, "optimizer_steps": 480, "elapsed_seconds": 20.671711206436157}
{"variant": "initial_visual", "epoch": 11, "loss": 0.4048483213157073, "identity_loss": 0.33756683375328916, "matching_loss": 0.26912595170921716, "optimizer_steps": 528, "elapsed_seconds": 22.623573303222656}
{"variant": "initial_visual", "epoch": 12, "loss": 0.34109472092376647, "identity_loss": 0.2858027050149591, "matching_loss": 0.22116806588371726, "optimizer_steps": 576, "elapsed_seconds": 24.63271689414978}
{"variant": "initial_visual", "epoch": 13, "loss": 0.2519534529808694, "identity_loss": 0.21144001950922192, "matching_loss": 0.16205372820003666, "optimizer_steps": 624, "elapsed_seconds": 26.65113615989685}
{"variant": "initial_visual", "epoch": 14, "loss": 0.21554686705021572, "identity_loss": 0.17563729911233952, "matching_loss": 0.15963827796196559, "optimizer_steps": 672, "elapsed_seconds": 28.64230966567993}
{"variant": "initial_visual", "epoch": 15, "loss": 0.17624923743154733, "identity_loss": 0.14186337423938605, "matching_loss": 0.13754344749366734, "optimizer_steps": 720, "elapsed_seconds": 30.698264360427856}
{"variant": "initial_visual", "epoch": 16, "loss": 0.15560248434237894, "identity_loss": 0.1274925215375652, "matching_loss": 0.1124398471666765, "optimizer_steps": 768, "elapsed_seconds": 32.70913791656494}
{"variant": "initial_visual", "epoch": 17, "loss": 0.13046180988519565, "identity_loss": 0.10712421737331773, "matching_loss": 0.09335036435017201, "optimizer_steps": 816, "elapsed_seconds": 34.67731475830078}
{"variant": "initial_visual", "epoch": 18, "loss": 0.08969759893764494, "identity_loss": 0.0664548011019599, "matching_loss": 0.09297119075103283, "optimizer_steps": 864, "elapsed_seconds": 36.653531551361084}
{"variant": "initial_visual", "epoch": 19, "loss": 0.1363821539443546, "identity_loss": 0.11242258177902537, "matching_loss": 0.09583828904469387, "optimizer_steps": 912, "elapsed_seconds": 38.65101718902588}
{"variant": "initial_visual", "epoch": 20, "loss": 0.06618941718901056, "identity_loss": 0.047883668215483094, "matching_loss": 0.07322299378615274, "optimizer_steps": 960, "elapsed_seconds": 40.7028169631958}
{"status": "complete_train", "next": "Freeze weights, evaluate text controls and full recursive development"}
