WARNING: You are using tensorboardX instead sis you have a too old pytorch version.
{"epoch": 1, "loss": 0.4211673175201765, "optimizer_steps": 305, "elapsed_seconds": 7.271608829498291}
{"epoch": 2, "loss": 0.14849472368301997, "optimizer_steps": 610, "elapsed_seconds": 11.384292125701904}
{"epoch": 3, "loss": 0.11168670105592897, "optimizer_steps": 915, "elapsed_seconds": 15.73683214187622}
{"epoch": 4, "loss": 0.10362032062733341, "optimizer_steps": 1220, "elapsed_seconds": 18.936660528182983}
{"epoch": 5, "loss": 0.09604029884732862, "optimizer_steps": 1525, "elapsed_seconds": 23.192757844924927}
{"epoch": 6, "loss": 0.08985057601154575, "optimizer_steps": 1830, "elapsed_seconds": 27.550057888031006}
{"epoch": 7, "loss": 0.08287767283304558, "optimizer_steps": 2135, "elapsed_seconds": 31.912729024887085}
{"epoch": 8, "loss": 0.07712992865066991, "optimizer_steps": 2440, "elapsed_seconds": 36.26008939743042}
{"epoch": 9, "loss": 0.0750409077580156, "optimizer_steps": 2745, "elapsed_seconds": 40.61088252067566}
{"epoch": 10, "loss": 0.07105706668353202, "optimizer_steps": 3050, "elapsed_seconds": 44.92210245132446}
{"epoch": 11, "loss": 0.06528538730288495, "optimizer_steps": 3355, "elapsed_seconds": 49.275688886642456}
{"epoch": 12, "loss": 0.06067309785002102, "optimizer_steps": 3660, "elapsed_seconds": 53.608959913253784}
{"epoch": 13, "loss": 0.057515547865743345, "optimizer_steps": 3965, "elapsed_seconds": 56.91949820518494}
{"epoch": 14, "loss": 0.054118754331590684, "optimizer_steps": 4270, "elapsed_seconds": 61.260000705718994}
{"epoch": 15, "loss": 0.05065894157761774, "optimizer_steps": 4575, "elapsed_seconds": 65.6818163394928}
{"epoch": 16, "loss": 0.050101604702806855, "optimizer_steps": 4880, "elapsed_seconds": 68.84517192840576}
{"epoch": 17, "loss": 0.042958195953009676, "optimizer_steps": 5185, "elapsed_seconds": 72.81436657905579}
{"epoch": 18, "loss": 0.04145947305150852, "optimizer_steps": 5490, "elapsed_seconds": 76.32557582855225}
{"epoch": 19, "loss": 0.0393726555612078, "optimizer_steps": 5795, "elapsed_seconds": 80.85270142555237}
{"epoch": 20, "loss": 0.036099137946766516, "optimizer_steps": 6100, "elapsed_seconds": 85.48888182640076}
{
  "status": "complete",
  "scope": "Fitting-only training; recursive development evaluation still required",
  "spec_sha256": "1ca1387e6eb33c897e12d5e0c10b746d48257e7745906c431e8ac857f63d7267",
  "collection_receipt_sha256": "708d1b326cdca803cb7813a63ff48ab82943bdf5a8fe2bb5610136c489091e63",
  "checkpoint_sha256": "53374903f5c7314dbc08c857d9ac6d56f2adc914908e62831176fb7c2b7d0c05",
  "base_checkpoint_sha256": "cacbd799115be1aaeb049cee0db89270851e3b6dd68997553b4c2c31c1104f98",
  "parameters": 58923,
  "events": 10615,
  "valid_events": 9729,
  "invalid_events": 886,
  "alternate_targets": 143,
  "optimizer_steps": 6100,
  "epochs": 20,
  "sample_order_sha256": "efdc8b22a133cd7d87276ed33a16ec09518717a75e254fda5a283b085d628dec",
  "changed_tensors": [
    "source_bias",
    "cell.0.weight",
    "cell.0.bias",
    "cell.1.weight",
    "cell.1.bias",
    "reference_role.weight",
    "match.in_proj_weight",
    "match.in_proj_bias",
    "match.out_proj.weight",
    "match.out_proj.bias",
    "local.0.weight",
    "local.0.bias",
    "response.0.weight",
    "response.0.bias",
    "response.2.weight",
    "response.2.bias",
    "response.6.weight",
    "response.6.bias",
    "quality.0.weight",
    "quality.0.bias",
    "quality.2.weight",
    "quality.2.bias"
  ],
  "strict_reload_exact": true,
  "labels_read_after_sealed_inputs_verified": true,
  "default_mean_iou": 0.7028407993152054,
  "selected_mean_iou": 0.7130706494931104,
  "selected_alternate": 142,
  "severe_rescues": 98,
  "severe_harms": 0,
  "development_used_for_fitting": false,
  "public_evaluation": false,
  "elapsed_seconds": 88.65682244300842
}
