{
  "control": {
    "native_fit": {
      "classifier_cpu_matches_recorded_gpu": true,
      "classifier": {
        "events": 1511,
        "mean_iou": 0.5163035988807678,
        "default_mean_iou": 0.4891679286956787,
        "correct": 870,
        "changes": 108,
        "rescues": 28,
        "breaks": 0
      },
      "causal_previous_choice_affinity": {
        "events": 1511,
        "mean_iou": 0.4976591467857361,
        "default_mean_iou": 0.4891679286956787,
        "correct": 818,
        "changes": 67,
        "rescues": 5,
        "breaks": 0
      },
      "causal_unmatched": 689,
      "oracle_subset_classifier": {
        "events": 937,
        "mean_iou": 0.7811567187309265,
        "default_mean_iou": 0.750931978225708,
        "correct": 835,
        "changes": 79,
        "rescues": 17,
        "breaks": 0
      },
      "oracle_subset_causal": {
        "events": 937,
        "mean_iou": 0.765520453453064,
        "default_mean_iou": 0.750931978225708,
        "correct": 812,
        "changes": 60,
        "rescues": 5,
        "breaks": 0
      },
      "oracle_previous_gt_affinity": {
        "events": 937,
        "mean_iou": 0.7814095616340637,
        "default_mean_iou": 0.750931978225708,
        "correct": 836,
        "changes": 80,
        "rescues": 17,
        "breaks": 0
      }
    },
    "policy_fit": {
      "classifier_cpu_matches_recorded_gpu": true,
      "classifier": {
        "events": 1511,
        "mean_iou": 0.5133534073829651,
        "default_mean_iou": 0.5035730600357056,
        "correct": 861,
        "changes": 85,
        "rescues": 11,
        "breaks": 1
      },
      "causal_previous_choice_affinity": {
        "events": 1511,
        "mean_iou": 0.5094418525695801,
        "default_mean_iou": 0.5035730600357056,
        "correct": 843,
        "changes": 47,
        "rescues": 5,
        "breaks": 0
      },
      "causal_unmatched": 651,
      "oracle_subset_classifier": {
        "events": 936,
        "mean_iou": 0.7803129553794861,
        "default_mean_iou": 0.7700352668762207,
        "correct": 827,
        "changes": 63,
        "rescues": 7,
        "breaks": 1
      },
      "oracle_subset_causal": {
        "events": 936,
        "mean_iou": 0.7809855937957764,
        "default_mean_iou": 0.7700352668762207,
        "correct": 824,
        "changes": 44,
        "rescues": 5,
        "breaks": 0
      },
      "oracle_previous_gt_affinity": {
        "events": 936,
        "mean_iou": 0.782065212726593,
        "default_mean_iou": 0.7700352668762207,
        "correct": 827,
        "changes": 48,
        "rescues": 6,
        "breaks": 0
      }
    },
    "development": {
      "classifier_cpu_matches_recorded_gpu": true,
      "classifier": {
        "events": 590,
        "mean_iou": 0.44613155722618103,
        "default_mean_iou": 0.4402737319469452,
        "correct": 272,
        "changes": 10,
        "rescues": 4,
        "breaks": 1
      },
      "causal_previous_choice_affinity": {
        "events": 590,
        "mean_iou": 0.43926283717155457,
        "default_mean_iou": 0.4402737319469452,
        "correct": 267,
        "changes": 8,
        "rescues": 1,
        "breaks": 1
      },
      "causal_unmatched": 312,
      "oracle_subset_classifier": {
        "events": 336,
        "mean_iou": 0.7395433783531189,
        "default_mean_iou": 0.7341325283050537,
        "correct": 266,
        "changes": 5,
        "rescues": 3,
        "breaks": 1
      },
      "oracle_subset_causal": {
        "events": 336,
        "mean_iou": 0.7324622273445129,
        "default_mean_iou": 0.7341325283050537,
        "correct": 263,
        "changes": 6,
        "rescues": 1,
        "breaks": 1
      },
      "oracle_previous_gt_affinity": {
        "events": 336,
        "mean_iou": 0.7352411150932312,
        "default_mean_iou": 0.7341325283050537,
        "correct": 264,
        "changes": 7,
        "rescues": 2,
        "breaks": 1
      }
    }
  },
  "mixed": {
    "native_fit": {
      "classifier_cpu_matches_recorded_gpu": true,
      "classifier": {
        "events": 1511,
        "mean_iou": 0.5157520174980164,
        "default_mean_iou": 0.4891679286956787,
        "correct": 863,
        "changes": 102,
        "rescues": 29,
        "breaks": 0
      },
      "causal_previous_choice_affinity": {
        "events": 1511,
        "mean_iou": 0.4976140558719635,
        "default_mean_iou": 0.4891679286956787,
        "correct": 810,
        "changes": 65,
        "rescues": 8,
        "breaks": 2
      },
      "causal_unmatched": 600,
      "oracle_subset_classifier": {
        "events": 937,
        "mean_iou": 0.7798752188682556,
        "default_mean_iou": 0.750931978225708,
        "correct": 828,
        "changes": 73,
        "rescues": 17,
        "breaks": 0
      },
      "oracle_subset_causal": {
        "events": 937,
        "mean_iou": 0.7663582563400269,
        "default_mean_iou": 0.750931978225708,
        "correct": 805,
        "changes": 54,
        "rescues": 7,
        "breaks": 0
      },
      "oracle_previous_gt_affinity": {
        "events": 937,
        "mean_iou": 0.7792124152183533,
        "default_mean_iou": 0.750931978225708,
        "correct": 824,
        "changes": 69,
        "rescues": 17,
        "breaks": 0
      }
    },
    "policy_fit": {
      "classifier_cpu_matches_recorded_gpu": true,
      "classifier": {
        "events": 1511,
        "mean_iou": 0.5194222927093506,
        "default_mean_iou": 0.5035730600357056,
        "correct": 881,
        "changes": 68,
        "rescues": 18,
        "breaks": 0
      },
      "causal_previous_choice_affinity": {
        "events": 1511,
        "mean_iou": 0.5090152621269226,
        "default_mean_iou": 0.5035730600357056,
        "correct": 847,
        "changes": 55,
        "rescues": 8,
        "breaks": 1
      },
      "causal_unmatched": 588,
      "oracle_subset_classifier": {
        "events": 936,
        "mean_iou": 0.7877522110939026,
        "default_mean_iou": 0.7700352668762207,
        "correct": 842,
        "changes": 50,
        "rescues": 11,
        "breaks": 0
      },
      "oracle_subset_causal": {
        "events": 936,
        "mean_iou": 0.7836864590644836,
        "default_mean_iou": 0.7700352668762207,
        "correct": 832,
        "changes": 41,
        "rescues": 8,
        "breaks": 0
      },
      "oracle_previous_gt_affinity": {
        "events": 936,
        "mean_iou": 0.787550687789917,
        "default_mean_iou": 0.7700352668762207,
        "correct": 838,
        "changes": 48,
        "rescues": 11,
        "breaks": 0
      }
    },
    "development": {
      "classifier_cpu_matches_recorded_gpu": true,
      "classifier": {
        "events": 590,
        "mean_iou": 0.44668149948120117,
        "default_mean_iou": 0.4402737319469452,
        "correct": 274,
        "changes": 14,
        "rescues": 4,
        "breaks": 0
      },
      "causal_previous_choice_affinity": {
        "events": 590,
        "mean_iou": 0.4387143850326538,
        "default_mean_iou": 0.4402737319469452,
        "correct": 268,
        "changes": 14,
        "rescues": 2,
        "breaks": 1
      },
      "causal_unmatched": 228,
      "oracle_subset_classifier": {
        "events": 336,
        "mean_iou": 0.7422884106636047,
        "default_mean_iou": 0.7341325283050537,
        "correct": 268,
        "changes": 8,
        "rescues": 3,
        "breaks": 0
      },
      "oracle_subset_causal": {
        "events": 336,
        "mean_iou": 0.7391106486320496,
        "default_mean_iou": 0.7341325283050537,
        "correct": 267,
        "changes": 6,
        "rescues": 2,
        "breaks": 0
      },
      "oracle_previous_gt_affinity": {
        "events": 336,
        "mean_iou": 0.7418895959854126,
        "default_mean_iou": 0.7341325283050537,
        "correct": 268,
        "changes": 6,
        "rescues": 3,
        "breaks": 0
      }
    }
  }
}
