{
  "status": "completed_low22_same_bundle_evaluation",
  "observed_utc": "2026-09-06T20:53:55.640459+00:00",
  "execution_sha256": "2f855880709e43caecbeb4e12651d042081a181d0ab9788590484ab08c6f6aa1",
  "bundle_sha256": "1273c87110bdd023d256660d8764586223fcc4f7b85667911e4545c2e7d9fa17",
  "text_protocol_sha256": "20d3e4ee754822053239e6c7073b7819c8928ce4904620596ef4596e51912846",
  "metrics_percent": {
    "EAO": 55.29845791044462,
    "ACC": 74.19128841689455,
    "ROB": 71.56483457807722
  },
  "confirmed_failures": 129,
  "failure_settings": {
    "burnin": 10,
    "grace": 10,
    "threshold": 0.1,
    "ignore_masks": "_ignore"
  },
  "protected_native_sequences": [
    "cube02_indoor_2",
    "cube05_indoor_2",
    "duck03_wild_1",
    "duck03_wild_2",
    "humans_shirts_room_occ_1_B_1",
    "robot_human_corridor_noocc_1_B_1",
    "squirrel_wild_1"
  ],
  "gate_checks": {
    "EAO_minimum": false,
    "ACC_minimum": false,
    "ROB_minimum": false,
    "failure_reduction": false,
    "native_zero_failure_protection": false,
    "all303_bound_and_complete": true
  },
  "full_three_dataset_evaluation_allowed": false,
  "analysis_sha256": "c28a59e5c56ec2c9424e09bbae67a62163441258f26974ed0a158f845e2753d1",
  "merge_sha256": "ecd546ffb3ca68750c673ec7741d60b81e74dd62620e72973e61d75e20404dcf",
  "independent_review_pass": false,
  "interpretation": "One pre-frozen candidate on reused low22 development benchmark. This is not a full127 result; failure does not authorize threshold or caption changes."
}
