{
  "status": "complete_post_sealing_same_state_diagnostic",
  "result_sha256": "a2715e3b3c34760b2955ce58d835e1290918cee7ec8d3369ac84f5c17910dbe3",
  "summary": {
    "glass03_indoor": {
      "control": {
        "statistics": {
          "valid_frames": 570,
          "iou_sum": 523.0034850290841,
          "mean_iou": 0.9175499737352353,
          "low_iou_frames": 16,
          "failure_episodes": 0,
          "invalid_gt_frames": 104
        },
        "H10_intervals": [],
        "probe_frames": 86,
        "valid_probe_frames": 63,
        "low_probe_frames": 3,
        "low_probes_gt_center_inside": 0,
        "low_probes_semantic_top10_correct": 0,
        "low_probes_semantic_dense_correct": 0,
        "low_probes_unadapted_top1_correct": 0,
        "good_probes_unadapted_top1_severe": 0,
        "scheduled_write_flips_same_peak": 0,
        "actual_template_writes": 7
      },
      "null": {
        "statistics": {
          "valid_frames": 570,
          "iou_sum": 504.19909848817554,
          "mean_iou": 0.8845598219090799,
          "low_iou_frames": 36,
          "failure_episodes": 1,
          "invalid_gt_frames": 104
        },
        "H10_intervals": [
          [
            657,
            675
          ]
        ],
        "probe_frames": 86,
        "valid_probe_frames": 63,
        "low_probe_frames": 19,
        "low_probes_gt_center_inside": 0,
        "low_probes_semantic_top10_correct": 0,
        "low_probes_semantic_dense_correct": 0,
        "low_probes_unadapted_top1_correct": 0,
        "good_probes_unadapted_top1_severe": 0,
        "scheduled_write_flips_same_peak": 0,
        "actual_template_writes": 7
      }
    },
    "cup13_indoor": {
      "control": {
        "statistics": {
          "valid_frames": 1658,
          "iou_sum": 1333.3361013392418,
          "mean_iou": 0.8041834145592532,
          "low_iou_frames": 55,
          "failure_episodes": 2,
          "invalid_gt_frames": 103
        },
        "H10_intervals": [
          [
            726,
            762
          ],
          [
            1748,
            1762
          ]
        ],
        "probe_frames": 221,
        "valid_probe_frames": 192,
        "low_probe_frames": 2,
        "low_probes_gt_center_inside": 0,
        "low_probes_semantic_top10_correct": 0,
        "low_probes_semantic_dense_correct": 0,
        "low_probes_unadapted_top1_correct": 0,
        "good_probes_unadapted_top1_severe": 1,
        "scheduled_write_flips_same_peak": 0,
        "actual_template_writes": 4
      },
      "null": {
        "statistics": {
          "valid_frames": 1658,
          "iou_sum": 1228.7554960546588,
          "mean_iou": 0.7411070543152345,
          "low_iou_frames": 183,
          "failure_episodes": 4,
          "invalid_gt_frames": 103
        },
        "H10_intervals": [
          [
            726,
            768
          ],
          [
            791,
            818
          ],
          [
            1031,
            1125
          ],
          [
            1748,
            1762
          ]
        ],
        "probe_frames": 221,
        "valid_probe_frames": 192,
        "low_probe_frames": 97,
        "low_probes_gt_center_inside": 0,
        "low_probes_semantic_top10_correct": 0,
        "low_probes_semantic_dense_correct": 0,
        "low_probes_unadapted_top1_correct": 0,
        "good_probes_unadapted_top1_severe": 0,
        "scheduled_write_flips_same_peak": 5,
        "actual_template_writes": 1
      }
    },
    "cup10_indoor": {
      "control": {
        "statistics": {
          "valid_frames": 2147,
          "iou_sum": 1909.1583475359018,
          "mean_iou": 0.8892214008085244,
          "low_iou_frames": 34,
          "failure_episodes": 1,
          "invalid_gt_frames": 48
        },
        "H10_intervals": [
          [
            2069,
            2090
          ]
        ],
        "probe_frames": 333,
        "valid_probe_frames": 293,
        "low_probe_frames": 28,
        "low_probes_gt_center_inside": 22,
        "low_probes_semantic_top10_correct": 6,
        "low_probes_semantic_dense_correct": 17,
        "low_probes_unadapted_top1_correct": 0,
        "good_probes_unadapted_top1_severe": 0,
        "scheduled_write_flips_same_peak": 8,
        "actual_template_writes": 28
      },
      "null": {
        "statistics": {
          "valid_frames": 2147,
          "iou_sum": 1835.836805664609,
          "mean_iou": 0.8550707059453233,
          "low_iou_frames": 86,
          "failure_episodes": 2,
          "invalid_gt_frames": 48
        },
        "H10_intervals": [
          [
            1818,
            1873
          ],
          [
            2127,
            2153
          ]
        ],
        "probe_frames": 333,
        "valid_probe_frames": 293,
        "low_probe_frames": 82,
        "low_probes_gt_center_inside": 53,
        "low_probes_semantic_top10_correct": 34,
        "low_probes_semantic_dense_correct": 40,
        "low_probes_unadapted_top1_correct": 1,
        "good_probes_unadapted_top1_severe": 4,
        "scheduled_write_flips_same_peak": 10,
        "actual_template_writes": 26
      }
    },
    "mobilephone01_indoor": {
      "control": {
        "statistics": {
          "valid_frames": 1217,
          "iou_sum": 685.2935791449355,
          "mean_iou": 0.5631007223869643,
          "low_iou_frames": 435,
          "failure_episodes": 6,
          "invalid_gt_frames": 200
        },
        "H10_intervals": [
          [
            787,
            854
          ],
          [
            885,
            938
          ],
          [
            940,
            950
          ],
          [
            967,
            1006
          ],
          [
            1033,
            1097
          ],
          [
            1122,
            1321
          ]
        ],
        "probe_frames": 309,
        "valid_probe_frames": 215,
        "low_probe_frames": 135,
        "low_probes_gt_center_inside": 0,
        "low_probes_semantic_top10_correct": 0,
        "low_probes_semantic_dense_correct": 2,
        "low_probes_unadapted_top1_correct": 0,
        "good_probes_unadapted_top1_severe": 0,
        "scheduled_write_flips_same_peak": 2,
        "actual_template_writes": 8
      },
      "null": {
        "statistics": {
          "valid_frames": 1217,
          "iou_sum": 901.2028778371132,
          "mean_iou": 0.7405118141636099,
          "low_iou_frames": 193,
          "failure_episodes": 7,
          "invalid_gt_frames": 200
        },
        "H10_intervals": [
          [
            885,
            938
          ],
          [
            940,
            950
          ],
          [
            967,
            1006
          ],
          [
            1033,
            1050
          ],
          [
            1122,
            1140
          ],
          [
            1367,
            1381
          ],
          [
            1384,
            1418
          ]
        ],
        "probe_frames": 309,
        "valid_probe_frames": 215,
        "low_probe_frames": 158,
        "low_probes_gt_center_inside": 1,
        "low_probes_semantic_top10_correct": 0,
        "low_probes_semantic_dense_correct": 0,
        "low_probes_unadapted_top1_correct": 0,
        "good_probes_unadapted_top1_severe": 0,
        "scheduled_write_flips_same_peak": 3,
        "actual_template_writes": 7
      }
    },
    "ball07_indoor": {
      "control": {
        "statistics": {
          "valid_frames": 2179,
          "iou_sum": 1704.9924909096515,
          "mean_iou": 0.7824655763697345,
          "low_iou_frames": 323,
          "failure_episodes": 7,
          "invalid_gt_frames": 339
        },
        "H10_intervals": [
          [
            487,
            505
          ],
          [
            524,
            540
          ],
          [
            826,
            841
          ],
          [
            1350,
            1379
          ],
          [
            1390,
            1420
          ],
          [
            1431,
            1502
          ],
          [
            2407,
            2519
          ]
        ],
        "probe_frames": 226,
        "valid_probe_frames": 190,
        "low_probe_frames": 105,
        "low_probes_gt_center_inside": 5,
        "low_probes_semantic_top10_correct": 2,
        "low_probes_semantic_dense_correct": 4,
        "low_probes_unadapted_top1_correct": 1,
        "good_probes_unadapted_top1_severe": 0,
        "scheduled_write_flips_same_peak": 1,
        "actual_template_writes": 26
      },
      "null": {
        "statistics": {
          "valid_frames": 2179,
          "iou_sum": 1098.284339798325,
          "mean_iou": 0.5040313629180013,
          "low_iou_frames": 975,
          "failure_episodes": 7,
          "invalid_gt_frames": 339
        },
        "H10_intervals": [
          [
            487,
            505
          ],
          [
            524,
            540
          ],
          [
            826,
            841
          ],
          [
            1390,
            1412
          ],
          [
            1513,
            2278
          ],
          [
            2361,
            2371
          ],
          [
            2407,
            2491
          ]
        ],
        "probe_frames": 226,
        "valid_probe_frames": 190,
        "low_probe_frames": 86,
        "low_probes_gt_center_inside": 1,
        "low_probes_semantic_top10_correct": 0,
        "low_probes_semantic_dense_correct": 2,
        "low_probes_unadapted_top1_correct": 0,
        "good_probes_unadapted_top1_severe": 0,
        "scheduled_write_flips_same_peak": 2,
        "actual_template_writes": 14
      }
    }
  },
  "onsets": [
    {
      "sequence": "glass03_indoor",
      "arm": "null",
      "start": 657,
      "end_exclusive": 675,
      "frames": 18,
      "probe": {
        "frame": 657,
        "valid_gt": true,
        "actual_score": 0.14975714683532715,
        "scheduled": false,
        "actual_write": false,
        "semantic_selected_index": 136,
        "unadapted_selected_index": 136,
        "peak_changed": false,
        "unadapted_same_semantic_peak_score": 0.315352201461792,
        "unadapted_own_peak_score": 0.315352201461792,
        "write_flip_same_selected_peak": false,
        "zero_slot_mass_at_semantic_peak": 0.003079453017562628,
        "zero_slot_mass_mean": 0.002446422043703933,
        "gt": [
          353.0,
          339.0,
          65.0,
          20.0
        ],
        "public_iou": 0.0,
        "search_centre_inside": false,
        "search_full_box_inside": false,
        "heads": {
          "actual_semantic": {
            "selected_iou": 0.0,
            "raw_selected_iou": 0.0,
            "dense_best_iou": 0.0,
            "top10_best_iou": 0.0,
            "first_correct_rank": null
          },
          "unadapted_head_same_current_features": {
            "selected_iou": 0.0,
            "raw_selected_iou": 0.0,
            "dense_best_iou": 0.0,
            "top10_best_iou": 0.0,
            "first_correct_rank": null
          }
        },
        "semantic_peak_native_regression_iou": 0.0,
        "native_peak_semantic_regression_iou": 0.0
      },
      "preceding_invalid_gt_frames": 21,
      "last_valid_frame_before": 635,
      "last_public_iou_before_gap": 0.8890742516580712,
      "last_template_write_frame": 600
    },
    {
      "sequence": "cup13_indoor",
      "arm": "null",
      "start": 1031,
      "end_exclusive": 1125,
      "frames": 94,
      "probe": {
        "frame": 1031,
        "valid_gt": true,
        "actual_score": 0.7211133241653442,
        "scheduled": false,
        "actual_write": false,
        "semantic_selected_index": 136,
        "unadapted_selected_index": 136,
        "peak_changed": false,
        "unadapted_same_semantic_peak_score": 0.8374442458152771,
        "unadapted_own_peak_score": 0.8374442458152771,
        "write_flip_same_selected_peak": false,
        "zero_slot_mass_at_semantic_peak": 0.0019434497226029634,
        "zero_slot_mass_mean": 0.00172471199039137,
        "gt": [
          271.0,
          238.0,
          11.0,
          19.0
        ],
        "public_iou": 0.0,
        "search_centre_inside": false,
        "search_full_box_inside": false,
        "heads": {
          "actual_semantic": {
            "selected_iou": 0.0,
            "raw_selected_iou": 0.0,
            "dense_best_iou": 0.0,
            "top10_best_iou": 0.0,
            "first_correct_rank": null
          },
          "unadapted_head_same_current_features": {
            "selected_iou": 0.0,
            "raw_selected_iou": 0.0,
            "dense_best_iou": 0.0,
            "top10_best_iou": 0.0,
            "first_correct_rank": null
          }
        },
        "semantic_peak_native_regression_iou": 0.0,
        "native_peak_semantic_regression_iou": 0.0
      },
      "preceding_invalid_gt_frames": 27,
      "last_valid_frame_before": 1003,
      "last_public_iou_before_gap": 0.70630640536992,
      "last_template_write_frame": 0
    },
    {
      "sequence": "cup10_indoor",
      "arm": "control",
      "start": 2069,
      "end_exclusive": 2090,
      "frames": 21,
      "probe": {
        "frame": 2069,
        "valid_gt": true,
        "actual_score": 0.39976784586906433,
        "scheduled": false,
        "actual_write": false,
        "semantic_selected_index": 87,
        "unadapted_selected_index": 87,
        "peak_changed": false,
        "unadapted_same_semantic_peak_score": 0.5074852705001831,
        "unadapted_own_peak_score": 0.5074852705001831,
        "write_flip_same_selected_peak": false,
        "zero_slot_mass_at_semantic_peak": 0.0024175476282835007,
        "zero_slot_mass_mean": 0.0019010525766134379,
        "gt": [
          120.0,
          106.0,
          53.0,
          62.0
        ],
        "public_iou": 0.002008671190197051,
        "search_centre_inside": true,
        "search_full_box_inside": true,
        "heads": {
          "actual_semantic": {
            "selected_iou": 0.002008671190197051,
            "raw_selected_iou": 0.002008671190197051,
            "dense_best_iou": 0.7958582349693027,
            "top10_best_iou": 0.722648985310636,
            "first_correct_rank": 2
          },
          "unadapted_head_same_current_features": {
            "selected_iou": 0.0,
            "raw_selected_iou": 0.0,
            "dense_best_iou": 0.9175827843064601,
            "top10_best_iou": 0.7822643190042186,
            "first_correct_rank": 2
          }
        },
        "semantic_peak_native_regression_iou": 0.0,
        "native_peak_semantic_regression_iou": 0.002008671190197051,
        "zero_slot_mass_at_gt_centre_cell": 0.0018312758766114712,
        "adjacent_gt_motion_scale": 0.1624591083221647,
        "adjacent_gt_linear_scale_factor": 0.9816498172140428
      },
      "preceding_invalid_gt_frames": 0,
      "last_valid_frame_before": 2068,
      "last_public_iou_before_gap": 0.8493860719522752,
      "last_template_write_frame": 1950
    },
    {
      "sequence": "cup10_indoor",
      "arm": "null",
      "start": 1818,
      "end_exclusive": 1873,
      "frames": 55,
      "probe": {
        "frame": 1818,
        "valid_gt": true,
        "actual_score": 0.6680527329444885,
        "scheduled": false,
        "actual_write": false,
        "semantic_selected_index": 136,
        "unadapted_selected_index": 136,
        "peak_changed": false,
        "unadapted_same_semantic_peak_score": 0.8708282113075256,
        "unadapted_own_peak_score": 0.8708282113075256,
        "write_flip_same_selected_peak": false,
        "zero_slot_mass_at_semantic_peak": 0.002353136660531163,
        "zero_slot_mass_mean": 0.0012858538736963965,
        "gt": [
          0.0,
          187.0,
          27.0,
          74.0
        ],
        "public_iou": 0.0,
        "search_centre_inside": false,
        "search_full_box_inside": false,
        "heads": {
          "actual_semantic": {
            "selected_iou": 0.0,
            "raw_selected_iou": 0.0,
            "dense_best_iou": 0.0720539441723382,
            "top10_best_iou": 0.0,
            "first_correct_rank": null
          },
          "unadapted_head_same_current_features": {
            "selected_iou": 0.0,
            "raw_selected_iou": 0.0,
            "dense_best_iou": 0.05439765990397092,
            "top10_best_iou": 0.0,
            "first_correct_rank": null
          }
        },
        "semantic_peak_native_regression_iou": 0.0,
        "native_peak_semantic_regression_iou": 0.0
      },
      "preceding_invalid_gt_frames": 40,
      "last_valid_frame_before": 1777,
      "last_public_iou_before_gap": 0.8687248372027984,
      "last_template_write_frame": 1750
    },
    {
      "sequence": "cup10_indoor",
      "arm": "null",
      "start": 2127,
      "end_exclusive": 2153,
      "frames": 26,
      "probe": {
        "frame": 2127,
        "valid_gt": true,
        "actual_score": 0.40842074155807495,
        "scheduled": false,
        "actual_write": false,
        "semantic_selected_index": 88,
        "unadapted_selected_index": 88,
        "peak_changed": false,
        "unadapted_same_semantic_peak_score": 0.5290338397026062,
        "unadapted_own_peak_score": 0.5290338397026062,
        "write_flip_same_selected_peak": false,
        "zero_slot_mass_at_semantic_peak": 0.001576450769789517,
        "zero_slot_mass_mean": 0.0014493092135126062,
        "gt": [
          88.0,
          183.0,
          45.0,
          47.0
        ],
        "public_iou": 0.04115630258198218,
        "search_centre_inside": true,
        "search_full_box_inside": true,
        "heads": {
          "actual_semantic": {
            "selected_iou": 0.04115630258198218,
            "raw_selected_iou": 0.04115630258198218,
            "dense_best_iou": 0.9161304940657216,
            "top10_best_iou": 0.7882558807501013,
            "first_correct_rank": 2
          },
          "unadapted_head_same_current_features": {
            "selected_iou": 0.04543446952544393,
            "raw_selected_iou": 0.04543446952544393,
            "dense_best_iou": 0.8847449116236314,
            "top10_best_iou": 0.7656742740363561,
            "first_correct_rank": 2
          }
        },
        "semantic_peak_native_regression_iou": 0.04543446952544393,
        "native_peak_semantic_regression_iou": 0.04115630258198218,
        "zero_slot_mass_at_gt_centre_cell": 0.0019892698619514704,
        "adjacent_gt_motion_scale": 0.05435573065046089,
        "adjacent_gt_linear_scale_factor": 0.9804915279407754
      },
      "preceding_invalid_gt_frames": 0,
      "last_valid_frame_before": 2126,
      "last_public_iou_before_gap": 0.8611132208118379,
      "last_template_write_frame": 2050
    },
    {
      "sequence": "mobilephone01_indoor",
      "arm": "control",
      "start": 885,
      "end_exclusive": 938,
      "frames": 53,
      "probe": {
        "frame": 885,
        "valid_gt": true,
        "actual_score": 0.49281108379364014,
        "scheduled": false,
        "actual_write": false,
        "semantic_selected_index": 137,
        "unadapted_selected_index": 137,
        "peak_changed": false,
        "unadapted_same_semantic_peak_score": 0.5094583034515381,
        "unadapted_own_peak_score": 0.5094583034515381,
        "write_flip_same_selected_peak": false,
        "zero_slot_mass_at_semantic_peak": 0.0009035569964908063,
        "zero_slot_mass_mean": 0.0008448459441297018,
        "gt": [
          472.0,
          272.0,
          26.0,
          30.0
        ],
        "public_iou": 0.0,
        "search_centre_inside": false,
        "search_full_box_inside": false,
        "heads": {
          "actual_semantic": {
            "selected_iou": 0.0,
            "raw_selected_iou": 0.0,
            "dense_best_iou": 0.0,
            "top10_best_iou": 0.0,
            "first_correct_rank": null
          },
          "unadapted_head_same_current_features": {
            "selected_iou": 0.0,
            "raw_selected_iou": 0.0,
            "dense_best_iou": 0.0014560740838056572,
            "top10_best_iou": 0.0,
            "first_correct_rank": null
          }
        },
        "semantic_peak_native_regression_iou": 0.0,
        "native_peak_semantic_regression_iou": 0.0
      },
      "preceding_invalid_gt_frames": 31,
      "last_valid_frame_before": 853,
      "last_public_iou_before_gap": 0.0,
      "last_template_write_frame": 450
    },
    {
      "sequence": "mobilephone01_indoor",
      "arm": "control",
      "start": 940,
      "end_exclusive": 950,
      "frames": 10,
      "probe": {
        "frame": 940,
        "valid_gt": true,
        "actual_score": 0.5139751434326172,
        "scheduled": false,
        "actual_write": false,
        "semantic_selected_index": 153,
        "unadapted_selected_index": 153,
        "peak_changed": false,
        "unadapted_same_semantic_peak_score": 0.5539790391921997,
        "unadapted_own_peak_score": 0.5539790391921997,
        "write_flip_same_selected_peak": false,
        "zero_slot_mass_at_semantic_peak": 0.000979913747869432,
        "zero_slot_mass_mean": 0.0008919479500946181,
        "gt": [
          470.0,
          285.0,
          40.0,
          74.0
        ],
        "public_iou": 0.0,
        "search_centre_inside": false,
        "search_full_box_inside": false,
        "heads": {
          "actual_semantic": {
            "selected_iou": 0.0,
            "raw_selected_iou": 0.0,
            "dense_best_iou": 0.0,
            "top10_best_iou": 0.0,
            "first_correct_rank": null
          },
          "unadapted_head_same_current_features": {
            "selected_iou": 0.0,
            "raw_selected_iou": 0.0,
            "dense_best_iou": 0.027861018990543506,
            "top10_best_iou": 0.0,
            "first_correct_rank": null
          }
        },
        "semantic_peak_native_regression_iou": 0.0,
        "native_peak_semantic_regression_iou": 0.0
      },
      "preceding_invalid_gt_frames": 2,
      "last_valid_frame_before": 937,
      "last_public_iou_before_gap": 0.0,
      "last_template_write_frame": 450
    },
    {
      "sequence": "mobilephone01_indoor",
      "arm": "control",
      "start": 967,
      "end_exclusive": 1006,
      "frames": 39,
      "probe": {
        "frame": 967,
        "valid_gt": true,
        "actual_score": 0.5241139531135559,
        "scheduled": false,
        "actual_write": false,
        "semantic_selected_index": 152,
        "unadapted_selected_index": 152,
        "peak_changed": false,
        "unadapted_same_semantic_peak_score": 0.5280925035476685,
        "unadapted_own_peak_score": 0.5280925035476685,
        "write_flip_same_selected_peak": false,
        "zero_slot_mass_at_semantic_peak": 0.0010568934958428144,
        "zero_slot_mass_mean": 0.0008809557552922342,
        "gt": [
          264.0,
          231.0,
          39.0,
          27.0
        ],
        "public_iou": 0.0,
        "search_centre_inside": false,
        "search_full_box_inside": false,
        "heads": {
          "actual_semantic": {
            "selected_iou": 0.0,
            "raw_selected_iou": 0.0,
            "dense_best_iou": 0.0,
            "top10_best_iou": 0.0,
            "first_correct_rank": null
          },
          "unadapted_head_same_current_features": {
            "selected_iou": 0.0,
            "raw_selected_iou": 0.0,
            "dense_best_iou": 0.0,
            "top10_best_iou": 0.0,
            "first_correct_rank": null
          }
        },
        "semantic_peak_native_regression_iou": 0.0,
        "native_peak_semantic_regression_iou": 0.0
      },
      "preceding_invalid_gt_frames": 17,
      "last_valid_frame_before": 949,
      "last_public_iou_before_gap": 0.0,
      "last_template_write_frame": 450
    },
    {
      "sequence": "mobilephone01_indoor",
      "arm": "null",
      "start": 885,
      "end_exclusive": 938,
      "frames": 53,
      "probe": {
        "frame": 885,
        "valid_gt": true,
        "actual_score": 0.5348747372627258,
        "scheduled": false,
        "actual_write": false,
        "semantic_selected_index": 136,
        "unadapted_selected_index": 136,
        "peak_changed": false,
        "unadapted_same_semantic_peak_score": 0.6592800617218018,
        "unadapted_own_peak_score": 0.6592800617218018,
        "write_flip_same_selected_peak": false,
        "zero_slot_mass_at_semantic_peak": 0.0016422122716903687,
        "zero_slot_mass_mean": 0.001371275870496902,
        "gt": [
          472.0,
          272.0,
          26.0,
          30.0
        ],
        "public_iou": 0.0,
        "search_centre_inside": false,
        "search_full_box_inside": false,
        "heads": {
          "actual_semantic": {
            "selected_iou": 0.0,
            "raw_selected_iou": 0.0,
            "dense_best_iou": 0.0,
            "top10_best_iou": 0.0,
            "first_correct_rank": null
          },
          "unadapted_head_same_current_features": {
            "selected_iou": 0.0,
            "raw_selected_iou": 0.0,
            "dense_best_iou": 0.0,
            "top10_best_iou": 0.0,
            "first_correct_rank": null
          }
        },
        "semantic_peak_native_regression_iou": 0.0,
        "native_peak_semantic_regression_iou": 0.0
      },
      "preceding_invalid_gt_frames": 31,
      "last_valid_frame_before": 853,
      "last_public_iou_before_gap": 0.7376742714995558,
      "last_template_write_frame": 450
    },
    {
      "sequence": "mobilephone01_indoor",
      "arm": "null",
      "start": 940,
      "end_exclusive": 950,
      "frames": 10,
      "probe": {
        "frame": 940,
        "valid_gt": true,
        "actual_score": 0.5957046747207642,
        "scheduled": false,
        "actual_write": false,
        "semantic_selected_index": 136,
        "unadapted_selected_index": 136,
        "peak_changed": false,
        "unadapted_same_semantic_peak_score": 0.7809382081031799,
        "unadapted_own_peak_score": 0.7809382081031799,
        "write_flip_same_selected_peak": false,
        "zero_slot_mass_at_semantic_peak": 0.0016625284915789962,
        "zero_slot_mass_mean": 0.0013493328629010648,
        "gt": [
          470.0,
          285.0,
          40.0,
          74.0
        ],
        "public_iou": 0.0,
        "search_centre_inside": false,
        "search_full_box_inside": false,
        "heads": {
          "actual_semantic": {
            "selected_iou": 0.0,
            "raw_selected_iou": 0.0,
            "dense_best_iou": 0.0,
            "top10_best_iou": 0.0,
            "first_correct_rank": null
          },
          "unadapted_head_same_current_features": {
            "selected_iou": 0.0,
            "raw_selected_iou": 0.0,
            "dense_best_iou": 0.0,
            "top10_best_iou": 0.0,
            "first_correct_rank": null
          }
        },
        "semantic_peak_native_regression_iou": 0.0,
        "native_peak_semantic_regression_iou": 0.0
      },
      "preceding_invalid_gt_frames": 2,
      "last_valid_frame_before": 937,
      "last_public_iou_before_gap": 0.0,
      "last_template_write_frame": 450
    },
    {
      "sequence": "mobilephone01_indoor",
      "arm": "null",
      "start": 967,
      "end_exclusive": 1006,
      "frames": 39,
      "probe": {
        "frame": 967,
        "valid_gt": true,
        "actual_score": 0.43977758288383484,
        "scheduled": false,
        "actual_write": false,
        "semantic_selected_index": 136,
        "unadapted_selected_index": 136,
        "peak_changed": false,
        "unadapted_same_semantic_peak_score": 0.5968764424324036,
        "unadapted_own_peak_score": 0.5968764424324036,
        "write_flip_same_selected_peak": false,
        "zero_slot_mass_at_semantic_peak": 0.0016600937815383077,
        "zero_slot_mass_mean": 0.0013733469554608746,
        "gt": [
          264.0,
          231.0,
          39.0,
          27.0
        ],
        "public_iou": 0.0,
        "search_centre_inside": false,
        "search_full_box_inside": false,
        "heads": {
          "actual_semantic": {
            "selected_iou": 0.0,
            "raw_selected_iou": 0.0,
            "dense_best_iou": 0.0,
            "top10_best_iou": 0.0,
            "first_correct_rank": null
          },
          "unadapted_head_same_current_features": {
            "selected_iou": 0.0,
            "raw_selected_iou": 0.0,
            "dense_best_iou": 0.0,
            "top10_best_iou": 0.0,
            "first_correct_rank": null
          }
        },
        "semantic_peak_native_regression_iou": 0.0,
        "native_peak_semantic_regression_iou": 0.0
      },
      "preceding_invalid_gt_frames": 17,
      "last_valid_frame_before": 949,
      "last_public_iou_before_gap": 0.0,
      "last_template_write_frame": 450
    },
    {
      "sequence": "mobilephone01_indoor",
      "arm": "null",
      "start": 1367,
      "end_exclusive": 1381,
      "frames": 14,
      "probe": {
        "frame": 1367,
        "valid_gt": true,
        "actual_score": 0.1992153823375702,
        "scheduled": false,
        "actual_write": false,
        "semantic_selected_index": 136,
        "unadapted_selected_index": 137,
        "peak_changed": true,
        "unadapted_same_semantic_peak_score": 0.3754987120628357,
        "unadapted_own_peak_score": 0.4071916341781616,
        "write_flip_same_selected_peak": false,
        "zero_slot_mass_at_semantic_peak": 0.0014908354496583343,
        "zero_slot_mass_mean": 0.00139520544644256,
        "gt": [
          195.0,
          333.0,
          40.0,
          26.0
        ],
        "public_iou": 0.0,
        "search_centre_inside": false,
        "search_full_box_inside": false,
        "heads": {
          "actual_semantic": {
            "selected_iou": 0.0,
            "raw_selected_iou": 0.0,
            "dense_best_iou": 0.0,
            "top10_best_iou": 0.0,
            "first_correct_rank": null
          },
          "unadapted_head_same_current_features": {
            "selected_iou": 0.0,
            "raw_selected_iou": 0.0,
            "dense_best_iou": 0.0,
            "top10_best_iou": 0.0,
            "first_correct_rank": null
          }
        },
        "semantic_peak_native_regression_iou": 0.0,
        "native_peak_semantic_regression_iou": 0.0
      },
      "preceding_invalid_gt_frames": 6,
      "last_valid_frame_before": 1360,
      "last_public_iou_before_gap": 0.7936082239893572,
      "last_template_write_frame": 1250
    },
    {
      "sequence": "mobilephone01_indoor",
      "arm": "null",
      "start": 1384,
      "end_exclusive": 1418,
      "frames": 34,
      "probe": {
        "frame": 1384,
        "valid_gt": true,
        "actual_score": 0.19230979681015015,
        "scheduled": false,
        "actual_write": false,
        "semantic_selected_index": 136,
        "unadapted_selected_index": 136,
        "peak_changed": false,
        "unadapted_same_semantic_peak_score": 0.4194170832633972,
        "unadapted_own_peak_score": 0.4194170832633972,
        "write_flip_same_selected_peak": false,
        "zero_slot_mass_at_semantic_peak": 0.001574086956679821,
        "zero_slot_mass_mean": 0.0014028092291482608,
        "gt": [
          97.0,
          105.0,
          97.0,
          57.0
        ],
        "public_iou": 0.0,
        "search_centre_inside": false,
        "search_full_box_inside": false,
        "heads": {
          "actual_semantic": {
            "selected_iou": 0.0,
            "raw_selected_iou": 0.0,
            "dense_best_iou": 0.0,
            "top10_best_iou": 0.0,
            "first_correct_rank": null
          },
          "unadapted_head_same_current_features": {
            "selected_iou": 0.0,
            "raw_selected_iou": 0.0,
            "dense_best_iou": 0.0,
            "top10_best_iou": 0.0,
            "first_correct_rank": null
          }
        },
        "semantic_peak_native_regression_iou": 0.0,
        "native_peak_semantic_regression_iou": 0.0
      },
      "preceding_invalid_gt_frames": 3,
      "last_valid_frame_before": 1380,
      "last_public_iou_before_gap": 0.0,
      "last_template_write_frame": 1250
    },
    {
      "sequence": "ball07_indoor",
      "arm": "control",
      "start": 1350,
      "end_exclusive": 1379,
      "frames": 29,
      "probe": {
        "frame": 1350,
        "valid_gt": true,
        "actual_score": 0.2773512899875641,
        "scheduled": true,
        "actual_write": false,
        "semantic_selected_index": 120,
        "unadapted_selected_index": 120,
        "peak_changed": false,
        "unadapted_same_semantic_peak_score": 0.45245641469955444,
        "unadapted_own_peak_score": 0.45245641469955444,
        "write_flip_same_selected_peak": false,
        "zero_slot_mass_at_semantic_peak": 0.0005700721521861851,
        "zero_slot_mass_mean": 0.0006170755632410874,
        "gt": [
          152.0,
          200.0,
          10.0,
          38.0
        ],
        "public_iou": 0.0,
        "search_centre_inside": false,
        "search_full_box_inside": false,
        "heads": {
          "actual_semantic": {
            "selected_iou": 0.0,
            "raw_selected_iou": 0.0,
            "dense_best_iou": 0.06820974962291977,
            "top10_best_iou": 0.0,
            "first_correct_rank": null
          },
          "unadapted_head_same_current_features": {
            "selected_iou": 0.0,
            "raw_selected_iou": 0.0,
            "dense_best_iou": 0.0426543067377737,
            "top10_best_iou": 0.0,
            "first_correct_rank": null
          }
        },
        "semantic_peak_native_regression_iou": 0.0,
        "native_peak_semantic_regression_iou": 0.0
      },
      "preceding_invalid_gt_frames": 7,
      "last_valid_frame_before": 1342,
      "last_public_iou_before_gap": 0.7229503670114841,
      "last_template_write_frame": 1300
    },
    {
      "sequence": "ball07_indoor",
      "arm": "control",
      "start": 1390,
      "end_exclusive": 1420,
      "frames": 30,
      "probe": {
        "frame": 1390,
        "valid_gt": true,
        "actual_score": 0.39038437604904175,
        "scheduled": false,
        "actual_write": false,
        "semantic_selected_index": 136,
        "unadapted_selected_index": 136,
        "peak_changed": false,
        "unadapted_same_semantic_peak_score": 0.5229215621948242,
        "unadapted_own_peak_score": 0.5229215621948242,
        "write_flip_same_selected_peak": false,
        "zero_slot_mass_at_semantic_peak": 0.0006256935303099453,
        "zero_slot_mass_mean": 0.0006257748798361717,
        "gt": [
          150.0,
          193.0,
          15.0,
          36.0
        ],
        "public_iou": 0.0,
        "search_centre_inside": false,
        "search_full_box_inside": false,
        "heads": {
          "actual_semantic": {
            "selected_iou": 0.0,
            "raw_selected_iou": 0.0,
            "dense_best_iou": 0.03228309121793734,
            "top10_best_iou": 0.0,
            "first_correct_rank": null
          },
          "unadapted_head_same_current_features": {
            "selected_iou": 0.0,
            "raw_selected_iou": 0.0,
            "dense_best_iou": 0.03392599251099845,
            "top10_best_iou": 0.0,
            "first_correct_rank": null
          }
        },
        "semantic_peak_native_regression_iou": 0.0,
        "native_peak_semantic_regression_iou": 0.0
      },
      "preceding_invalid_gt_frames": 8,
      "last_valid_frame_before": 1381,
      "last_public_iou_before_gap": 0.8796786157965806,
      "last_template_write_frame": 1300
    },
    {
      "sequence": "ball07_indoor",
      "arm": "control",
      "start": 1431,
      "end_exclusive": 1502,
      "frames": 71,
      "probe": {
        "frame": 1431,
        "valid_gt": true,
        "actual_score": 0.43145862221717834,
        "scheduled": false,
        "actual_write": false,
        "semantic_selected_index": 136,
        "unadapted_selected_index": 136,
        "peak_changed": false,
        "unadapted_same_semantic_peak_score": 0.5280195474624634,
        "unadapted_own_peak_score": 0.5280195474624634,
        "write_flip_same_selected_peak": false,
        "zero_slot_mass_at_semantic_peak": 0.0006224510143510997,
        "zero_slot_mass_mean": 0.0006288228382800298,
        "gt": [
          145.0,
          206.0,
          20.0,
          46.0
        ],
        "public_iou": 0.0,
        "search_centre_inside": false,
        "search_full_box_inside": false,
        "heads": {
          "actual_semantic": {
            "selected_iou": 0.0,
            "raw_selected_iou": 0.0,
            "dense_best_iou": 0.32580101133962436,
            "top10_best_iou": 0.0,
            "first_correct_rank": null
          },
          "unadapted_head_same_current_features": {
            "selected_iou": 0.0,
            "raw_selected_iou": 0.0,
            "dense_best_iou": 0.32146133992709075,
            "top10_best_iou": 0.0,
            "first_correct_rank": null
          }
        },
        "semantic_peak_native_regression_iou": 0.0,
        "native_peak_semantic_regression_iou": 0.0
      },
      "preceding_invalid_gt_frames": 11,
      "last_valid_frame_before": 1419,
      "last_public_iou_before_gap": 0.0,
      "last_template_write_frame": 1300
    },
    {
      "sequence": "ball07_indoor",
      "arm": "null",
      "start": 1390,
      "end_exclusive": 1412,
      "frames": 22,
      "probe": {
        "frame": 1390,
        "valid_gt": true,
        "actual_score": 0.41853222250938416,
        "scheduled": false,
        "actual_write": false,
        "semantic_selected_index": 136,
        "unadapted_selected_index": 136,
        "peak_changed": false,
        "unadapted_same_semantic_peak_score": 0.6053813099861145,
        "unadapted_own_peak_score": 0.6053813099861145,
        "write_flip_same_selected_peak": false,
        "zero_slot_mass_at_semantic_peak": 0.002566811628639698,
        "zero_slot_mass_mean": 0.0024816299205667747,
        "gt": [
          150.0,
          193.0,
          15.0,
          36.0
        ],
        "public_iou": 0.0,
        "search_centre_inside": false,
        "search_full_box_inside": false,
        "heads": {
          "actual_semantic": {
            "selected_iou": 0.0,
            "raw_selected_iou": 0.0,
            "dense_best_iou": 0.036663633871328385,
            "top10_best_iou": 0.0,
            "first_correct_rank": null
          },
          "unadapted_head_same_current_features": {
            "selected_iou": 0.0,
            "raw_selected_iou": 0.0,
            "dense_best_iou": 0.036362726283832185,
            "top10_best_iou": 0.0,
            "first_correct_rank": null
          }
        },
        "semantic_peak_native_regression_iou": 0.0,
        "native_peak_semantic_regression_iou": 0.0
      },
      "preceding_invalid_gt_frames": 8,
      "last_valid_frame_before": 1381,
      "last_public_iou_before_gap": 0.8871849879866128,
      "last_template_write_frame": 1300
    },
    {
      "sequence": "ball07_indoor",
      "arm": "null",
      "start": 1513,
      "end_exclusive": 2278,
      "frames": 765,
      "probe": {
        "frame": 1513,
        "valid_gt": true,
        "actual_score": 0.25888577103614807,
        "scheduled": false,
        "actual_write": false,
        "semantic_selected_index": 136,
        "unadapted_selected_index": 136,
        "peak_changed": false,
        "unadapted_same_semantic_peak_score": 0.45452332496643066,
        "unadapted_own_peak_score": 0.45452332496643066,
        "write_flip_same_selected_peak": false,
        "zero_slot_mass_at_semantic_peak": 0.002251268597319722,
        "zero_slot_mass_mean": 0.0023973324664439133,
        "gt": [
          238.0,
          237.0,
          12.0,
          22.0
        ],
        "public_iou": 0.0,
        "search_centre_inside": false,
        "search_full_box_inside": false,
        "heads": {
          "actual_semantic": {
            "selected_iou": 0.0,
            "raw_selected_iou": 0.0,
            "dense_best_iou": 0.0,
            "top10_best_iou": 0.0,
            "first_correct_rank": null
          },
          "unadapted_head_same_current_features": {
            "selected_iou": 0.0,
            "raw_selected_iou": 0.0,
            "dense_best_iou": 0.0,
            "top10_best_iou": 0.0,
            "first_correct_rank": null
          }
        },
        "semantic_peak_native_regression_iou": 0.0,
        "native_peak_semantic_regression_iou": 0.0
      },
      "preceding_invalid_gt_frames": 10,
      "last_valid_frame_before": 1502,
      "last_public_iou_before_gap": 0.6937743353713216,
      "last_template_write_frame": 1450
    }
  ]
}
